

================================================================
== Vitis HLS Report for 'conv1_Loop_CHeight_proc20'
================================================================
* Date:           Tue Feb 27 23:59:29 2024

* Version:        2022.1 (Build 3526262 on Mon Apr 18 15:47:01 MDT 2022)
* Project:        123
* Solution:       solution1 (Vivado IP Flow Target)
* Product family: zynquplus
* Target device:  xczu7ev-ffvc1156-2-e


================================================================
== Performance Estimates
================================================================
+ Timing: 
    * Summary: 
    +--------+----------+----------+------------+
    |  Clock |  Target  | Estimated| Uncertainty|
    +--------+----------+----------+------------+
    |ap_clk  |  10.00 ns|  6.931 ns|     2.70 ns|
    +--------+----------+----------+------------+

+ Latency: 
    * Summary: 
    +---------+---------+----------+----------+-------+-------+---------+
    |  Latency (cycles) |  Latency (absolute) |    Interval   | Pipeline|
    |   min   |   max   |    min   |    max   |  min  |  max  |   Type  |
    +---------+---------+----------+----------+-------+-------+---------+
    |    14403|    14403|  0.144 ms|  0.144 ms|  14403|  14403|       no|
    +---------+---------+----------+----------+-------+-------+---------+

    + Detail: 
        * Instance: 
        N/A

        * Loop: 
        +------------------+---------+---------+----------+-----------+-----------+------+----------+
        |                  |  Latency (cycles) | Iteration|  Initiation Interval  | Trip |          |
        |     Loop Name    |   min   |   max   |  Latency |  achieved |   target  | Count| Pipelined|
        +------------------+---------+---------+----------+-----------+-----------+------+----------+
        |- CHeight_CWidth  |    14401|    14401|        18|         16|          1|   900|       yes|
        +------------------+---------+---------+----------+-----------+-----------+------+----------+



================================================================
== Utilization Estimates
================================================================
* Summary: 
+-----------------+---------+------+--------+--------+-----+
|       Name      | BRAM_18K|  DSP |   FF   |   LUT  | URAM|
+-----------------+---------+------+--------+--------+-----+
|DSP              |        -|     -|       -|       -|    -|
|Expression       |        -|     -|       0|   10688|    -|
|FIFO             |        -|     -|       -|       -|    -|
|Instance         |        -|   290|       0|    3170|    -|
|Memory           |        -|     -|       -|       -|    -|
|Multiplexer      |        -|     -|       -|     288|    -|
|Register         |        -|     -|    9638|       -|    -|
+-----------------+---------+------+--------+--------+-----+
|Total            |        0|   290|    9638|   14146|    0|
+-----------------+---------+------+--------+--------+-----+
|Available        |      624|  1728|  460800|  230400|   96|
+-----------------+---------+------+--------+--------+-----+
|Utilization (%)  |        0|    16|       2|       6|    0|
+-----------------+---------+------+--------+--------+-----+

+ Detail: 
    * Instance: 
    +--------------------------+---------------------+---------+----+---+-----+-----+
    |         Instance         |        Module       | BRAM_18K| DSP| FF| LUT | URAM|
    +--------------------------+---------------------+---------+----+---+-----+-----+
    |mul_32s_16s_48_1_1_U119   |mul_32s_16s_48_1_1   |        0|   2|  0|   20|    0|
    |mul_32s_17ns_49_1_1_U150  |mul_32s_17ns_49_1_1  |        0|   2|  0|   20|    0|
    |mul_32s_19ns_51_1_1_U22   |mul_32s_19ns_51_1_1  |        0|   2|  0|   20|    0|
    |mul_32s_19s_51_1_1_U60    |mul_32s_19s_51_1_1   |        0|   2|  0|   20|    0|
    |mul_32s_19s_51_1_1_U63    |mul_32s_19s_51_1_1   |        0|   2|  0|   20|    0|
    |mul_32s_19s_51_1_1_U92    |mul_32s_19s_51_1_1   |        0|   2|  0|   20|    0|
    |mul_32s_20ns_51_1_1_U68   |mul_32s_20ns_51_1_1  |        0|   2|  0|   20|    0|
    |mul_32s_20ns_51_1_1_U88   |mul_32s_20ns_51_1_1  |        0|   2|  0|   20|    0|
    |mul_32s_20s_51_1_1_U82    |mul_32s_20s_51_1_1   |        0|   2|  0|   20|    0|
    |mul_32s_20s_51_1_1_U116   |mul_32s_20s_51_1_1   |        0|   2|  0|   20|    0|
    |mul_32s_20s_51_1_1_U120   |mul_32s_20s_51_1_1   |        0|   2|  0|   20|    0|
    |mul_32s_20s_51_1_1_U126   |mul_32s_20s_51_1_1   |        0|   2|  0|   20|    0|
    |mul_32s_21ns_52_1_1_U48   |mul_32s_21ns_52_1_1  |        0|   2|  0|   20|    0|
    |mul_32s_21ns_52_1_1_U87   |mul_32s_21ns_52_1_1  |        0|   2|  0|   20|    0|
    |mul_32s_21s_52_1_1_U57    |mul_32s_21s_52_1_1   |        0|   2|  0|   20|    0|
    |mul_32s_21s_52_1_1_U67    |mul_32s_21s_52_1_1   |        0|   2|  0|   20|    0|
    |mul_32s_21s_52_1_1_U95    |mul_32s_21s_52_1_1   |        0|   2|  0|   20|    0|
    |mul_32s_21s_52_1_1_U98    |mul_32s_21s_52_1_1   |        0|   2|  0|   20|    0|
    |mul_32s_21s_52_1_1_U122   |mul_32s_21s_52_1_1   |        0|   2|  0|   20|    0|
    |mul_32s_21s_52_1_1_U123   |mul_32s_21s_52_1_1   |        0|   2|  0|   20|    0|
    |mul_32s_22ns_53_1_1_U36   |mul_32s_22ns_53_1_1  |        0|   2|  0|   20|    0|
    |mul_32s_22ns_53_1_1_U90   |mul_32s_22ns_53_1_1  |        0|   2|  0|   20|    0|
    |mul_32s_22ns_53_1_1_U99   |mul_32s_22ns_53_1_1  |        0|   2|  0|   20|    0|
    |mul_32s_22ns_53_1_1_U124  |mul_32s_22ns_53_1_1  |        0|   2|  0|   20|    0|
    |mul_32s_22ns_53_1_1_U147  |mul_32s_22ns_53_1_1  |        0|   2|  0|   20|    0|
    |mul_32s_22s_53_1_1_U24    |mul_32s_22s_53_1_1   |        0|   2|  0|   20|    0|
    |mul_32s_22s_53_1_1_U53    |mul_32s_22s_53_1_1   |        0|   2|  0|   20|    0|
    |mul_32s_22s_53_1_1_U83    |mul_32s_22s_53_1_1   |        0|   2|  0|   20|    0|
    |mul_32s_22s_53_1_1_U85    |mul_32s_22s_53_1_1   |        0|   2|  0|   20|    0|
    |mul_32s_22s_53_1_1_U148   |mul_32s_22s_53_1_1   |        0|   2|  0|   20|    0|
    |mul_32s_23ns_54_1_1_U51   |mul_32s_23ns_54_1_1  |        0|   2|  0|   20|    0|
    |mul_32s_23ns_54_1_1_U64   |mul_32s_23ns_54_1_1  |        0|   2|  0|   20|    0|
    |mul_32s_23ns_54_1_1_U66   |mul_32s_23ns_54_1_1  |        0|   2|  0|   20|    0|
    |mul_32s_23ns_54_1_1_U84   |mul_32s_23ns_54_1_1  |        0|   2|  0|   20|    0|
    |mul_32s_23ns_54_1_1_U101  |mul_32s_23ns_54_1_1  |        0|   2|  0|   20|    0|
    |mul_32s_23ns_54_1_1_U104  |mul_32s_23ns_54_1_1  |        0|   2|  0|   20|    0|
    |mul_32s_23ns_54_1_1_U112  |mul_32s_23ns_54_1_1  |        0|   2|  0|   20|    0|
    |mul_32s_23ns_54_1_1_U113  |mul_32s_23ns_54_1_1  |        0|   2|  0|   20|    0|
    |mul_32s_23ns_54_1_1_U118  |mul_32s_23ns_54_1_1  |        0|   2|  0|   20|    0|
    |mul_32s_23ns_54_1_1_U132  |mul_32s_23ns_54_1_1  |        0|   2|  0|   20|    0|
    |mul_32s_23s_54_1_1_U28    |mul_32s_23s_54_1_1   |        0|   2|  0|   20|    0|
    |mul_32s_23s_54_1_1_U50    |mul_32s_23s_54_1_1   |        0|   2|  0|   20|    0|
    |mul_32s_23s_54_1_1_U94    |mul_32s_23s_54_1_1   |        0|   2|  0|   20|    0|
    |mul_32s_23s_54_1_1_U115   |mul_32s_23s_54_1_1   |        0|   2|  0|   20|    0|
    |mul_32s_23s_54_1_1_U128   |mul_32s_23s_54_1_1   |        0|   2|  0|   20|    0|
    |mul_32s_24ns_55_1_1_U20   |mul_32s_24ns_55_1_1  |        0|   2|  0|   20|    0|
    |mul_32s_24ns_55_1_1_U26   |mul_32s_24ns_55_1_1  |        0|   2|  0|   20|    0|
    |mul_32s_24ns_55_1_1_U41   |mul_32s_24ns_55_1_1  |        0|   2|  0|   20|    0|
    |mul_32s_24ns_55_1_1_U54   |mul_32s_24ns_55_1_1  |        0|   2|  0|   20|    0|
    |mul_32s_24ns_55_1_1_U69   |mul_32s_24ns_55_1_1  |        0|   2|  0|   20|    0|
    |mul_32s_24ns_55_1_1_U76   |mul_32s_24ns_55_1_1  |        0|   2|  0|   20|    0|
    |mul_32s_24ns_55_1_1_U79   |mul_32s_24ns_55_1_1  |        0|   2|  0|   20|    0|
    |mul_32s_24ns_55_1_1_U93   |mul_32s_24ns_55_1_1  |        0|   2|  0|   20|    0|
    |mul_32s_24ns_55_1_1_U97   |mul_32s_24ns_55_1_1  |        0|   2|  0|   20|    0|
    |mul_32s_24ns_55_1_1_U100  |mul_32s_24ns_55_1_1  |        0|   2|  0|   20|    0|
    |mul_32s_24ns_55_1_1_U103  |mul_32s_24ns_55_1_1  |        0|   2|  0|   20|    0|
    |mul_32s_24ns_55_1_1_U130  |mul_32s_24ns_55_1_1  |        0|   2|  0|   20|    0|
    |mul_32s_24ns_55_1_1_U143  |mul_32s_24ns_55_1_1  |        0|   2|  0|   20|    0|
    |mul_32s_24ns_55_1_1_U153  |mul_32s_24ns_55_1_1  |        0|   2|  0|   20|    0|
    |mul_32s_24ns_55_1_1_U156  |mul_32s_24ns_55_1_1  |        0|   2|  0|   20|    0|
    |mul_32s_24ns_55_1_1_U157  |mul_32s_24ns_55_1_1  |        0|   2|  0|   20|    0|
    |mul_32s_24s_55_1_1_U31    |mul_32s_24s_55_1_1   |        0|   2|  0|   20|    0|
    |mul_32s_24s_55_1_1_U39    |mul_32s_24s_55_1_1   |        0|   2|  0|   20|    0|
    |mul_32s_24s_55_1_1_U40    |mul_32s_24s_55_1_1   |        0|   2|  0|   20|    0|
    |mul_32s_24s_55_1_1_U49    |mul_32s_24s_55_1_1   |        0|   2|  0|   20|    0|
    |mul_32s_24s_55_1_1_U58    |mul_32s_24s_55_1_1   |        0|   2|  0|   20|    0|
    |mul_32s_24s_55_1_1_U59    |mul_32s_24s_55_1_1   |        0|   2|  0|   20|    0|
    |mul_32s_24s_55_1_1_U61    |mul_32s_24s_55_1_1   |        0|   2|  0|   20|    0|
    |mul_32s_24s_55_1_1_U65    |mul_32s_24s_55_1_1   |        0|   2|  0|   20|    0|
    |mul_32s_24s_55_1_1_U73    |mul_32s_24s_55_1_1   |        0|   2|  0|   20|    0|
    |mul_32s_24s_55_1_1_U80    |mul_32s_24s_55_1_1   |        0|   2|  0|   20|    0|
    |mul_32s_24s_55_1_1_U91    |mul_32s_24s_55_1_1   |        0|   2|  0|   20|    0|
    |mul_32s_24s_55_1_1_U102   |mul_32s_24s_55_1_1   |        0|   2|  0|   20|    0|
    |mul_32s_24s_55_1_1_U108   |mul_32s_24s_55_1_1   |        0|   2|  0|   20|    0|
    |mul_32s_24s_55_1_1_U109   |mul_32s_24s_55_1_1   |        0|   2|  0|   20|    0|
    |mul_32s_24s_55_1_1_U151   |mul_32s_24s_55_1_1   |        0|   2|  0|   20|    0|
    |mul_32s_24s_55_1_1_U160   |mul_32s_24s_55_1_1   |        0|   2|  0|   20|    0|
    |mul_32s_25ns_56_1_1_U23   |mul_32s_25ns_56_1_1  |        0|   2|  0|   20|    0|
    |mul_32s_25ns_56_1_1_U25   |mul_32s_25ns_56_1_1  |        0|   2|  0|   20|    0|
    |mul_32s_25ns_56_1_1_U27   |mul_32s_25ns_56_1_1  |        0|   2|  0|   20|    0|
    |mul_32s_25ns_56_1_1_U33   |mul_32s_25ns_56_1_1  |        0|   2|  0|   20|    0|
    |mul_32s_25ns_56_1_1_U35   |mul_32s_25ns_56_1_1  |        0|   2|  0|   20|    0|
    |mul_32s_25ns_56_1_1_U37   |mul_32s_25ns_56_1_1  |        0|   2|  0|   20|    0|
    |mul_32s_25ns_56_1_1_U38   |mul_32s_25ns_56_1_1  |        0|   2|  0|   20|    0|
    |mul_32s_25ns_56_1_1_U46   |mul_32s_25ns_56_1_1  |        0|   2|  0|   20|    0|
    |mul_32s_25ns_56_1_1_U47   |mul_32s_25ns_56_1_1  |        0|   2|  0|   20|    0|
    |mul_32s_25ns_56_1_1_U52   |mul_32s_25ns_56_1_1  |        0|   2|  0|   20|    0|
    |mul_32s_25ns_56_1_1_U71   |mul_32s_25ns_56_1_1  |        0|   2|  0|   20|    0|
    |mul_32s_25ns_56_1_1_U72   |mul_32s_25ns_56_1_1  |        0|   2|  0|   20|    0|
    |mul_32s_25ns_56_1_1_U74   |mul_32s_25ns_56_1_1  |        0|   2|  0|   20|    0|
    |mul_32s_25ns_56_1_1_U77   |mul_32s_25ns_56_1_1  |        0|   2|  0|   20|    0|
    |mul_32s_25ns_56_1_1_U78   |mul_32s_25ns_56_1_1  |        0|   2|  0|   20|    0|
    |mul_32s_25ns_56_1_1_U81   |mul_32s_25ns_56_1_1  |        0|   2|  0|   20|    0|
    |mul_32s_25ns_56_1_1_U106  |mul_32s_25ns_56_1_1  |        0|   2|  0|   20|    0|
    |mul_32s_25ns_56_1_1_U149  |mul_32s_25ns_56_1_1  |        0|   2|  0|   20|    0|
    |mul_32s_25s_56_1_1_U18    |mul_32s_25s_56_1_1   |        0|   2|  0|   20|    0|
    |mul_32s_25s_56_1_1_U19    |mul_32s_25s_56_1_1   |        0|   2|  0|   20|    0|
    |mul_32s_25s_56_1_1_U21    |mul_32s_25s_56_1_1   |        0|   2|  0|   20|    0|
    |mul_32s_25s_56_1_1_U32    |mul_32s_25s_56_1_1   |        0|   2|  0|   20|    0|
    |mul_32s_25s_56_1_1_U43    |mul_32s_25s_56_1_1   |        0|   2|  0|   20|    0|
    |mul_32s_25s_56_1_1_U55    |mul_32s_25s_56_1_1   |        0|   2|  0|   20|    0|
    |mul_32s_25s_56_1_1_U56    |mul_32s_25s_56_1_1   |        0|   2|  0|   20|    0|
    |mul_32s_25s_56_1_1_U62    |mul_32s_25s_56_1_1   |        0|   2|  0|   20|    0|
    |mul_32s_25s_56_1_1_U111   |mul_32s_25s_56_1_1   |        0|   2|  0|   20|    0|
    |mul_32s_25s_56_1_1_U114   |mul_32s_25s_56_1_1   |        0|   2|  0|   20|    0|
    |mul_32s_25s_56_1_1_U135   |mul_32s_25s_56_1_1   |        0|   2|  0|   20|    0|
    |mul_32s_25s_56_1_1_U136   |mul_32s_25s_56_1_1   |        0|   2|  0|   20|    0|
    |mul_32s_25s_56_1_1_U155   |mul_32s_25s_56_1_1   |        0|   2|  0|   20|    0|
    |mul_32s_25s_56_1_1_U158   |mul_32s_25s_56_1_1   |        0|   2|  0|   20|    0|
    |mul_32s_26ns_57_1_1_U30   |mul_32s_26ns_57_1_1  |        0|   2|  0|   20|    0|
    |mul_32s_26ns_57_1_1_U34   |mul_32s_26ns_57_1_1  |        0|   2|  0|   20|    0|
    |mul_32s_26ns_57_1_1_U44   |mul_32s_26ns_57_1_1  |        0|   2|  0|   20|    0|
    |mul_32s_26ns_57_1_1_U45   |mul_32s_26ns_57_1_1  |        0|   2|  0|   20|    0|
    |mul_32s_26ns_57_1_1_U70   |mul_32s_26ns_57_1_1  |        0|   2|  0|   20|    0|
    |mul_32s_26ns_57_1_1_U75   |mul_32s_26ns_57_1_1  |        0|   2|  0|   20|    0|
    |mul_32s_26ns_57_1_1_U86   |mul_32s_26ns_57_1_1  |        0|   2|  0|   20|    0|
    |mul_32s_26ns_57_1_1_U96   |mul_32s_26ns_57_1_1  |        0|   2|  0|   20|    0|
    |mul_32s_26ns_57_1_1_U105  |mul_32s_26ns_57_1_1  |        0|   2|  0|   20|    0|
    |mul_32s_26ns_57_1_1_U117  |mul_32s_26ns_57_1_1  |        0|   2|  0|   20|    0|
    |mul_32s_26ns_57_1_1_U133  |mul_32s_26ns_57_1_1  |        0|   2|  0|   20|    0|
    |mul_32s_26ns_57_1_1_U137  |mul_32s_26ns_57_1_1  |        0|   2|  0|   20|    0|
    |mul_32s_26ns_57_1_1_U139  |mul_32s_26ns_57_1_1  |        0|   2|  0|   20|    0|
    |mul_32s_26ns_57_1_1_U140  |mul_32s_26ns_57_1_1  |        0|   2|  0|   20|    0|
    |mul_32s_26ns_57_1_1_U145  |mul_32s_26ns_57_1_1  |        0|   2|  0|   20|    0|
    |mul_32s_26ns_57_1_1_U146  |mul_32s_26ns_57_1_1  |        0|   2|  0|   20|    0|
    |mul_32s_26s_57_1_1_U29    |mul_32s_26s_57_1_1   |        0|   2|  0|   20|    0|
    |mul_32s_26s_57_1_1_U42    |mul_32s_26s_57_1_1   |        0|   2|  0|   20|    0|
    |mul_32s_26s_57_1_1_U110   |mul_32s_26s_57_1_1   |        0|   2|  0|   20|    0|
    |mul_32s_26s_57_1_1_U127   |mul_32s_26s_57_1_1   |        0|   2|  0|   20|    0|
    |mul_32s_26s_57_1_1_U129   |mul_32s_26s_57_1_1   |        0|   2|  0|   20|    0|
    |mul_32s_26s_57_1_1_U131   |mul_32s_26s_57_1_1   |        0|   2|  0|   20|    0|
    |mul_32s_26s_57_1_1_U142   |mul_32s_26s_57_1_1   |        0|   2|  0|   20|    0|
    |mul_32s_26s_57_1_1_U144   |mul_32s_26s_57_1_1   |        0|   2|  0|   20|    0|
    |mul_32s_26s_57_1_1_U152   |mul_32s_26s_57_1_1   |        0|   2|  0|   20|    0|
    |mul_32s_26s_57_1_1_U154   |mul_32s_26s_57_1_1   |        0|   2|  0|   20|    0|
    |mul_32s_26s_57_1_1_U161   |mul_32s_26s_57_1_1   |        0|   2|  0|   20|    0|
    |mul_32s_27ns_58_1_1_U121  |mul_32s_27ns_58_1_1  |        0|   2|  0|   20|    0|
    |mul_32s_27ns_58_1_1_U159  |mul_32s_27ns_58_1_1  |        0|   2|  0|   20|    0|
    |mul_32s_27s_58_1_1_U89    |mul_32s_27s_58_1_1   |        0|   2|  0|   20|    0|
    |mul_32s_27s_58_1_1_U134   |mul_32s_27s_58_1_1   |        0|   2|  0|   20|    0|
    |mul_32s_27s_58_1_1_U138   |mul_32s_27s_58_1_1   |        0|   2|  0|   20|    0|
    |mul_32s_27s_58_1_1_U141   |mul_32s_27s_58_1_1   |        0|   2|  0|   20|    0|
    |mul_32s_28s_58_1_1_U125   |mul_32s_28s_58_1_1   |        0|   3|  0|   20|    0|
    |mul_32s_29s_58_1_1_U107   |mul_32s_29s_58_1_1   |        0|   3|  0|   20|    0|
    |mux_305_32_1_1_U16        |mux_305_32_1_1       |        0|   0|  0|  145|    0|
    |mux_305_32_1_1_U17        |mux_305_32_1_1       |        0|   0|  0|  145|    0|
    +--------------------------+---------------------+---------+----+---+-----+-----+
    |Total                     |                     |        0| 290|  0| 3170|    0|
    +--------------------------+---------------------+---------+----+---+-----+-----+

    * DSP: 
    N/A

    * Memory: 
    N/A

    * FIFO: 
    N/A

    * Expression: 
    +------------------------------------+----------+----+---+-----+------------+------------+
    |            Variable Name           | Operation| DSP| FF| LUT | Bitwidth P0| Bitwidth P1|
    +------------------------------------+----------+----+---+-----+------------+------------+
    |add_ln49_7_fu_834_p2                |         +|   0|  0|   12|           5|           1|
    |add_ln49_fu_808_p2                  |         +|   0|  0|   17|          10|           1|
    |add_ln50_fu_1524_p2                 |         +|   0|  0|   12|           5|           1|
    |add_ln85_10_fu_5745_p2              |         +|   0|  0|   39|          32|          17|
    |add_ln85_11_fu_6061_p2              |         +|   0|  0|   39|          32|          20|
    |add_ln85_12_fu_6377_p2              |         +|   0|  0|   39|          32|          17|
    |add_ln85_13_fu_6679_p2              |         +|   0|  0|   39|          32|          20|
    |add_ln85_14_fu_6844_p2              |         +|   0|  0|   39|          32|          15|
    |add_ln85_15_fu_6849_p2              |         +|   0|  0|   39|          32|          18|
    |add_ln85_1_fu_2827_p2               |         +|   0|  0|   39|          32|          17|
    |add_ln85_2_fu_3152_p2               |         +|   0|  0|   39|          32|          25|
    |add_ln85_3_fu_3489_p2               |         +|   0|  0|   39|          32|          16|
    |add_ln85_4_fu_3809_p2               |         +|   0|  0|   39|          32|          21|
    |add_ln85_5_fu_4153_p2               |         +|   0|  0|   39|          32|          24|
    |add_ln85_6_fu_4477_p2               |         +|   0|  0|   39|          32|          15|
    |add_ln85_7_fu_4793_p2               |         +|   0|  0|   39|          32|          24|
    |add_ln85_8_fu_5109_p2               |         +|   0|  0|   39|          32|          22|
    |add_ln85_9_fu_5437_p2               |         +|   0|  0|   39|          32|          16|
    |add_ln85_fu_2494_p2                 |         +|   0|  0|   39|          32|          12|
    |ret_V_4122_fu_1396_p2               |         +|   0|  0|   65|          58|          58|
    |ret_V_4123_fu_1589_p2               |         +|   0|  0|   65|          58|          58|
    |ret_V_4124_fu_1619_p2               |         +|   0|  0|   65|          58|          58|
    |ret_V_4125_fu_1646_p2               |         +|   0|  0|   65|          58|          58|
    |ret_V_4126_fu_1676_p2               |         +|   0|  0|   65|          58|          58|
    |ret_V_4127_fu_1706_p2               |         +|   0|  0|   65|          58|          58|
    |ret_V_4128_fu_1744_p2               |         +|   0|  0|   65|          58|          58|
    |ret_V_4129_fu_1781_p2               |         +|   0|  0|   63|          56|          56|
    |ret_V_4130_fu_1819_p2               |         +|   0|  0|   65|          58|          58|
    |ret_V_4131_fu_1853_p2               |         +|   0|  0|   65|          58|          58|
    |ret_V_4132_fu_2217_p2               |         +|   0|  0|   65|          58|          58|
    |ret_V_4133_fu_2244_p2               |         +|   0|  0|   65|          58|          58|
    |ret_V_4134_fu_2271_p2               |         +|   0|  0|   65|          58|          58|
    |ret_V_4135_fu_2298_p2               |         +|   0|  0|   65|          58|          58|
    |ret_V_4136_fu_2332_p2               |         +|   0|  0|   65|          58|          58|
    |ret_V_4137_fu_2368_p2               |         +|   0|  0|   64|          57|          57|
    |ret_V_4138_fu_2406_p2               |         +|   0|  0|   65|          58|          58|
    |ret_V_4139_fu_2440_p2               |         +|   0|  0|   65|          58|          58|
    |ret_V_4140_fu_2552_p2               |         +|   0|  0|   65|          58|          58|
    |ret_V_4141_fu_2579_p2               |         +|   0|  0|   65|          58|          58|
    |ret_V_4142_fu_2606_p2               |         +|   0|  0|   65|          58|          58|
    |ret_V_4143_fu_2633_p2               |         +|   0|  0|   65|          58|          58|
    |ret_V_4144_fu_2667_p2               |         +|   0|  0|   65|          58|          58|
    |ret_V_4145_fu_2703_p2               |         +|   0|  0|   65|          58|          58|
    |ret_V_4146_fu_2736_p2               |         +|   0|  0|   65|          58|          58|
    |ret_V_4147_fu_2770_p2               |         +|   0|  0|   65|          58|          58|
    |ret_V_4148_fu_2879_p2               |         +|   0|  0|   65|          58|          58|
    |ret_V_4149_fu_2906_p2               |         +|   0|  0|   65|          58|          58|
    |ret_V_4150_fu_2933_p2               |         +|   0|  0|   65|          58|          58|
    |ret_V_4151_fu_2960_p2               |         +|   0|  0|   65|          58|          58|
    |ret_V_4152_fu_2994_p2               |         +|   0|  0|   65|          58|          58|
    |ret_V_4153_fu_3026_p2               |         +|   0|  0|   63|          56|          56|
    |ret_V_4154_fu_3063_p2               |         +|   0|  0|   65|          58|          58|
    |ret_V_4155_fu_3096_p2               |         +|   0|  0|   65|          58|          58|
    |ret_V_4156_fu_3204_p2               |         +|   0|  0|   65|          58|          58|
    |ret_V_4157_fu_3231_p2               |         +|   0|  0|   65|          58|          58|
    |ret_V_4158_fu_3258_p2               |         +|   0|  0|   65|          58|          58|
    |ret_V_4159_fu_3285_p2               |         +|   0|  0|   65|          58|          58|
    |ret_V_4160_fu_3319_p2               |         +|   0|  0|   65|          58|          58|
    |ret_V_4161_fu_3355_p2               |         +|   0|  0|   64|          57|          57|
    |ret_V_4162_fu_3392_p2               |         +|   0|  0|   65|          58|          58|
    |ret_V_4163_fu_3426_p2               |         +|   0|  0|   65|          58|          58|
    |ret_V_4164_fu_3537_p2               |         +|   0|  0|   65|          58|          58|
    |ret_V_4165_fu_3564_p2               |         +|   0|  0|   65|          58|          58|
    |ret_V_4166_fu_3591_p2               |         +|   0|  0|   65|          58|          58|
    |ret_V_4167_fu_3618_p2               |         +|   0|  0|   65|          58|          58|
    |ret_V_4168_fu_3651_p2               |         +|   0|  0|   65|          58|          58|
    |ret_V_4169_fu_3688_p2               |         +|   0|  0|   64|          57|          57|
    |ret_V_4170_fu_3725_p2               |         +|   0|  0|   65|          58|          58|
    |ret_V_4171_fu_3758_p2               |         +|   0|  0|   65|          58|          58|
    |ret_V_4172_fu_3866_p2               |         +|   0|  0|   65|          58|          58|
    |ret_V_4173_fu_3893_p2               |         +|   0|  0|   65|          58|          58|
    |ret_V_4174_fu_3920_p2               |         +|   0|  0|   65|          58|          58|
    |ret_V_4175_fu_3947_p2               |         +|   0|  0|   65|          58|          58|
    |ret_V_4176_fu_3980_p2               |         +|   0|  0|   65|          58|          58|
    |ret_V_4177_fu_4020_p2               |         +|   0|  0|   63|          56|          56|
    |ret_V_4178_fu_4061_p2               |         +|   0|  0|   65|          58|          58|
    |ret_V_4179_fu_4094_p2               |         +|   0|  0|   65|          58|          58|
    |ret_V_4180_fu_4204_p2               |         +|   0|  0|   65|          58|          58|
    |ret_V_4181_fu_4231_p2               |         +|   0|  0|   65|          58|          58|
    |ret_V_4182_fu_4258_p2               |         +|   0|  0|   65|          58|          58|
    |ret_V_4183_fu_4285_p2               |         +|   0|  0|   65|          58|          58|
    |ret_V_4184_fu_4318_p2               |         +|   0|  0|   65|          58|          58|
    |ret_V_4185_fu_4350_p2               |         +|   0|  0|   65|          58|          58|
    |ret_V_4186_fu_4387_p2               |         +|   0|  0|   65|          58|          58|
    |ret_V_4187_fu_4420_p2               |         +|   0|  0|   65|          58|          58|
    |ret_V_4188_fu_4525_p2               |         +|   0|  0|   65|          58|          58|
    |ret_V_4189_fu_4552_p2               |         +|   0|  0|   65|          58|          58|
    |ret_V_4190_fu_4579_p2               |         +|   0|  0|   65|          58|          58|
    |ret_V_4191_fu_4606_p2               |         +|   0|  0|   65|          58|          58|
    |ret_V_4192_fu_4639_p2               |         +|   0|  0|   65|          58|          58|
    |ret_V_4193_fu_4671_p2               |         +|   0|  0|   62|          55|          55|
    |ret_V_4194_fu_4709_p2               |         +|   0|  0|   65|          58|          58|
    |ret_V_4195_fu_4742_p2               |         +|   0|  0|   65|          58|          58|
    |ret_V_4196_fu_4838_p2               |         +|   0|  0|   65|          58|          58|
    |ret_V_4197_fu_4865_p2               |         +|   0|  0|   65|          58|          58|
    |ret_V_4198_fu_4892_p2               |         +|   0|  0|   65|          58|          58|
    |ret_V_4199_fu_4919_p2               |         +|   0|  0|   65|          58|          58|
    |ret_V_4200_fu_4952_p2               |         +|   0|  0|   65|          58|          58|
    |ret_V_4201_fu_4984_p2               |         +|   0|  0|   65|          58|          58|
    |ret_V_4202_fu_5017_p2               |         +|   0|  0|   65|          58|          58|
    |ret_V_4203_fu_5050_p2               |         +|   0|  0|   65|          58|          58|
    |ret_V_4204_fu_5154_p2               |         +|   0|  0|   65|          58|          58|
    |ret_V_4205_fu_5181_p2               |         +|   0|  0|   65|          58|          58|
    |ret_V_4206_fu_5208_p2               |         +|   0|  0|   65|          58|          58|
    |ret_V_4207_fu_5235_p2               |         +|   0|  0|   65|          58|          58|
    |ret_V_4208_fu_5268_p2               |         +|   0|  0|   65|          58|          58|
    |ret_V_4209_fu_5300_p2               |         +|   0|  0|   61|          54|          54|
    |ret_V_4210_fu_5341_p2               |         +|   0|  0|   65|          58|          58|
    |ret_V_4211_fu_5378_p2               |         +|   0|  0|   65|          58|          58|
    |ret_V_4212_fu_5482_p2               |         +|   0|  0|   65|          58|          58|
    |ret_V_4213_fu_5508_p2               |         +|   0|  0|   65|          58|          58|
    |ret_V_4214_fu_5535_p2               |         +|   0|  0|   65|          58|          58|
    |ret_V_4215_fu_5562_p2               |         +|   0|  0|   65|          58|          58|
    |ret_V_4216_fu_5595_p2               |         +|   0|  0|   65|          58|          58|
    |ret_V_4217_fu_5628_p2               |         +|   0|  0|   65|          58|          58|
    |ret_V_4218_fu_5661_p2               |         +|   0|  0|   65|          58|          58|
    |ret_V_4219_fu_5694_p2               |         +|   0|  0|   65|          58|          58|
    |ret_V_4220_fu_5793_p2               |         +|   0|  0|   65|          58|          58|
    |ret_V_4221_fu_5820_p2               |         +|   0|  0|   65|          58|          58|
    |ret_V_4222_fu_5847_p2               |         +|   0|  0|   65|          58|          58|
    |ret_V_4223_fu_5874_p2               |         +|   0|  0|   65|          58|          58|
    |ret_V_4224_fu_5907_p2               |         +|   0|  0|   65|          58|          58|
    |ret_V_4225_fu_5939_p2               |         +|   0|  0|   65|          58|          58|
    |ret_V_4226_fu_5972_p2               |         +|   0|  0|   65|          58|          58|
    |ret_V_4227_fu_6005_p2               |         +|   0|  0|   65|          58|          58|
    |ret_V_4228_fu_6106_p2               |         +|   0|  0|   65|          58|          58|
    |ret_V_4229_fu_6133_p2               |         +|   0|  0|   65|          58|          58|
    |ret_V_4230_fu_6157_p2               |         +|   0|  0|   65|          58|          58|
    |ret_V_4231_fu_6183_p2               |         +|   0|  0|   65|          58|          58|
    |ret_V_4232_fu_6216_p2               |         +|   0|  0|   65|          58|          58|
    |ret_V_4233_fu_6248_p2               |         +|   0|  0|   64|          57|          57|
    |ret_V_4234_fu_6285_p2               |         +|   0|  0|   65|          58|          58|
    |ret_V_4235_fu_6322_p2               |         +|   0|  0|   65|          58|          58|
    |ret_V_4236_fu_6422_p2               |         +|   0|  0|   65|          58|          58|
    |ret_V_4237_fu_6449_p2               |         +|   0|  0|   65|          58|          58|
    |ret_V_4238_fu_6476_p2               |         +|   0|  0|   65|          58|          58|
    |ret_V_4239_fu_6503_p2               |         +|   0|  0|   65|          58|          58|
    |ret_V_4240_fu_6536_p2               |         +|   0|  0|   65|          58|          58|
    |ret_V_4241_fu_6572_p2               |         +|   0|  0|   65|          58|          58|
    |ret_V_4242_fu_6605_p2               |         +|   0|  0|   65|          58|          58|
    |ret_V_4243_fu_6638_p2               |         +|   0|  0|   65|          58|          58|
    |ret_V_4244_fu_6724_p2               |         +|   0|  0|   65|          58|          58|
    |ret_V_4245_fu_6751_p2               |         +|   0|  0|   65|          58|          58|
    |ret_V_4246_fu_6775_p2               |         +|   0|  0|   65|          58|          58|
    |ret_V_4247_fu_6801_p2               |         +|   0|  0|   65|          58|          58|
    |ret_V_4248_fu_6828_p2               |         +|   0|  0|   65|          58|          58|
    |ret_V_fu_1354_p2                    |         +|   0|  0|   64|          57|          57|
    |ap_block_pp0_stage10_01001          |       and|   0|  0|    2|           1|           1|
    |ap_block_pp0_stage11_01001          |       and|   0|  0|    2|           1|           1|
    |ap_block_pp0_stage12_01001          |       and|   0|  0|    2|           1|           1|
    |ap_block_pp0_stage13_01001          |       and|   0|  0|    2|           1|           1|
    |ap_block_pp0_stage14_01001          |       and|   0|  0|    2|           1|           1|
    |ap_block_pp0_stage15_01001          |       and|   0|  0|    2|           1|           1|
    |ap_block_pp0_stage3_01001           |       and|   0|  0|    2|           1|           1|
    |ap_block_pp0_stage4_01001           |       and|   0|  0|    2|           1|           1|
    |ap_block_pp0_stage5_01001           |       and|   0|  0|    2|           1|           1|
    |ap_block_pp0_stage6_01001           |       and|   0|  0|    2|           1|           1|
    |ap_block_pp0_stage7_01001           |       and|   0|  0|    2|           1|           1|
    |ap_block_pp0_stage8_01001           |       and|   0|  0|    2|           1|           1|
    |ap_block_pp0_stage9_01001           |       and|   0|  0|    2|           1|           1|
    |ap_block_state10_pp0_stage9_iter0   |       and|   0|  0|    2|           1|           1|
    |ap_block_state11_pp0_stage10_iter0  |       and|   0|  0|    2|           1|           1|
    |ap_block_state12_pp0_stage11_iter0  |       and|   0|  0|    2|           1|           1|
    |ap_block_state13_pp0_stage12_iter0  |       and|   0|  0|    2|           1|           1|
    |ap_block_state14_pp0_stage13_iter0  |       and|   0|  0|    2|           1|           1|
    |ap_block_state15_pp0_stage14_iter0  |       and|   0|  0|    2|           1|           1|
    |ap_block_state16_pp0_stage15_iter0  |       and|   0|  0|    2|           1|           1|
    |ap_block_state17_pp0_stage0_iter1   |       and|   0|  0|    2|           1|           1|
    |ap_block_state18_pp0_stage1_iter1   |       and|   0|  0|    2|           1|           1|
    |ap_block_state2_pp0_stage1_iter0    |       and|   0|  0|    2|           1|           1|
    |ap_block_state3_pp0_stage2_iter0    |       and|   0|  0|    2|           1|           1|
    |ap_block_state4_pp0_stage3_iter0    |       and|   0|  0|    2|           1|           1|
    |ap_block_state5_pp0_stage4_iter0    |       and|   0|  0|    2|           1|           1|
    |ap_block_state6_pp0_stage5_iter0    |       and|   0|  0|    2|           1|           1|
    |ap_block_state7_pp0_stage6_iter0    |       and|   0|  0|    2|           1|           1|
    |ap_block_state8_pp0_stage7_iter0    |       and|   0|  0|    2|           1|           1|
    |ap_block_state9_pp0_stage8_iter0    |       and|   0|  0|    2|           1|           1|
    |ap_condition_799                    |       and|   0|  0|    2|           1|           1|
    |ap_condition_803                    |       and|   0|  0|    2|           1|           1|
    |ap_predicate_op1034_write_state14   |       and|   0|  0|    2|           1|           1|
    |ap_predicate_op243_read_state2      |       and|   0|  0|    2|           1|           1|
    |sel_tmp_fu_1518_p2                  |       and|   0|  0|    2|           1|           1|
    |cmp16_i_i_i8_fu_846_p2              |      icmp|   0|  0|    9|           5|           1|
    |cmp16_i_i_i_mid1_fu_840_p2          |      icmp|   0|  0|    9|           5|           1|
    |cmp17_i_i_i_fu_928_p2               |      icmp|   0|  0|    9|           5|           1|
    |cmp19_i_i_i6_fu_906_p2              |      icmp|   0|  0|    9|           5|           3|
    |cmp19_i_i_i_mid1_fu_900_p2          |      icmp|   0|  0|    9|           5|           3|
    |cmp22_i_i_i_fu_934_p2               |      icmp|   0|  0|    9|           5|           3|
    |icmp57_fu_886_p2                    |      icmp|   0|  0|    9|           4|           1|
    |icmp60_fu_950_p2                    |      icmp|   0|  0|    9|           4|           1|
    |icmp_fu_870_p2                      |      icmp|   0|  0|    9|           4|           1|
    |icmp_ln1695_29_fu_2843_p2           |      icmp|   0|  0|   20|          32|           1|
    |icmp_ln1695_30_fu_3168_p2           |      icmp|   0|  0|   20|          32|           1|
    |icmp_ln1695_31_fu_3505_p2           |      icmp|   0|  0|   20|          32|           1|
    |icmp_ln1695_32_fu_3825_p2           |      icmp|   0|  0|   20|          32|           1|
    |icmp_ln1695_33_fu_4169_p2           |      icmp|   0|  0|   20|          32|           1|
    |icmp_ln1695_34_fu_4493_p2           |      icmp|   0|  0|   20|          32|           1|
    |icmp_ln1695_35_fu_4809_p2           |      icmp|   0|  0|   20|          32|           1|
    |icmp_ln1695_36_fu_5125_p2           |      icmp|   0|  0|   20|          32|           1|
    |icmp_ln1695_37_fu_5453_p2           |      icmp|   0|  0|   20|          32|           1|
    |icmp_ln1695_38_fu_5761_p2           |      icmp|   0|  0|   20|          32|           1|
    |icmp_ln1695_39_fu_6077_p2           |      icmp|   0|  0|   20|          32|           1|
    |icmp_ln1695_40_fu_6393_p2           |      icmp|   0|  0|   20|          32|           1|
    |icmp_ln1695_41_fu_6695_p2           |      icmp|   0|  0|   20|          32|           1|
    |icmp_ln1695_42_fu_6873_p2           |      icmp|   0|  0|   20|          32|           1|
    |icmp_ln1695_43_fu_6895_p2           |      icmp|   0|  0|   20|          32|           1|
    |icmp_ln1695_fu_2510_p2              |      icmp|   0|  0|   20|          32|           1|
    |icmp_ln49_fu_802_p2                 |      icmp|   0|  0|   11|          10|           8|
    |icmp_ln50_fu_820_p2                 |      icmp|   0|  0|    9|           5|           3|
    |ap_block_pp0_stage0_01001           |        or|   0|  0|    2|           1|           1|
    |ap_block_pp0_stage1_01001           |        or|   0|  0|    2|           1|           1|
    |ap_block_pp0_stage2_01001           |        or|   0|  0|    2|           1|           1|
    |or_ln58_10_fu_956_p2                |        or|   0|  0|    2|           1|           1|
    |or_ln58_11_fu_968_p2                |        or|   0|  0|    2|           1|           1|
    |or_ln58_fu_962_p2                   |        or|   0|  0|    2|           1|           1|
    |phi_ln859_10_fu_4158_p3             |    select|   0|  0|   32|           1|          32|
    |phi_ln859_11_fu_3814_p3             |    select|   0|  0|   32|           1|          32|
    |phi_ln859_12_fu_3494_p3             |    select|   0|  0|   32|           1|          32|
    |phi_ln859_13_fu_3157_p3             |    select|   0|  0|   32|           1|          32|
    |phi_ln859_14_fu_2832_p3             |    select|   0|  0|   32|           1|          32|
    |phi_ln859_15_fu_2499_p3             |    select|   0|  0|   32|           1|          32|
    |phi_ln859_1_fu_6862_p3              |    select|   0|  0|   32|           1|          32|
    |phi_ln859_2_fu_6684_p3              |    select|   0|  0|   32|           1|          32|
    |phi_ln859_3_fu_6382_p3              |    select|   0|  0|   32|           1|          32|
    |phi_ln859_4_fu_6066_p3              |    select|   0|  0|   32|           1|          32|
    |phi_ln859_5_fu_5750_p3              |    select|   0|  0|   32|           1|          32|
    |phi_ln859_6_fu_5442_p3              |    select|   0|  0|   32|           1|          32|
    |phi_ln859_7_fu_5114_p3              |    select|   0|  0|   32|           1|          32|
    |phi_ln859_8_fu_4798_p3              |    select|   0|  0|   32|           1|          32|
    |phi_ln859_9_fu_4482_p3              |    select|   0|  0|   32|           1|          32|
    |phi_ln859_fu_6855_p3                |    select|   0|  0|   32|           1|          32|
    |r_V_5307_fu_1907_p3                 |    select|   0|  0|   32|           1|          32|
    |r_V_5308_fu_1478_p3                 |    select|   0|  0|   32|           1|          32|
    |r_V_5309_fu_1486_p3                 |    select|   0|  0|   32|           1|          32|
    |r_V_5310_fu_1494_p3                 |    select|   0|  0|   32|           1|          32|
    |r_V_5311_fu_1502_p3                 |    select|   0|  0|   32|           1|          32|
    |r_V_5312_fu_1510_p3                 |    select|   0|  0|   32|           1|          32|
    |select_ln49_22_fu_852_p3            |    select|   0|  0|    2|           1|           1|
    |select_ln49_23_fu_892_p3            |    select|   0|  0|    2|           1|           1|
    |select_ln49_24_fu_912_p3            |    select|   0|  0|    2|           1|           1|
    |select_ln49_25_fu_920_p3            |    select|   0|  0|    5|           1|           5|
    |select_ln49_fu_826_p3               |    select|   0|  0|    5|           1|           1|
    |select_ln8_29_fu_2849_p3            |    select|   0|  0|   31|           1|          31|
    |select_ln8_30_fu_3174_p3            |    select|   0|  0|   31|           1|          31|
    |select_ln8_31_fu_3511_p3            |    select|   0|  0|   31|           1|          31|
    |select_ln8_32_fu_3831_p3            |    select|   0|  0|   31|           1|          31|
    |select_ln8_33_fu_4175_p3            |    select|   0|  0|   31|           1|          31|
    |select_ln8_34_fu_4499_p3            |    select|   0|  0|   31|           1|          31|
    |select_ln8_35_fu_4815_p3            |    select|   0|  0|   31|           1|          31|
    |select_ln8_36_fu_5131_p3            |    select|   0|  0|   31|           1|          31|
    |select_ln8_37_fu_5459_p3            |    select|   0|  0|   31|           1|          31|
    |select_ln8_38_fu_5767_p3            |    select|   0|  0|   31|           1|          31|
    |select_ln8_39_fu_6083_p3            |    select|   0|  0|   31|           1|          31|
    |select_ln8_40_fu_6399_p3            |    select|   0|  0|   31|           1|          31|
    |select_ln8_41_fu_6701_p3            |    select|   0|  0|   31|           1|          31|
    |select_ln8_42_fu_6879_p3            |    select|   0|  0|   31|           1|          31|
    |select_ln8_43_fu_6900_p3            |    select|   0|  0|   31|           1|          31|
    |select_ln8_fu_2516_p3               |    select|   0|  0|   31|           1|          31|
    |ap_enable_pp0                       |       xor|   0|  0|    2|           1|           2|
    +------------------------------------+----------+----+---+-----+------------+------------+
    |Total                               |          |   0|  0|10688|        8592|        9002|
    +------------------------------------+----------+----+---+-----+------------+------------+

    * Multiplexer: 
    +--------------------------------------+----+-----------+-----+-----------+
    |                 Name                 | LUT| Input Size| Bits| Total Bits|
    +--------------------------------------+----+-----------+-----+-----------+
    |ap_NS_fsm                             |  81|         17|    1|         17|
    |ap_done_int                           |   9|          2|    1|          2|
    |ap_enable_reg_pp0_iter0               |   9|          2|    1|          2|
    |ap_enable_reg_pp0_iter0_reg           |   9|          2|    1|          2|
    |ap_enable_reg_pp0_iter1               |   9|          2|    1|          2|
    |ap_phi_mux_in_val_643_phi_fu_775_p4   |   9|          2|   32|         64|
    |ap_sig_allocacmp_indvar_flatten_load  |   9|          2|   10|         20|
    |ap_sig_allocacmp_pool_col_load        |   9|          2|    5|         10|
    |ap_sig_allocacmp_pool_row_load        |   9|          2|    5|         10|
    |conv1_out16_blk_n                     |   9|          2|    1|          2|
    |conv1_out16_din                       |  81|         17|   32|        544|
    |full_in_float14_blk_n                 |   9|          2|    1|          2|
    |in_val_643_reg_771                    |   9|          2|   32|         64|
    |indvar_flatten_fu_514                 |   9|          2|   10|         20|
    |pool_col_fu_506                       |   9|          2|    5|         10|
    |pool_row_fu_510                       |   9|          2|    5|         10|
    +--------------------------------------+----+-----------+-----+-----------+
    |Total                                 | 288|         62|  143|        781|
    +--------------------------------------+----+-----------+-----+-----------+

    * Register: 
    +--------------------------------+----+----+-----+-----------+
    |              Name              | FF | LUT| Bits| Const Bits|
    +--------------------------------+----+----+-----+-----------+
    |ap_CS_fsm                       |  16|   0|   16|          0|
    |ap_done_reg                     |   1|   0|    1|          0|
    |ap_enable_reg_pp0_iter0_reg     |   1|   0|    1|          0|
    |ap_enable_reg_pp0_iter1         |   1|   0|    1|          0|
    |icmp_ln49_reg_7330              |   1|   0|    1|          0|
    |in_val_643_reg_771              |  32|   0|   32|          0|
    |indvar_flatten_fu_514           |  10|   0|   10|          0|
    |lhs_V_4593_reg_7532             |  29|   0|   29|          0|
    |lhs_V_4602_reg_7637             |  30|   0|   30|          0|
    |lhs_V_4611_reg_7709             |  31|   0|   31|          0|
    |lhs_V_4620_reg_7767             |  27|   0|   27|          0|
    |lhs_V_4629_reg_7816             |  30|   0|   30|          0|
    |lhs_V_4638_reg_7861             |  30|   0|   30|          0|
    |lhs_V_4647_reg_7903             |  29|   0|   29|          0|
    |lhs_V_4664_reg_8006             |  26|   0|   26|          0|
    |lhs_V_4681_reg_8081             |  25|   0|   25|          0|
    |lhs_V_4706_reg_8197             |  29|   0|   29|          0|
    |lhs_V_4715_reg_8232             |  31|   0|   31|          0|
    |or_ln58_11_reg_7343             |   1|   0|    1|          0|
    |phi_ln859_reg_8272              |  32|   0|   32|          0|
    |pool_col_fu_506                 |   5|   0|    5|          0|
    |pool_row_fu_510                 |   5|   0|    5|          0|
    |r_V_4750_fu_486                 |  32|   0|   32|          0|
    |r_V_4750_load_reg_7356          |  32|   0|   32|          0|
    |r_V_4754_fu_490                 |  32|   0|   32|          0|
    |r_V_4754_load_reg_7364          |  32|   0|   32|          0|
    |r_V_4756_fu_494                 |  32|   0|   32|          0|
    |r_V_4756_load_reg_7375          |  32|   0|   32|          0|
    |r_V_4760_fu_498                 |  32|   0|   32|          0|
    |r_V_4760_load_reg_7385          |  32|   0|   32|          0|
    |r_V_4762_fu_502                 |  32|   0|   32|          0|
    |r_V_4762_load_reg_7397          |  32|   0|   32|          0|
    |r_V_6857_fu_518                 |  32|   0|   32|          0|
    |r_V_6858_fu_522                 |  32|   0|   32|          0|
    |r_V_6859_fu_526                 |  32|   0|   32|          0|
    |r_V_6860_fu_530                 |  32|   0|   32|          0|
    |r_V_6861_fu_534                 |  32|   0|   32|          0|
    |r_V_6862_fu_538                 |  32|   0|   32|          0|
    |r_V_6863_fu_542                 |  32|   0|   32|          0|
    |r_V_6864_fu_546                 |  32|   0|   32|          0|
    |r_V_6865_fu_550                 |  32|   0|   32|          0|
    |r_V_6866_fu_554                 |  32|   0|   32|          0|
    |r_V_6867_fu_558                 |  32|   0|   32|          0|
    |r_V_6868_fu_562                 |  32|   0|   32|          0|
    |r_V_6869_fu_566                 |  32|   0|   32|          0|
    |r_V_6870_fu_570                 |  32|   0|   32|          0|
    |r_V_6871_fu_574                 |  32|   0|   32|          0|
    |r_V_6872_fu_578                 |  32|   0|   32|          0|
    |r_V_6873_fu_582                 |  32|   0|   32|          0|
    |r_V_6874_fu_586                 |  32|   0|   32|          0|
    |r_V_6875_fu_590                 |  32|   0|   32|          0|
    |r_V_6876_fu_594                 |  32|   0|   32|          0|
    |r_V_6877_fu_598                 |  32|   0|   32|          0|
    |r_V_6878_fu_602                 |  32|   0|   32|          0|
    |r_V_6879_fu_606                 |  32|   0|   32|          0|
    |r_V_6880_fu_610                 |  32|   0|   32|          0|
    |r_V_6881_fu_614                 |  32|   0|   32|          0|
    |r_V_6882_fu_618                 |  32|   0|   32|          0|
    |r_V_6883_fu_622                 |  32|   0|   32|          0|
    |r_V_6884_fu_626                 |  32|   0|   32|          0|
    |r_V_6885_fu_630                 |  32|   0|   32|          0|
    |r_V_6886_fu_634                 |  32|   0|   32|          0|
    |r_V_6887_fu_638                 |  32|   0|   32|          0|
    |r_V_6888_fu_642                 |  32|   0|   32|          0|
    |r_V_6889_fu_646                 |  32|   0|   32|          0|
    |r_V_6890_fu_650                 |  32|   0|   32|          0|
    |r_V_6891_fu_654                 |  32|   0|   32|          0|
    |r_V_6892_fu_658                 |  32|   0|   32|          0|
    |r_V_6893_fu_662                 |  32|   0|   32|          0|
    |r_V_6894_fu_666                 |  32|   0|   32|          0|
    |r_V_6895_fu_670                 |  32|   0|   32|          0|
    |r_V_6896_fu_674                 |  32|   0|   32|          0|
    |r_V_6897_fu_678                 |  32|   0|   32|          0|
    |r_V_6898_fu_682                 |  32|   0|   32|          0|
    |r_V_6899_fu_686                 |  32|   0|   32|          0|
    |r_V_6900_fu_690                 |  32|   0|   32|          0|
    |r_V_6901_fu_694                 |  32|   0|   32|          0|
    |r_V_6902_fu_698                 |  32|   0|   32|          0|
    |r_V_6903_fu_702                 |  32|   0|   32|          0|
    |r_V_6904_fu_706                 |  32|   0|   32|          0|
    |r_V_6905_fu_710                 |  32|   0|   32|          0|
    |r_V_6906_fu_714                 |  32|   0|   32|          0|
    |r_V_6907_fu_718                 |  32|   0|   32|          0|
    |r_V_6908_fu_722                 |  32|   0|   32|          0|
    |r_V_6909_fu_726                 |  32|   0|   32|          0|
    |r_V_6910_fu_730                 |  32|   0|   32|          0|
    |r_V_6911_fu_734                 |  32|   0|   32|          0|
    |r_V_6912_fu_738                 |  32|   0|   32|          0|
    |r_V_6913_fu_742                 |  32|   0|   32|          0|
    |r_V_6914_fu_746                 |  32|   0|   32|          0|
    |r_V_6915_fu_750                 |  32|   0|   32|          0|
    |r_V_6916_fu_754                 |  32|   0|   32|          0|
    |r_V_6920_reg_7492               |  56|   0|   56|          0|
    |r_V_6921_reg_7497               |  51|   0|   51|          0|
    |r_V_6922_reg_7407               |  32|   0|   32|          0|
    |r_V_6923_reg_7510               |  56|   0|   56|          0|
    |r_V_6924_reg_7515               |  53|   0|   53|          0|
    |r_V_6925_reg_7527               |  56|   0|   56|          0|
    |r_V_6932_reg_7617               |  55|   0|   55|          0|
    |r_V_6933_reg_7622               |  56|   0|   56|          0|
    |r_V_6934_reg_7627               |  56|   0|   56|          0|
    |r_V_6935_reg_7632               |  57|   0|   57|          0|
    |r_V_6941_reg_7689               |  55|   0|   55|          0|
    |r_V_6942_reg_7694               |  55|   0|   55|          0|
    |r_V_6943_reg_7699               |  57|   0|   57|          0|
    |r_V_6944_reg_7704               |  56|   0|   56|          0|
    |r_V_6950_reg_7747               |  55|   0|   55|          0|
    |r_V_6951_reg_7752               |  54|   0|   54|          0|
    |r_V_6952_reg_7757               |  54|   0|   54|          0|
    |r_V_6953_reg_7762               |  56|   0|   56|          0|
    |r_V_6959_reg_7796               |  55|   0|   55|          0|
    |r_V_6960_reg_7801               |  55|   0|   55|          0|
    |r_V_6961_reg_7806               |  51|   0|   51|          0|
    |r_V_6962_reg_7811               |  55|   0|   55|          0|
    |r_V_6968_reg_7841               |  52|   0|   52|          0|
    |r_V_6969_reg_7846               |  51|   0|   51|          0|
    |r_V_6970_reg_7851               |  55|   0|   55|          0|
    |r_V_6971_reg_7856               |  57|   0|   57|          0|
    |r_V_6977_reg_7883               |  55|   0|   55|          0|
    |r_V_6978_reg_7888               |  56|   0|   56|          0|
    |r_V_6979_reg_7893               |  56|   0|   56|          0|
    |r_V_6980_reg_7898               |  55|   0|   55|          0|
    |r_V_6986_reg_7941               |  53|   0|   53|          0|
    |r_V_6987_reg_7946               |  57|   0|   57|          0|
    |r_V_6988_reg_7951               |  52|   0|   52|          0|
    |r_V_6989_reg_7956               |  51|   0|   51|          0|
    |r_V_6995_reg_7986               |  54|   0|   54|          0|
    |r_V_6996_reg_7991               |  52|   0|   52|          0|
    |r_V_6997_reg_7996               |  57|   0|   57|          0|
    |r_V_6998_reg_8001               |  55|   0|   55|          0|
    |r_V_7004_reg_8026               |  55|   0|   55|          0|
    |r_V_7005_reg_8031               |  54|   0|   54|          0|
    |r_V_7006_reg_8036               |  57|   0|   57|          0|
    |r_V_7007_reg_8041               |  56|   0|   56|          0|
    |r_V_7013_reg_8061               |  54|   0|   54|          0|
    |r_V_7014_reg_8066               |  54|   0|   54|          0|
    |r_V_7015_reg_8071               |  56|   0|   56|          0|
    |r_V_7016_reg_8076               |  54|   0|   54|          0|
    |r_V_7022_reg_8096               |  58|   0|   58|          0|
    |r_V_7023_reg_8101               |  52|   0|   52|          0|
    |r_V_7024_reg_8106               |  52|   0|   52|          0|
    |r_V_7025_reg_8111               |  53|   0|   53|          0|
    |r_V_7031_reg_8137               |  55|   0|   55|          0|
    |r_V_7032_reg_8142               |  57|   0|   57|          0|
    |r_V_7033_reg_8147               |  54|   0|   54|          0|
    |r_V_7034_reg_8152               |  57|   0|   57|          0|
    |r_V_7040_reg_8177               |  57|   0|   57|          0|
    |r_V_7041_reg_8182               |  57|   0|   57|          0|
    |r_V_7042_reg_8187               |  58|   0|   58|          0|
    |r_V_7043_reg_8192               |  57|   0|   57|          0|
    |r_V_7049_reg_8212               |  53|   0|   53|          0|
    |r_V_7050_reg_8217               |  56|   0|   56|          0|
    |r_V_7051_reg_8222               |  49|   0|   49|          0|
    |r_V_7052_reg_8227               |  55|   0|   55|          0|
    |r_V_7058_reg_8247               |  55|   0|   55|          0|
    |r_V_7059_reg_8252               |  56|   0|   56|          0|
    |r_V_7060_reg_8257               |  58|   0|   58|          0|
    |r_V_7061_reg_8262               |  55|   0|   55|          0|
    |r_V_7062_reg_8267               |  57|   0|   57|          0|
    |r_V_77_reg_7446                 |  32|   0|   32|          0|
    |r_V_fu_482                      |  32|   0|   32|          0|
    |r_V_load_reg_7347               |  32|   0|   32|          0|
    |sel_tmp_reg_7537                |   1|   0|    1|          0|
    |sel_tmp_reg_7537_pp0_iter1_reg  |   1|   0|    1|          0|
    |select_ln49_23_reg_7338         |   1|   0|    1|          0|
    |select_ln49_reg_7334            |   5|   0|    5|          0|
    |sext_ln1316_2079_reg_7642       |  57|   0|   57|          0|
    |sext_ln1316_2080_reg_7456       |  55|   0|   55|          0|
    |sext_ln1316_2081_reg_7462       |  56|   0|   56|          0|
    |sext_ln1316_2082_reg_8121       |  57|   0|   57|          0|
    |sext_ln1316_2083_reg_7866       |  55|   0|   55|          0|
    |sext_ln1316_2084_reg_7557       |  54|   0|   54|          0|
    |sext_ln1316_2085_reg_7469       |  56|   0|   56|          0|
    |sext_ln1316_2086_reg_8011       |  54|   0|   54|          0|
    |sext_ln1316_2087_reg_7647       |  56|   0|   56|          0|
    |sext_ln1316_2088_reg_7563       |  57|   0|   57|          0|
    |sext_ln1316_2089_reg_7477       |  55|   0|   55|          0|
    |sext_ln1316_2090_reg_7821       |  54|   0|   54|          0|
    |sext_ln1316_2091_reg_7714       |  52|   0|   52|          0|
    |sext_ln1316_2092_reg_7655       |  55|   0|   55|          0|
    |sext_ln1316_2093_reg_7570       |  57|   0|   57|          0|
    |sext_ln1316_2094_reg_7487       |  56|   0|   56|          0|
    |sext_ln1316_2095_reg_7966       |  54|   0|   54|          0|
    |sext_ln1316_2096_reg_7915       |  53|   0|   53|          0|
    |sext_ln1316_2097_reg_7576       |  55|   0|   55|          0|
    |sext_ln1316_2099_reg_7971       |  52|   0|   52|          0|
    |sext_ln1316_2100_reg_7920       |  57|   0|   57|          0|
    |sext_ln1316_2101_reg_7719       |  54|   0|   54|          0|
    |sext_ln1316_2102_reg_7662       |  55|   0|   55|          0|
    |sext_ln1316_2103_reg_7502       |  56|   0|   56|          0|
    |sext_ln1316_2104_reg_8162       |  58|   0|   58|          0|
    |sext_ln1316_2105_reg_7926       |  52|   0|   52|          0|
    |sext_ln1316_2106_reg_7725       |  54|   0|   54|          0|
    |sext_ln1316_2107_reg_7667       |  57|   0|   57|          0|
    |sext_ln1316_2108_reg_7587       |  56|   0|   56|          0|
    |sext_ln1316_2110_reg_7772       |  55|   0|   55|          0|
    |sext_ln1316_2111_reg_7593       |  57|   0|   57|          0|
    |sext_ln1316_2112_reg_7520       |  56|   0|   56|          0|
    |sext_ln1316_2113_reg_7826       |  51|   0|   51|          0|
    |sext_ln1316_2114_reg_7780       |  55|   0|   55|          0|
    |sext_ln1316_2115_reg_7730       |  57|   0|   57|          0|
    |sext_ln1316_2116_reg_7673       |  53|   0|   53|          0|
    |sext_ln1316_2117_reg_7600       |  56|   0|   56|          0|
    |sext_ln1316_reg_7908            |  58|   0|   58|          0|
    |tmp_3693_reg_7612               |  32|   0|   32|          0|
    |tmp_3700_reg_7684               |  32|   0|   32|          0|
    |tmp_3708_reg_7742               |  32|   0|   32|          0|
    |tmp_3715_reg_7791               |  32|   0|   32|          0|
    |tmp_3722_reg_7836               |  32|   0|   32|          0|
    |tmp_3729_reg_7878               |  32|   0|   32|          0|
    |tmp_3736_reg_7936               |  32|   0|   32|          0|
    |tmp_3741_reg_7961               |  32|   0|   32|          0|
    |tmp_3744_reg_7981               |  32|   0|   32|          0|
    |tmp_3751_reg_8021               |  32|   0|   32|          0|
    |tmp_3756_reg_8046               |  32|   0|   32|          0|
    |tmp_3759_reg_8056               |  32|   0|   32|          0|
    |tmp_3766_reg_8091               |  32|   0|   32|          0|
    |tmp_3771_reg_8116               |  32|   0|   32|          0|
    |tmp_3774_reg_8132               |  32|   0|   32|          0|
    |tmp_3779_reg_8157               |  32|   0|   32|          0|
    |tmp_3782_reg_8172               |  32|   0|   32|          0|
    |tmp_3789_reg_8207               |  32|   0|   32|          0|
    |tmp_3797_reg_8242               |  32|   0|   32|          0|
    |tmp_s_reg_7482                  |  32|   0|   32|          0|
    |trunc_ln864_453_reg_7737        |  32|   0|   32|          0|
    |trunc_ln864_454_reg_7786        |  32|   0|   32|          0|
    |trunc_ln864_455_reg_7831        |  32|   0|   32|          0|
    |trunc_ln864_456_reg_7873        |  32|   0|   32|          0|
    |trunc_ln864_457_reg_7931        |  32|   0|   32|          0|
    |trunc_ln864_458_reg_7976        |  32|   0|   32|          0|
    |trunc_ln864_459_reg_8016        |  32|   0|   32|          0|
    |trunc_ln864_460_reg_8051        |  32|   0|   32|          0|
    |trunc_ln864_461_reg_8086        |  32|   0|   32|          0|
    |trunc_ln864_462_reg_8127        |  32|   0|   32|          0|
    |trunc_ln864_463_reg_8167        |  32|   0|   32|          0|
    |trunc_ln864_464_reg_8202        |  32|   0|   32|          0|
    |trunc_ln864_465_reg_8237        |  32|   0|   32|          0|
    |trunc_ln864_s_reg_7679          |  32|   0|   32|          0|
    |trunc_ln_reg_7607               |  32|   0|   32|          0|
    +--------------------------------+----+----+-----+-----------+
    |Total                           |9638|   0| 9638|          0|
    +--------------------------------+----+----+-----+-----------+



================================================================
== Interface
================================================================
* Summary: 
+--------------------------------+-----+-----+------------+---------------------------+--------------+
|            RTL Ports           | Dir | Bits|  Protocol  |       Source Object       |    C Type    |
+--------------------------------+-----+-----+------------+---------------------------+--------------+
|ap_clk                          |   in|    1|  ap_ctrl_hs|  conv1_Loop_CHeight_proc20|  return value|
|ap_rst                          |   in|    1|  ap_ctrl_hs|  conv1_Loop_CHeight_proc20|  return value|
|ap_start                        |   in|    1|  ap_ctrl_hs|  conv1_Loop_CHeight_proc20|  return value|
|ap_done                         |  out|    1|  ap_ctrl_hs|  conv1_Loop_CHeight_proc20|  return value|
|ap_continue                     |   in|    1|  ap_ctrl_hs|  conv1_Loop_CHeight_proc20|  return value|
|ap_idle                         |  out|    1|  ap_ctrl_hs|  conv1_Loop_CHeight_proc20|  return value|
|ap_ready                        |  out|    1|  ap_ctrl_hs|  conv1_Loop_CHeight_proc20|  return value|
|full_in_float14_dout            |   in|   32|     ap_fifo|            full_in_float14|       pointer|
|full_in_float14_num_data_valid  |   in|    2|     ap_fifo|            full_in_float14|       pointer|
|full_in_float14_fifo_cap        |   in|    2|     ap_fifo|            full_in_float14|       pointer|
|full_in_float14_empty_n         |   in|    1|     ap_fifo|            full_in_float14|       pointer|
|full_in_float14_read            |  out|    1|     ap_fifo|            full_in_float14|       pointer|
|conv1_out16_din                 |  out|   32|     ap_fifo|                conv1_out16|       pointer|
|conv1_out16_num_data_valid      |   in|    2|     ap_fifo|                conv1_out16|       pointer|
|conv1_out16_fifo_cap            |   in|    2|     ap_fifo|                conv1_out16|       pointer|
|conv1_out16_full_n              |   in|    1|     ap_fifo|                conv1_out16|       pointer|
|conv1_out16_write               |  out|    1|     ap_fifo|                conv1_out16|       pointer|
+--------------------------------+-----+-----+------------+---------------------------+--------------+

