

================================================================
== Vitis HLS Report for 'decode'
================================================================
* Date:           Wed Jan 31 18:24:40 2024

* Version:        2023.1 (Build 3854077 on May  4 2023)
* Project:        LSI_decoder
* Solution:       solution1 (Vivado IP Flow Target)
* Product family: zynq
* Target device:  xc7z010i-clg225-1L


================================================================
== Performance Estimates
================================================================
+ Timing: 
    * Summary: 
    +--------+----------+----------+------------+
    |  Clock |  Target  | Estimated| Uncertainty|
    +--------+----------+----------+------------+
    |ap_clk  |  10.00 ns|  8.223 ns|     2.70 ns|
    +--------+----------+----------+------------+

+ Latency: 
    * Summary: 
    +---------+---------+----------+----------+-------+-------+----------+
    |  Latency (cycles) |  Latency (absolute) |    Interval   | Pipeline |
    |   min   |   max   |    min   |    max   |  min  |  max  |   Type   |
    +---------+---------+----------+----------+-------+-------+----------+
    |    14928|    14928|  0.149 ms|  0.149 ms|  14619|  14619|  dataflow|
    +---------+---------+----------+----------+-------+-------+----------+

    + Detail: 
        * Instance: 
        +------------+---------+---------+---------+-----------+-----------+-------+-------+---------+
        |            |         |  Latency (cycles) |   Latency (absolute)  |    Interval   | Pipeline|
        |  Instance  |  Module |   min   |   max   |    min    |    max    |  min  |  max  |   Type  |
        +------------+---------+---------+---------+-----------+-----------+-------+-------+---------+
        |conv4_U0    |conv4    |      362|      362|   3.620 us|   3.620 us|    362|    362|       no|
        |upsamp4_U0  |upsamp4  |      521|      521|   5.210 us|   5.210 us|    521|    521|       no|
        |conv5_U0    |conv5    |      874|      874|   8.740 us|   8.740 us|    874|    874|       no|
        |upsamp5_U0  |upsamp5  |     2057|     2057|  20.570 us|  20.570 us|   2057|   2057|       no|
        |conv6_U0    |conv6    |     4171|     4171|  41.710 us|  41.710 us|   4171|   4171|       no|
        |upsamp6_U0  |upsamp6  |    12561|    12561|   0.126 ms|   0.126 ms|  12561|  12561|       no|
        |conv7_U0    |conv7    |    14618|    14618|   0.146 ms|   0.146 ms|  14618|  14618|       no|
        +------------+---------+---------+---------+-----------+-----------+-------+-------+---------+

        * Loop: 
        N/A



================================================================
== Utilization Estimates
================================================================
* Summary: 
+-----------------+---------+------+--------+--------+-----+
|       Name      | BRAM_18K|  DSP |   FF   |   LUT  | URAM|
+-----------------+---------+------+--------+--------+-----+
|DSP              |        -|     -|       -|       -|    -|
|Expression       |        -|     -|       0|       2|    -|
|FIFO             |        -|     -|     594|     408|    -|
|Instance         |        9|  1695|  574162|  342711|    0|
|Memory           |        -|     -|       -|       -|    -|
|Multiplexer      |        -|     -|       -|       -|    -|
|Register         |        -|     -|       -|       -|    -|
+-----------------+---------+------+--------+--------+-----+
|Total            |        9|  1695|  574756|  343121|    0|
+-----------------+---------+------+--------+--------+-----+
|Available        |      120|    80|   35200|   17600|    0|
+-----------------+---------+------+--------+--------+-----+
|Utilization (%)  |        7|  2118|    1632|    1949|    0|
+-----------------+---------+------+--------+--------+-----+

+ Detail: 
    * Instance: 
    +------------+---------+---------+-----+--------+--------+-----+
    |  Instance  |  Module | BRAM_18K| DSP |   FF   |   LUT  | URAM|
    +------------+---------+---------+-----+--------+--------+-----+
    |conv4_U0    |conv4    |        0|  467|  132160|   85354|    0|
    |conv5_U0    |conv5    |        0|  498|  138623|   88939|    0|
    |conv6_U0    |conv6    |        0|  586|  221464|  133764|    0|
    |conv7_U0    |conv7    |        0|  144|   77193|   32759|    0|
    |upsamp4_U0  |upsamp4  |        3|    0|    1102|     496|    0|
    |upsamp5_U0  |upsamp5  |        3|    0|    1130|     497|    0|
    |upsamp6_U0  |upsamp6  |        3|    0|    2490|     902|    0|
    +------------+---------+---------+-----+--------+--------+-----+
    |Total       |         |        9| 1695|  574162|  342711|    0|
    +------------+---------+---------+-----+--------+--------+-----+

    * DSP: 
    N/A

    * Memory: 
    N/A

    * FIFO: 
    +---------------+---------+----+----+-----+------+-----+---------+
    |      Name     | BRAM_18K| FF | LUT| URAM| Depth| Bits| Size:D*B|
    +---------------+---------+----+----+-----+------+-----+---------+
    |conv4_out_U    |        0|  99|   0|    -|     2|   40|       80|
    |conv5_out_U    |        0|  99|   0|    -|     2|   40|       80|
    |conv6_out_U    |        0|  99|   0|    -|     2|   40|       80|
    |upsamp4_out_U  |        0|  99|   0|    -|     2|   40|       80|
    |upsamp5_out_U  |        0|  99|   0|    -|     2|   40|       80|
    |upsamp6_out_U  |        0|  99|   0|    -|     2|   40|       80|
    +---------------+---------+----+----+-----+------+-----+---------+
    |Total          |        0| 594|   0|    0|    12|  240|      480|
    +---------------+---------+----+----+-----+------+-----+---------+

    * Expression: 
    +--------------+----------+----+---+----+------------+------------+
    | Variable Name| Operation| DSP| FF| LUT| Bitwidth P0| Bitwidth P1|
    +--------------+----------+----+---+----+------------+------------+
    |ap_idle       |       and|   0|  0|   2|           1|           1|
    +--------------+----------+----+---+----+------------+------------+
    |Total         |          |   0|  0|   2|           1|           1|
    +--------------+----------+----+---+----+------------+------------+

    * Multiplexer: 
    N/A

    * Register: 
    N/A



================================================================
== Interface
================================================================
* Summary: 
+-----------------+-----+-----+------------+--------------+--------------+
|    RTL Ports    | Dir | Bits|  Protocol  | Source Object|    C Type    |
+-----------------+-----+-----+------------+--------------+--------------+
|full_in_TDATA    |   in|   40|        axis|       full_in|       pointer|
|full_in_TVALID   |   in|    1|        axis|       full_in|       pointer|
|full_in_TREADY   |  out|    1|        axis|       full_in|       pointer|
|full_out_TDATA   |  out|   40|        axis|      full_out|       pointer|
|full_out_TVALID  |  out|    1|        axis|      full_out|       pointer|
|full_out_TREADY  |   in|    1|        axis|      full_out|       pointer|
|ap_clk           |   in|    1|  ap_ctrl_hs|        decode|  return value|
|ap_rst_n         |   in|    1|  ap_ctrl_hs|        decode|  return value|
|ap_start         |   in|    1|  ap_ctrl_hs|        decode|  return value|
|ap_done          |  out|    1|  ap_ctrl_hs|        decode|  return value|
|ap_ready         |  out|    1|  ap_ctrl_hs|        decode|  return value|
|ap_idle          |  out|    1|  ap_ctrl_hs|        decode|  return value|
+-----------------+-----+-----+------------+--------------+--------------+

