

================================================================
== Vitis HLS Report for 'sp_upsamp_ap_fixed_32_6_5_3_0_4'
================================================================
* Date:           Tue Feb 27 23:58:24 2024

* Version:        2022.1 (Build 3526262 on Mon Apr 18 15:47:01 MDT 2022)
* Project:        123
* Solution:       solution1 (Vivado IP Flow Target)
* Product family: zynquplus
* Target device:  xczu7ev-ffvc1156-2-e


================================================================
== Performance Estimates
================================================================
+ Timing: 
    * Summary: 
    +--------+----------+----------+------------+
    |  Clock |  Target  | Estimated| Uncertainty|
    +--------+----------+----------+------------+
    |ap_clk  |  10.00 ns|  3.615 ns|     2.70 ns|
    +--------+----------+----------+------------+

+ Latency: 
    * Summary: 
    +---------+---------+----------+----------+-------+-------+---------+
    |  Latency (cycles) |  Latency (absolute) |    Interval   | Pipeline|
    |   min   |   max   |    min   |    max   |  min  |  max  |   Type  |
    +---------+---------+----------+----------+-------+-------+---------+
    |    12547|    12547|  0.125 ms|  0.125 ms|  12547|  12547|       no|
    +---------+---------+----------+----------+-------+-------+---------+

    + Detail: 
        * Instance: 
        N/A

        * Loop: 
        +------------------+---------+---------+----------+-----------+-----------+------+----------+
        |                  |  Latency (cycles) | Iteration|  Initiation Interval  | Trip |          |
        |     Loop Name    |   min   |   max   |  Latency |  achieved |   target  | Count| Pipelined|
        +------------------+---------+---------+----------+-----------+-----------+------+----------+
        |- UHeight_UWidth  |    12545|    12545|        18|         16|          1|   784|       yes|
        +------------------+---------+---------+----------+-----------+-----------+------+----------+

============================================================
+ Verbose Summary: Synthesis Manager
============================================================
InlineROM: 1
ExposeGlobal: 0
============================================================
+ Verbose Summary: CDFG Model
============================================================
IsTopModel: 0
ResetActiveHigh: 1
IsCombinational: 2
IsDatapathOnly: 0
HasWiredReturn: 1
HasMFsm: 2
HasVarLatency: 1
IsPipeline: 0
IsRtlPipelined: 0
IsInstanceOverlapped: 0
IsDontTouch: 0
HasImplIP: 0
IsGatedGlobalClock: 0

+ Individual pipeline summary: 
  * Pipeline-0: initiation interval (II) = 16, depth = 18


============================================================
+ Verbose Summary: Schedule
============================================================
* Number of FSM states : 18
* Pipeline : 1
  Pipeline-0 : II = 16, D = 18, States = { 1 2 3 4 5 6 7 8 9 10 11 12 13 14 15 16 17 18 }
* Dataflow Pipeline: 0

* FSM state transitions: 
1 --> 2 
2 --> 3 
3 --> 4 
4 --> 5 
5 --> 6 
6 --> 7 
7 --> 8 
8 --> 9 
9 --> 10 
10 --> 11 
11 --> 12 
12 --> 13 
13 --> 14 
14 --> 15 
15 --> 16 
16 --> 17 
17 --> 18 
18 --> 

* FSM state operations: 

State 1 <SV = 0> <Delay = 3.61>
ST_1 : Operation 21 [1/1] (0.00ns)   --->   "%cona_col = alloca i32 1"   --->   Operation 21 'alloca' 'cona_col' <Predicate = true> <Delay = 0.00>
ST_1 : Operation 22 [1/1] (0.00ns)   --->   "%cona_row = alloca i32 1"   --->   Operation 22 'alloca' 'cona_row' <Predicate = true> <Delay = 0.00>
ST_1 : Operation 23 [1/1] (0.00ns)   --->   "%indvar_flatten = alloca i32 1"   --->   Operation 23 'alloca' 'indvar_flatten' <Predicate = true> <Delay = 0.00>
ST_1 : Operation 24 [1/1] (0.00ns)   --->   "%specinterface_ln0 = specinterface void @_ssdm_op_SpecInterface, i32 %conv6_out26, void @empty_6, i32 0, i32 0, void @empty_7, i32 0, i32 0, void @empty_7, void @empty_7, void @empty_7, i32 0, i32 0, i32 0, i32 0, void @empty_7, void @empty_7, i32 4294967295, i32 0"   --->   Operation 24 'specinterface' 'specinterface_ln0' <Predicate = true> <Delay = 0.00>
ST_1 : Operation 25 [1/1] (0.00ns)   --->   "%specinterface_ln0 = specinterface void @_ssdm_op_SpecInterface, i32 %upsamp6_out27, void @empty_6, i32 0, i32 0, void @empty_7, i32 0, i32 0, void @empty_7, void @empty_7, void @empty_7, i32 0, i32 0, i32 0, i32 0, void @empty_7, void @empty_7, i32 4294967295, i32 0"   --->   Operation 25 'specinterface' 'specinterface_ln0' <Predicate = true> <Delay = 0.00>
ST_1 : Operation 26 [1/1] (0.42ns)   --->   "%store_ln159 = store i10 0, i10 %indvar_flatten" [AutoEncoder.cpp:159]   --->   Operation 26 'store' 'store_ln159' <Predicate = true> <Delay = 0.42>
ST_1 : Operation 27 [1/1] (0.42ns)   --->   "%store_ln159 = store i5 0, i5 %cona_row" [AutoEncoder.cpp:159]   --->   Operation 27 'store' 'store_ln159' <Predicate = true> <Delay = 0.42>
ST_1 : Operation 28 [1/1] (0.42ns)   --->   "%store_ln159 = store i5 0, i5 %cona_col" [AutoEncoder.cpp:159]   --->   Operation 28 'store' 'store_ln159' <Predicate = true> <Delay = 0.42>
ST_1 : Operation 29 [1/1] (0.00ns)   --->   "%br_ln159 = br void %for.body9" [AutoEncoder.cpp:159]   --->   Operation 29 'br' 'br_ln159' <Predicate = true> <Delay = 0.00>
ST_1 : Operation 30 [1/1] (0.00ns)   --->   "%indvar_flatten_load = load i10 %indvar_flatten" [AutoEncoder.cpp:159]   --->   Operation 30 'load' 'indvar_flatten_load' <Predicate = true> <Delay = 0.00>
ST_1 : Operation 31 [1/1] (0.91ns)   --->   "%icmp_ln159 = icmp_eq  i10 %indvar_flatten_load, i10 784" [AutoEncoder.cpp:159]   --->   Operation 31 'icmp' 'icmp_ln159' <Predicate = true> <Delay = 0.91> <CoreInst = "Cmp">   --->   Core 9 'Cmp' <Latency = 0> <II = 1> <Delay = 0.91> <FuncUnit> <Opcode : 'icmp'> <InPorts = 2> <OutPorts = 1>
ST_1 : Operation 32 [1/1] (0.78ns)   --->   "%add_ln159 = add i10 %indvar_flatten_load, i10 1" [AutoEncoder.cpp:159]   --->   Operation 32 'add' 'add_ln159' <Predicate = true> <Delay = 0.78> <CoreInst = "Adder">   --->   Core 1 'Adder' <Latency = 0> <II = 1> <Delay = 0.78> <FuncUnit> <Opcode : 'add' 'sub'> <InPorts = 2> <OutPorts = 1>
ST_1 : Operation 33 [1/1] (0.00ns)   --->   "%br_ln159 = br i1 %icmp_ln159, void %for.inc22, void %for.end24" [AutoEncoder.cpp:159]   --->   Operation 33 'br' 'br_ln159' <Predicate = true> <Delay = 0.00>
ST_1 : Operation 34 [1/1] (0.00ns)   --->   "%cona_col_load = load i5 %cona_col" [AutoEncoder.cpp:160]   --->   Operation 34 'load' 'cona_col_load' <Predicate = (!icmp_ln159)> <Delay = 0.00>
ST_1 : Operation 35 [1/1] (0.00ns)   --->   "%cona_row_load = load i5 %cona_row" [AutoEncoder.cpp:159]   --->   Operation 35 'load' 'cona_row_load' <Predicate = (!icmp_ln159)> <Delay = 0.00>
ST_1 : Operation 36 [1/1] (0.75ns)   --->   "%icmp_ln160 = icmp_eq  i5 %cona_col_load, i5 28" [AutoEncoder.cpp:160]   --->   Operation 36 'icmp' 'icmp_ln160' <Predicate = (!icmp_ln159)> <Delay = 0.75> <CoreInst = "Cmp">   --->   Core 9 'Cmp' <Latency = 0> <II = 1> <Delay = 0.75> <FuncUnit> <Opcode : 'icmp'> <InPorts = 2> <OutPorts = 1>
ST_1 : Operation 37 [1/1] (0.41ns)   --->   "%select_ln159 = select i1 %icmp_ln160, i5 0, i5 %cona_col_load" [AutoEncoder.cpp:159]   --->   Operation 37 'select' 'select_ln159' <Predicate = (!icmp_ln159)> <Delay = 0.41> <CoreInst = "Sel">   --->   Core 73 'Sel' <Latency = 0> <II = 1> <Delay = 0.41> <FuncUnit> <Opcode : 'select'> <InPorts = 3> <OutPorts = 1>
ST_1 : Operation 38 [1/1] (0.78ns)   --->   "%add_ln159_1 = add i5 %cona_row_load, i5 1" [AutoEncoder.cpp:159]   --->   Operation 38 'add' 'add_ln159_1' <Predicate = (!icmp_ln159)> <Delay = 0.78> <CoreInst = "Adder">   --->   Core 1 'Adder' <Latency = 0> <II = 1> <Delay = 0.78> <FuncUnit> <Opcode : 'add' 'sub'> <InPorts = 2> <OutPorts = 1>
ST_1 : Operation 39 [1/1] (0.41ns)   --->   "%select_ln159_1 = select i1 %icmp_ln160, i5 %add_ln159_1, i5 %cona_row_load" [AutoEncoder.cpp:159]   --->   Operation 39 'select' 'select_ln159_1' <Predicate = (!icmp_ln159)> <Delay = 0.41> <CoreInst = "Sel">   --->   Core 73 'Sel' <Latency = 0> <II = 1> <Delay = 0.41> <FuncUnit> <Opcode : 'select'> <InPorts = 3> <OutPorts = 1>
ST_1 : Operation 40 [1/1] (0.00ns)   --->   "%trunc_ln159 = trunc i5 %select_ln159_1" [AutoEncoder.cpp:159]   --->   Operation 40 'trunc' 'trunc_ln159' <Predicate = (!icmp_ln159)> <Delay = 0.00>
ST_1 : Operation 41 [1/1] (0.00ns)   --->   "%trunc_ln160 = trunc i5 %select_ln159" [AutoEncoder.cpp:160]   --->   Operation 41 'trunc' 'trunc_ln160' <Predicate = (!icmp_ln159)> <Delay = 0.00>
ST_1 : Operation 42 [1/1] (0.00ns)   --->   "%div15_udiv = partselect i4 @_ssdm_op_PartSelect.i4.i5.i32.i32, i5 %select_ln159, i32 1, i32 4" [AutoEncoder.cpp:159]   --->   Operation 42 'partselect' 'div15_udiv' <Predicate = (!icmp_ln159)> <Delay = 0.00>
ST_1 : Operation 43 [1/1] (0.28ns)   --->   "%empty_49 = or i1 %trunc_ln160, i1 %trunc_ln159" [AutoEncoder.cpp:160]   --->   Operation 43 'or' 'empty_49' <Predicate = (!icmp_ln159)> <Delay = 0.28> <CoreInst = "LogicGate">   --->   Core 74 'LogicGate' <Latency = 0> <II = 1> <Delay = 0.28> <FuncUnit> <Opcode : 'and' 'or' 'xor'> <InPorts = 2> <OutPorts = 1>
ST_1 : Operation 44 [1/1] (0.00ns)   --->   "%br_ln163 = br i1 %empty_49, void %if.then.15, void %for.inc.14.thread" [AutoEncoder.cpp:163]   --->   Operation 44 'br' 'br_ln163' <Predicate = (!icmp_ln159)> <Delay = 0.00>
ST_1 : Operation 45 [1/1] (1.83ns)   --->   "%tmp = read i32 @_ssdm_op_Read.ap_fifo.volatile.i32P0A, i32 %conv6_out26" [/tools/Xilinx/Vitis_HLS/2022.1/common/technology/autopilot/hls_stream_39.h:145]   --->   Operation 45 'read' 'tmp' <Predicate = (!icmp_ln159 & !empty_49)> <Delay = 1.83> <CoreInst = "FIFO_SRL">   --->   Core 81 'FIFO_SRL' <Latency = 0> <II = 1> <Delay = 1.83> <Storage> <Opcode : 'read' 'write' 'nbread' 'nbwrite'> <Ports = 0> <Width = 32> <Depth = 2> <FIFO>
ST_1 : Operation 46 [1/1] (0.00ns)   --->   "%zext_ln165 = zext i4 %div15_udiv" [AutoEncoder.cpp:165]   --->   Operation 46 'zext' 'zext_ln165' <Predicate = (!icmp_ln159 & !empty_49)> <Delay = 0.00>
ST_1 : Operation 47 [1/1] (0.00ns)   --->   "%upsam_buf_addr = getelementptr i32 %upsam_buf, i64 0, i64 %zext_ln165" [AutoEncoder.cpp:165]   --->   Operation 47 'getelementptr' 'upsam_buf_addr' <Predicate = (!icmp_ln159 & !empty_49)> <Delay = 0.00>
ST_1 : Operation 48 [1/1] (1.23ns)   --->   "%store_ln165 = store i32 %tmp, i8 %upsam_buf_addr" [AutoEncoder.cpp:165]   --->   Operation 48 'store' 'store_ln165' <Predicate = (!icmp_ln159 & !empty_49)> <Delay = 1.23> <CoreInst = "RAM">   --->   Core 83 'RAM' <Latency = 1> <II = 1> <Delay = 1.23> <Storage> <Opcode : 'load' 'store'> <Ports = 2> <Width = 32> <Depth = 224> <RAM>
ST_1 : Operation 49 [1/1] (0.00ns)   --->   "%zext_ln167 = zext i4 %div15_udiv" [AutoEncoder.cpp:167]   --->   Operation 49 'zext' 'zext_ln167' <Predicate = (!icmp_ln159 & empty_49)> <Delay = 0.00>
ST_1 : Operation 50 [1/1] (0.00ns)   --->   "%upsam_buf_addr_16 = getelementptr i32 %upsam_buf, i64 0, i64 %zext_ln167" [/tools/Xilinx/Vitis_HLS/2022.1/common/technology/autopilot/hls_stream_39.h:174]   --->   Operation 50 'getelementptr' 'upsam_buf_addr_16' <Predicate = (!icmp_ln159 & empty_49)> <Delay = 0.00>
ST_1 : Operation 51 [2/2] (1.23ns)   --->   "%upsam_buf_load = load i8 %upsam_buf_addr_16" [/tools/Xilinx/Vitis_HLS/2022.1/common/technology/autopilot/hls_stream_39.h:174]   --->   Operation 51 'load' 'upsam_buf_load' <Predicate = (!icmp_ln159 & empty_49)> <Delay = 1.23> <CoreInst = "RAM">   --->   Core 83 'RAM' <Latency = 1> <II = 1> <Delay = 1.23> <Storage> <Opcode : 'load' 'store'> <Ports = 2> <Width = 32> <Depth = 224> <RAM>
ST_1 : Operation 52 [1/1] (0.78ns)   --->   "%cona_col_1 = add i5 %select_ln159, i5 1" [AutoEncoder.cpp:160]   --->   Operation 52 'add' 'cona_col_1' <Predicate = (!icmp_ln159)> <Delay = 0.78> <CoreInst = "Adder">   --->   Core 1 'Adder' <Latency = 0> <II = 1> <Delay = 0.78> <FuncUnit> <Opcode : 'add' 'sub'> <InPorts = 2> <OutPorts = 1>
ST_1 : Operation 53 [1/1] (0.42ns)   --->   "%store_ln160 = store i10 %add_ln159, i10 %indvar_flatten" [AutoEncoder.cpp:160]   --->   Operation 53 'store' 'store_ln160' <Predicate = (!icmp_ln159)> <Delay = 0.42>
ST_1 : Operation 54 [1/1] (0.42ns)   --->   "%store_ln160 = store i5 %select_ln159_1, i5 %cona_row" [AutoEncoder.cpp:160]   --->   Operation 54 'store' 'store_ln160' <Predicate = (!icmp_ln159)> <Delay = 0.42>
ST_1 : Operation 55 [1/1] (0.42ns)   --->   "%store_ln160 = store i5 %cona_col_1, i5 %cona_col" [AutoEncoder.cpp:160]   --->   Operation 55 'store' 'store_ln160' <Predicate = (!icmp_ln159)> <Delay = 0.42>

State 2 <SV = 1> <Delay = 3.07>
ST_2 : Operation 56 [1/1] (0.00ns)   --->   "%div15_udiv_cast = zext i4 %div15_udiv" [AutoEncoder.cpp:159]   --->   Operation 56 'zext' 'div15_udiv_cast' <Predicate = (!icmp_ln159)> <Delay = 0.00>
ST_2 : Operation 57 [1/1] (0.00ns)   --->   "%div15_udiv_cast70 = zext i4 %div15_udiv" [AutoEncoder.cpp:159]   --->   Operation 57 'zext' 'div15_udiv_cast70' <Predicate = (!icmp_ln159)> <Delay = 0.00>
ST_2 : Operation 58 [1/1] (1.83ns)   --->   "%tmp_1 = read i32 @_ssdm_op_Read.ap_fifo.volatile.i32P0A, i32 %conv6_out26" [/tools/Xilinx/Vitis_HLS/2022.1/common/technology/autopilot/hls_stream_39.h:145]   --->   Operation 58 'read' 'tmp_1' <Predicate = (!icmp_ln159 & !empty_49)> <Delay = 1.83> <CoreInst = "FIFO_SRL">   --->   Core 81 'FIFO_SRL' <Latency = 0> <II = 1> <Delay = 1.83> <Storage> <Opcode : 'read' 'write' 'nbread' 'nbwrite'> <Ports = 0> <Width = 32> <Depth = 2> <FIFO>
ST_2 : Operation 59 [1/1] (0.78ns)   --->   "%add_ln165 = add i5 %div15_udiv_cast, i5 14" [AutoEncoder.cpp:165]   --->   Operation 59 'add' 'add_ln165' <Predicate = (!icmp_ln159 & !empty_49)> <Delay = 0.78> <CoreInst = "Adder">   --->   Core 1 'Adder' <Latency = 0> <II = 1> <Delay = 0.78> <FuncUnit> <Opcode : 'add' 'sub'> <InPorts = 2> <OutPorts = 1>
ST_2 : Operation 60 [1/1] (0.00ns)   --->   "%zext_ln165_1 = zext i5 %add_ln165" [AutoEncoder.cpp:165]   --->   Operation 60 'zext' 'zext_ln165_1' <Predicate = (!icmp_ln159 & !empty_49)> <Delay = 0.00>
ST_2 : Operation 61 [1/1] (0.00ns)   --->   "%upsam_buf_addr_1 = getelementptr i32 %upsam_buf, i64 0, i64 %zext_ln165_1" [AutoEncoder.cpp:165]   --->   Operation 61 'getelementptr' 'upsam_buf_addr_1' <Predicate = (!icmp_ln159 & !empty_49)> <Delay = 0.00>
ST_2 : Operation 62 [1/1] (1.23ns)   --->   "%store_ln165 = store i32 %tmp_1, i8 %upsam_buf_addr_1" [AutoEncoder.cpp:165]   --->   Operation 62 'store' 'store_ln165' <Predicate = (!icmp_ln159 & !empty_49)> <Delay = 1.23> <CoreInst = "RAM">   --->   Core 83 'RAM' <Latency = 1> <II = 1> <Delay = 1.23> <Storage> <Opcode : 'load' 'store'> <Ports = 2> <Width = 32> <Depth = 224> <RAM>
ST_2 : Operation 63 [1/2] (1.23ns)   --->   "%upsam_buf_load = load i8 %upsam_buf_addr_16" [/tools/Xilinx/Vitis_HLS/2022.1/common/technology/autopilot/hls_stream_39.h:174]   --->   Operation 63 'load' 'upsam_buf_load' <Predicate = (!icmp_ln159 & empty_49)> <Delay = 1.23> <CoreInst = "RAM">   --->   Core 83 'RAM' <Latency = 1> <II = 1> <Delay = 1.23> <Storage> <Opcode : 'load' 'store'> <Ports = 2> <Width = 32> <Depth = 224> <RAM>
ST_2 : Operation 64 [1/1] (0.78ns)   --->   "%add_ln167 = add i5 %div15_udiv_cast, i5 14" [AutoEncoder.cpp:167]   --->   Operation 64 'add' 'add_ln167' <Predicate = (!icmp_ln159 & empty_49)> <Delay = 0.78> <CoreInst = "Adder">   --->   Core 1 'Adder' <Latency = 0> <II = 1> <Delay = 0.78> <FuncUnit> <Opcode : 'add' 'sub'> <InPorts = 2> <OutPorts = 1>
ST_2 : Operation 65 [1/1] (0.00ns)   --->   "%zext_ln167_1 = zext i5 %add_ln167" [AutoEncoder.cpp:167]   --->   Operation 65 'zext' 'zext_ln167_1' <Predicate = (!icmp_ln159 & empty_49)> <Delay = 0.00>
ST_2 : Operation 66 [1/1] (0.00ns)   --->   "%upsam_buf_addr_17 = getelementptr i32 %upsam_buf, i64 0, i64 %zext_ln167_1" [/tools/Xilinx/Vitis_HLS/2022.1/common/technology/autopilot/hls_stream_39.h:174]   --->   Operation 66 'getelementptr' 'upsam_buf_addr_17' <Predicate = (!icmp_ln159 & empty_49)> <Delay = 0.00>
ST_2 : Operation 67 [2/2] (1.23ns)   --->   "%upsam_buf_load_1 = load i8 %upsam_buf_addr_17" [/tools/Xilinx/Vitis_HLS/2022.1/common/technology/autopilot/hls_stream_39.h:174]   --->   Operation 67 'load' 'upsam_buf_load_1' <Predicate = (!icmp_ln159 & empty_49)> <Delay = 1.23> <CoreInst = "RAM">   --->   Core 83 'RAM' <Latency = 1> <II = 1> <Delay = 1.23> <Storage> <Opcode : 'load' 'store'> <Ports = 2> <Width = 32> <Depth = 224> <RAM>
ST_2 : Operation 68 [1/1] (0.78ns)   --->   "%add_ln167_1 = add i6 %div15_udiv_cast70, i6 28" [AutoEncoder.cpp:167]   --->   Operation 68 'add' 'add_ln167_1' <Predicate = (!icmp_ln159 & empty_49)> <Delay = 0.78> <CoreInst = "Adder">   --->   Core 1 'Adder' <Latency = 0> <II = 1> <Delay = 0.78> <FuncUnit> <Opcode : 'add' 'sub'> <InPorts = 2> <OutPorts = 1>
ST_2 : Operation 69 [1/1] (0.00ns)   --->   "%zext_ln167_2 = zext i6 %add_ln167_1" [AutoEncoder.cpp:167]   --->   Operation 69 'zext' 'zext_ln167_2' <Predicate = (!icmp_ln159 & empty_49)> <Delay = 0.00>
ST_2 : Operation 70 [1/1] (0.00ns)   --->   "%upsam_buf_addr_18 = getelementptr i32 %upsam_buf, i64 0, i64 %zext_ln167_2" [/tools/Xilinx/Vitis_HLS/2022.1/common/technology/autopilot/hls_stream_39.h:174]   --->   Operation 70 'getelementptr' 'upsam_buf_addr_18' <Predicate = (!icmp_ln159 & empty_49)> <Delay = 0.00>
ST_2 : Operation 71 [2/2] (1.23ns)   --->   "%upsam_buf_load_2 = load i8 %upsam_buf_addr_18" [/tools/Xilinx/Vitis_HLS/2022.1/common/technology/autopilot/hls_stream_39.h:174]   --->   Operation 71 'load' 'upsam_buf_load_2' <Predicate = (!icmp_ln159 & empty_49)> <Delay = 1.23> <CoreInst = "RAM">   --->   Core 83 'RAM' <Latency = 1> <II = 1> <Delay = 1.23> <Storage> <Opcode : 'load' 'store'> <Ports = 2> <Width = 32> <Depth = 224> <RAM>
ST_2 : Operation 257 [1/1] (0.00ns)   --->   "%ret_ln171 = ret" [AutoEncoder.cpp:171]   --->   Operation 257 'ret' 'ret_ln171' <Predicate = (icmp_ln159)> <Delay = 0.00>

State 3 <SV = 2> <Delay = 3.07>
ST_3 : Operation 72 [1/1] (0.00ns)   --->   "%div15_udiv_cast71 = zext i4 %div15_udiv" [AutoEncoder.cpp:159]   --->   Operation 72 'zext' 'div15_udiv_cast71' <Predicate = (!icmp_ln159)> <Delay = 0.00>
ST_3 : Operation 73 [1/1] (1.83ns)   --->   "%write_ln174 = write void @_ssdm_op_Write.ap_fifo.volatile.i32P0A, i32 %upsamp6_out27, i32 %tmp" [/tools/Xilinx/Vitis_HLS/2022.1/common/technology/autopilot/hls_stream_39.h:174]   --->   Operation 73 'write' 'write_ln174' <Predicate = (!icmp_ln159 & !empty_49)> <Delay = 1.83> <CoreInst = "FIFO_SRL">   --->   Core 81 'FIFO_SRL' <Latency = 0> <II = 1> <Delay = 1.83> <Storage> <Opcode : 'read' 'write' 'nbread' 'nbwrite'> <Ports = 0> <Width = 32> <Depth = 2> <FIFO>
ST_3 : Operation 74 [1/1] (1.83ns)   --->   "%tmp_2 = read i32 @_ssdm_op_Read.ap_fifo.volatile.i32P0A, i32 %conv6_out26" [/tools/Xilinx/Vitis_HLS/2022.1/common/technology/autopilot/hls_stream_39.h:145]   --->   Operation 74 'read' 'tmp_2' <Predicate = (!icmp_ln159 & !empty_49)> <Delay = 1.83> <CoreInst = "FIFO_SRL">   --->   Core 81 'FIFO_SRL' <Latency = 0> <II = 1> <Delay = 1.83> <Storage> <Opcode : 'read' 'write' 'nbread' 'nbwrite'> <Ports = 0> <Width = 32> <Depth = 2> <FIFO>
ST_3 : Operation 75 [1/1] (0.78ns)   --->   "%add_ln165_1 = add i6 %div15_udiv_cast70, i6 28" [AutoEncoder.cpp:165]   --->   Operation 75 'add' 'add_ln165_1' <Predicate = (!icmp_ln159 & !empty_49)> <Delay = 0.78> <CoreInst = "Adder">   --->   Core 1 'Adder' <Latency = 0> <II = 1> <Delay = 0.78> <FuncUnit> <Opcode : 'add' 'sub'> <InPorts = 2> <OutPorts = 1>
ST_3 : Operation 76 [1/1] (0.00ns)   --->   "%zext_ln165_2 = zext i6 %add_ln165_1" [AutoEncoder.cpp:165]   --->   Operation 76 'zext' 'zext_ln165_2' <Predicate = (!icmp_ln159 & !empty_49)> <Delay = 0.00>
ST_3 : Operation 77 [1/1] (0.00ns)   --->   "%upsam_buf_addr_2 = getelementptr i32 %upsam_buf, i64 0, i64 %zext_ln165_2" [AutoEncoder.cpp:165]   --->   Operation 77 'getelementptr' 'upsam_buf_addr_2' <Predicate = (!icmp_ln159 & !empty_49)> <Delay = 0.00>
ST_3 : Operation 78 [1/1] (1.23ns)   --->   "%store_ln165 = store i32 %tmp_2, i8 %upsam_buf_addr_2" [AutoEncoder.cpp:165]   --->   Operation 78 'store' 'store_ln165' <Predicate = (!icmp_ln159 & !empty_49)> <Delay = 1.23> <CoreInst = "RAM">   --->   Core 83 'RAM' <Latency = 1> <II = 1> <Delay = 1.23> <Storage> <Opcode : 'load' 'store'> <Ports = 2> <Width = 32> <Depth = 224> <RAM>
ST_3 : Operation 79 [1/1] (1.83ns)   --->   "%write_ln174 = write void @_ssdm_op_Write.ap_fifo.volatile.i32P0A, i32 %upsamp6_out27, i32 %upsam_buf_load" [/tools/Xilinx/Vitis_HLS/2022.1/common/technology/autopilot/hls_stream_39.h:174]   --->   Operation 79 'write' 'write_ln174' <Predicate = (!icmp_ln159 & empty_49)> <Delay = 1.83> <CoreInst = "FIFO_SRL">   --->   Core 81 'FIFO_SRL' <Latency = 0> <II = 1> <Delay = 1.83> <Storage> <Opcode : 'read' 'write' 'nbread' 'nbwrite'> <Ports = 0> <Width = 32> <Depth = 2> <FIFO>
ST_3 : Operation 80 [1/2] (1.23ns)   --->   "%upsam_buf_load_1 = load i8 %upsam_buf_addr_17" [/tools/Xilinx/Vitis_HLS/2022.1/common/technology/autopilot/hls_stream_39.h:174]   --->   Operation 80 'load' 'upsam_buf_load_1' <Predicate = (!icmp_ln159 & empty_49)> <Delay = 1.23> <CoreInst = "RAM">   --->   Core 83 'RAM' <Latency = 1> <II = 1> <Delay = 1.23> <Storage> <Opcode : 'load' 'store'> <Ports = 2> <Width = 32> <Depth = 224> <RAM>
ST_3 : Operation 81 [1/2] (1.23ns)   --->   "%upsam_buf_load_2 = load i8 %upsam_buf_addr_18" [/tools/Xilinx/Vitis_HLS/2022.1/common/technology/autopilot/hls_stream_39.h:174]   --->   Operation 81 'load' 'upsam_buf_load_2' <Predicate = (!icmp_ln159 & empty_49)> <Delay = 1.23> <CoreInst = "RAM">   --->   Core 83 'RAM' <Latency = 1> <II = 1> <Delay = 1.23> <Storage> <Opcode : 'load' 'store'> <Ports = 2> <Width = 32> <Depth = 224> <RAM>
ST_3 : Operation 82 [1/1] (0.78ns)   --->   "%add_ln167_2 = add i6 %div15_udiv_cast70, i6 42" [AutoEncoder.cpp:167]   --->   Operation 82 'add' 'add_ln167_2' <Predicate = (!icmp_ln159 & empty_49)> <Delay = 0.78> <CoreInst = "Adder">   --->   Core 1 'Adder' <Latency = 0> <II = 1> <Delay = 0.78> <FuncUnit> <Opcode : 'add' 'sub'> <InPorts = 2> <OutPorts = 1>
ST_3 : Operation 83 [1/1] (0.00ns)   --->   "%zext_ln167_3 = zext i6 %add_ln167_2" [AutoEncoder.cpp:167]   --->   Operation 83 'zext' 'zext_ln167_3' <Predicate = (!icmp_ln159 & empty_49)> <Delay = 0.00>
ST_3 : Operation 84 [1/1] (0.00ns)   --->   "%upsam_buf_addr_19 = getelementptr i32 %upsam_buf, i64 0, i64 %zext_ln167_3" [/tools/Xilinx/Vitis_HLS/2022.1/common/technology/autopilot/hls_stream_39.h:174]   --->   Operation 84 'getelementptr' 'upsam_buf_addr_19' <Predicate = (!icmp_ln159 & empty_49)> <Delay = 0.00>
ST_3 : Operation 85 [2/2] (1.23ns)   --->   "%upsam_buf_load_3 = load i8 %upsam_buf_addr_19" [/tools/Xilinx/Vitis_HLS/2022.1/common/technology/autopilot/hls_stream_39.h:174]   --->   Operation 85 'load' 'upsam_buf_load_3' <Predicate = (!icmp_ln159 & empty_49)> <Delay = 1.23> <CoreInst = "RAM">   --->   Core 83 'RAM' <Latency = 1> <II = 1> <Delay = 1.23> <Storage> <Opcode : 'load' 'store'> <Ports = 2> <Width = 32> <Depth = 224> <RAM>
ST_3 : Operation 86 [1/1] (0.77ns)   --->   "%add_ln167_3 = add i7 %div15_udiv_cast71, i7 56" [AutoEncoder.cpp:167]   --->   Operation 86 'add' 'add_ln167_3' <Predicate = (!icmp_ln159 & empty_49)> <Delay = 0.77> <CoreInst = "Adder">   --->   Core 1 'Adder' <Latency = 0> <II = 1> <Delay = 0.77> <FuncUnit> <Opcode : 'add' 'sub'> <InPorts = 2> <OutPorts = 1>
ST_3 : Operation 87 [1/1] (0.00ns)   --->   "%zext_ln167_4 = zext i7 %add_ln167_3" [AutoEncoder.cpp:167]   --->   Operation 87 'zext' 'zext_ln167_4' <Predicate = (!icmp_ln159 & empty_49)> <Delay = 0.00>
ST_3 : Operation 88 [1/1] (0.00ns)   --->   "%upsam_buf_addr_20 = getelementptr i32 %upsam_buf, i64 0, i64 %zext_ln167_4" [/tools/Xilinx/Vitis_HLS/2022.1/common/technology/autopilot/hls_stream_39.h:174]   --->   Operation 88 'getelementptr' 'upsam_buf_addr_20' <Predicate = (!icmp_ln159 & empty_49)> <Delay = 0.00>
ST_3 : Operation 89 [2/2] (1.23ns)   --->   "%upsam_buf_load_4 = load i8 %upsam_buf_addr_20" [/tools/Xilinx/Vitis_HLS/2022.1/common/technology/autopilot/hls_stream_39.h:174]   --->   Operation 89 'load' 'upsam_buf_load_4' <Predicate = (!icmp_ln159 & empty_49)> <Delay = 1.23> <CoreInst = "RAM">   --->   Core 83 'RAM' <Latency = 1> <II = 1> <Delay = 1.23> <Storage> <Opcode : 'load' 'store'> <Ports = 2> <Width = 32> <Depth = 224> <RAM>

State 4 <SV = 3> <Delay = 3.07>
ST_4 : Operation 90 [1/1] (1.83ns)   --->   "%write_ln174 = write void @_ssdm_op_Write.ap_fifo.volatile.i32P0A, i32 %upsamp6_out27, i32 %tmp_1" [/tools/Xilinx/Vitis_HLS/2022.1/common/technology/autopilot/hls_stream_39.h:174]   --->   Operation 90 'write' 'write_ln174' <Predicate = (!icmp_ln159 & !empty_49)> <Delay = 1.83> <CoreInst = "FIFO_SRL">   --->   Core 81 'FIFO_SRL' <Latency = 0> <II = 1> <Delay = 1.83> <Storage> <Opcode : 'read' 'write' 'nbread' 'nbwrite'> <Ports = 0> <Width = 32> <Depth = 2> <FIFO>
ST_4 : Operation 91 [1/1] (1.83ns)   --->   "%tmp_3 = read i32 @_ssdm_op_Read.ap_fifo.volatile.i32P0A, i32 %conv6_out26" [/tools/Xilinx/Vitis_HLS/2022.1/common/technology/autopilot/hls_stream_39.h:145]   --->   Operation 91 'read' 'tmp_3' <Predicate = (!icmp_ln159 & !empty_49)> <Delay = 1.83> <CoreInst = "FIFO_SRL">   --->   Core 81 'FIFO_SRL' <Latency = 0> <II = 1> <Delay = 1.83> <Storage> <Opcode : 'read' 'write' 'nbread' 'nbwrite'> <Ports = 0> <Width = 32> <Depth = 2> <FIFO>
ST_4 : Operation 92 [1/1] (0.78ns)   --->   "%add_ln165_2 = add i6 %div15_udiv_cast70, i6 42" [AutoEncoder.cpp:165]   --->   Operation 92 'add' 'add_ln165_2' <Predicate = (!icmp_ln159 & !empty_49)> <Delay = 0.78> <CoreInst = "Adder">   --->   Core 1 'Adder' <Latency = 0> <II = 1> <Delay = 0.78> <FuncUnit> <Opcode : 'add' 'sub'> <InPorts = 2> <OutPorts = 1>
ST_4 : Operation 93 [1/1] (0.00ns)   --->   "%zext_ln165_3 = zext i6 %add_ln165_2" [AutoEncoder.cpp:165]   --->   Operation 93 'zext' 'zext_ln165_3' <Predicate = (!icmp_ln159 & !empty_49)> <Delay = 0.00>
ST_4 : Operation 94 [1/1] (0.00ns)   --->   "%upsam_buf_addr_3 = getelementptr i32 %upsam_buf, i64 0, i64 %zext_ln165_3" [AutoEncoder.cpp:165]   --->   Operation 94 'getelementptr' 'upsam_buf_addr_3' <Predicate = (!icmp_ln159 & !empty_49)> <Delay = 0.00>
ST_4 : Operation 95 [1/1] (1.23ns)   --->   "%store_ln165 = store i32 %tmp_3, i8 %upsam_buf_addr_3" [AutoEncoder.cpp:165]   --->   Operation 95 'store' 'store_ln165' <Predicate = (!icmp_ln159 & !empty_49)> <Delay = 1.23> <CoreInst = "RAM">   --->   Core 83 'RAM' <Latency = 1> <II = 1> <Delay = 1.23> <Storage> <Opcode : 'load' 'store'> <Ports = 2> <Width = 32> <Depth = 224> <RAM>
ST_4 : Operation 96 [1/1] (1.83ns)   --->   "%write_ln174 = write void @_ssdm_op_Write.ap_fifo.volatile.i32P0A, i32 %upsamp6_out27, i32 %upsam_buf_load_1" [/tools/Xilinx/Vitis_HLS/2022.1/common/technology/autopilot/hls_stream_39.h:174]   --->   Operation 96 'write' 'write_ln174' <Predicate = (!icmp_ln159 & empty_49)> <Delay = 1.83> <CoreInst = "FIFO_SRL">   --->   Core 81 'FIFO_SRL' <Latency = 0> <II = 1> <Delay = 1.83> <Storage> <Opcode : 'read' 'write' 'nbread' 'nbwrite'> <Ports = 0> <Width = 32> <Depth = 2> <FIFO>
ST_4 : Operation 97 [1/2] (1.23ns)   --->   "%upsam_buf_load_3 = load i8 %upsam_buf_addr_19" [/tools/Xilinx/Vitis_HLS/2022.1/common/technology/autopilot/hls_stream_39.h:174]   --->   Operation 97 'load' 'upsam_buf_load_3' <Predicate = (!icmp_ln159 & empty_49)> <Delay = 1.23> <CoreInst = "RAM">   --->   Core 83 'RAM' <Latency = 1> <II = 1> <Delay = 1.23> <Storage> <Opcode : 'load' 'store'> <Ports = 2> <Width = 32> <Depth = 224> <RAM>
ST_4 : Operation 98 [1/2] (1.23ns)   --->   "%upsam_buf_load_4 = load i8 %upsam_buf_addr_20" [/tools/Xilinx/Vitis_HLS/2022.1/common/technology/autopilot/hls_stream_39.h:174]   --->   Operation 98 'load' 'upsam_buf_load_4' <Predicate = (!icmp_ln159 & empty_49)> <Delay = 1.23> <CoreInst = "RAM">   --->   Core 83 'RAM' <Latency = 1> <II = 1> <Delay = 1.23> <Storage> <Opcode : 'load' 'store'> <Ports = 2> <Width = 32> <Depth = 224> <RAM>
ST_4 : Operation 99 [1/1] (0.77ns)   --->   "%add_ln167_4 = add i7 %div15_udiv_cast71, i7 70" [AutoEncoder.cpp:167]   --->   Operation 99 'add' 'add_ln167_4' <Predicate = (!icmp_ln159 & empty_49)> <Delay = 0.77> <CoreInst = "Adder">   --->   Core 1 'Adder' <Latency = 0> <II = 1> <Delay = 0.77> <FuncUnit> <Opcode : 'add' 'sub'> <InPorts = 2> <OutPorts = 1>
ST_4 : Operation 100 [1/1] (0.00ns)   --->   "%zext_ln167_5 = zext i7 %add_ln167_4" [AutoEncoder.cpp:167]   --->   Operation 100 'zext' 'zext_ln167_5' <Predicate = (!icmp_ln159 & empty_49)> <Delay = 0.00>
ST_4 : Operation 101 [1/1] (0.00ns)   --->   "%upsam_buf_addr_21 = getelementptr i32 %upsam_buf, i64 0, i64 %zext_ln167_5" [/tools/Xilinx/Vitis_HLS/2022.1/common/technology/autopilot/hls_stream_39.h:174]   --->   Operation 101 'getelementptr' 'upsam_buf_addr_21' <Predicate = (!icmp_ln159 & empty_49)> <Delay = 0.00>
ST_4 : Operation 102 [2/2] (1.23ns)   --->   "%upsam_buf_load_5 = load i8 %upsam_buf_addr_21" [/tools/Xilinx/Vitis_HLS/2022.1/common/technology/autopilot/hls_stream_39.h:174]   --->   Operation 102 'load' 'upsam_buf_load_5' <Predicate = (!icmp_ln159 & empty_49)> <Delay = 1.23> <CoreInst = "RAM">   --->   Core 83 'RAM' <Latency = 1> <II = 1> <Delay = 1.23> <Storage> <Opcode : 'load' 'store'> <Ports = 2> <Width = 32> <Depth = 224> <RAM>
ST_4 : Operation 103 [1/1] (0.77ns)   --->   "%add_ln167_5 = add i7 %div15_udiv_cast71, i7 84" [AutoEncoder.cpp:167]   --->   Operation 103 'add' 'add_ln167_5' <Predicate = (!icmp_ln159 & empty_49)> <Delay = 0.77> <CoreInst = "Adder">   --->   Core 1 'Adder' <Latency = 0> <II = 1> <Delay = 0.77> <FuncUnit> <Opcode : 'add' 'sub'> <InPorts = 2> <OutPorts = 1>
ST_4 : Operation 104 [1/1] (0.00ns)   --->   "%zext_ln167_6 = zext i7 %add_ln167_5" [AutoEncoder.cpp:167]   --->   Operation 104 'zext' 'zext_ln167_6' <Predicate = (!icmp_ln159 & empty_49)> <Delay = 0.00>
ST_4 : Operation 105 [1/1] (0.00ns)   --->   "%upsam_buf_addr_22 = getelementptr i32 %upsam_buf, i64 0, i64 %zext_ln167_6" [/tools/Xilinx/Vitis_HLS/2022.1/common/technology/autopilot/hls_stream_39.h:174]   --->   Operation 105 'getelementptr' 'upsam_buf_addr_22' <Predicate = (!icmp_ln159 & empty_49)> <Delay = 0.00>
ST_4 : Operation 106 [2/2] (1.23ns)   --->   "%upsam_buf_load_6 = load i8 %upsam_buf_addr_22" [/tools/Xilinx/Vitis_HLS/2022.1/common/technology/autopilot/hls_stream_39.h:174]   --->   Operation 106 'load' 'upsam_buf_load_6' <Predicate = (!icmp_ln159 & empty_49)> <Delay = 1.23> <CoreInst = "RAM">   --->   Core 83 'RAM' <Latency = 1> <II = 1> <Delay = 1.23> <Storage> <Opcode : 'load' 'store'> <Ports = 2> <Width = 32> <Depth = 224> <RAM>

State 5 <SV = 4> <Delay = 3.07>
ST_5 : Operation 107 [1/1] (1.83ns)   --->   "%write_ln174 = write void @_ssdm_op_Write.ap_fifo.volatile.i32P0A, i32 %upsamp6_out27, i32 %tmp_2" [/tools/Xilinx/Vitis_HLS/2022.1/common/technology/autopilot/hls_stream_39.h:174]   --->   Operation 107 'write' 'write_ln174' <Predicate = (!icmp_ln159 & !empty_49)> <Delay = 1.83> <CoreInst = "FIFO_SRL">   --->   Core 81 'FIFO_SRL' <Latency = 0> <II = 1> <Delay = 1.83> <Storage> <Opcode : 'read' 'write' 'nbread' 'nbwrite'> <Ports = 0> <Width = 32> <Depth = 2> <FIFO>
ST_5 : Operation 108 [1/1] (1.83ns)   --->   "%tmp_4 = read i32 @_ssdm_op_Read.ap_fifo.volatile.i32P0A, i32 %conv6_out26" [/tools/Xilinx/Vitis_HLS/2022.1/common/technology/autopilot/hls_stream_39.h:145]   --->   Operation 108 'read' 'tmp_4' <Predicate = (!icmp_ln159 & !empty_49)> <Delay = 1.83> <CoreInst = "FIFO_SRL">   --->   Core 81 'FIFO_SRL' <Latency = 0> <II = 1> <Delay = 1.83> <Storage> <Opcode : 'read' 'write' 'nbread' 'nbwrite'> <Ports = 0> <Width = 32> <Depth = 2> <FIFO>
ST_5 : Operation 109 [1/1] (0.77ns)   --->   "%add_ln165_3 = add i7 %div15_udiv_cast71, i7 56" [AutoEncoder.cpp:165]   --->   Operation 109 'add' 'add_ln165_3' <Predicate = (!icmp_ln159 & !empty_49)> <Delay = 0.77> <CoreInst = "Adder">   --->   Core 1 'Adder' <Latency = 0> <II = 1> <Delay = 0.77> <FuncUnit> <Opcode : 'add' 'sub'> <InPorts = 2> <OutPorts = 1>
ST_5 : Operation 110 [1/1] (0.00ns)   --->   "%zext_ln165_4 = zext i7 %add_ln165_3" [AutoEncoder.cpp:165]   --->   Operation 110 'zext' 'zext_ln165_4' <Predicate = (!icmp_ln159 & !empty_49)> <Delay = 0.00>
ST_5 : Operation 111 [1/1] (0.00ns)   --->   "%upsam_buf_addr_4 = getelementptr i32 %upsam_buf, i64 0, i64 %zext_ln165_4" [AutoEncoder.cpp:165]   --->   Operation 111 'getelementptr' 'upsam_buf_addr_4' <Predicate = (!icmp_ln159 & !empty_49)> <Delay = 0.00>
ST_5 : Operation 112 [1/1] (1.23ns)   --->   "%store_ln165 = store i32 %tmp_4, i8 %upsam_buf_addr_4" [AutoEncoder.cpp:165]   --->   Operation 112 'store' 'store_ln165' <Predicate = (!icmp_ln159 & !empty_49)> <Delay = 1.23> <CoreInst = "RAM">   --->   Core 83 'RAM' <Latency = 1> <II = 1> <Delay = 1.23> <Storage> <Opcode : 'load' 'store'> <Ports = 2> <Width = 32> <Depth = 224> <RAM>
ST_5 : Operation 113 [1/1] (1.83ns)   --->   "%write_ln174 = write void @_ssdm_op_Write.ap_fifo.volatile.i32P0A, i32 %upsamp6_out27, i32 %upsam_buf_load_2" [/tools/Xilinx/Vitis_HLS/2022.1/common/technology/autopilot/hls_stream_39.h:174]   --->   Operation 113 'write' 'write_ln174' <Predicate = (!icmp_ln159 & empty_49)> <Delay = 1.83> <CoreInst = "FIFO_SRL">   --->   Core 81 'FIFO_SRL' <Latency = 0> <II = 1> <Delay = 1.83> <Storage> <Opcode : 'read' 'write' 'nbread' 'nbwrite'> <Ports = 0> <Width = 32> <Depth = 2> <FIFO>
ST_5 : Operation 114 [1/2] (1.23ns)   --->   "%upsam_buf_load_5 = load i8 %upsam_buf_addr_21" [/tools/Xilinx/Vitis_HLS/2022.1/common/technology/autopilot/hls_stream_39.h:174]   --->   Operation 114 'load' 'upsam_buf_load_5' <Predicate = (!icmp_ln159 & empty_49)> <Delay = 1.23> <CoreInst = "RAM">   --->   Core 83 'RAM' <Latency = 1> <II = 1> <Delay = 1.23> <Storage> <Opcode : 'load' 'store'> <Ports = 2> <Width = 32> <Depth = 224> <RAM>
ST_5 : Operation 115 [1/2] (1.23ns)   --->   "%upsam_buf_load_6 = load i8 %upsam_buf_addr_22" [/tools/Xilinx/Vitis_HLS/2022.1/common/technology/autopilot/hls_stream_39.h:174]   --->   Operation 115 'load' 'upsam_buf_load_6' <Predicate = (!icmp_ln159 & empty_49)> <Delay = 1.23> <CoreInst = "RAM">   --->   Core 83 'RAM' <Latency = 1> <II = 1> <Delay = 1.23> <Storage> <Opcode : 'load' 'store'> <Ports = 2> <Width = 32> <Depth = 224> <RAM>
ST_5 : Operation 116 [1/1] (0.78ns)   --->   "%add_ln167_6 = add i6 %div15_udiv_cast70, i6 34" [AutoEncoder.cpp:167]   --->   Operation 116 'add' 'add_ln167_6' <Predicate = (!icmp_ln159 & empty_49)> <Delay = 0.78> <CoreInst = "Adder">   --->   Core 1 'Adder' <Latency = 0> <II = 1> <Delay = 0.78> <FuncUnit> <Opcode : 'add' 'sub'> <InPorts = 2> <OutPorts = 1>
ST_5 : Operation 117 [1/1] (0.00ns)   --->   "%sext_ln167 = sext i6 %add_ln167_6" [AutoEncoder.cpp:167]   --->   Operation 117 'sext' 'sext_ln167' <Predicate = (!icmp_ln159 & empty_49)> <Delay = 0.00>
ST_5 : Operation 118 [1/1] (0.00ns)   --->   "%zext_ln167_7 = zext i7 %sext_ln167" [AutoEncoder.cpp:167]   --->   Operation 118 'zext' 'zext_ln167_7' <Predicate = (!icmp_ln159 & empty_49)> <Delay = 0.00>
ST_5 : Operation 119 [1/1] (0.00ns)   --->   "%upsam_buf_addr_23 = getelementptr i32 %upsam_buf, i64 0, i64 %zext_ln167_7" [/tools/Xilinx/Vitis_HLS/2022.1/common/technology/autopilot/hls_stream_39.h:174]   --->   Operation 119 'getelementptr' 'upsam_buf_addr_23' <Predicate = (!icmp_ln159 & empty_49)> <Delay = 0.00>
ST_5 : Operation 120 [2/2] (1.23ns)   --->   "%upsam_buf_load_7 = load i8 %upsam_buf_addr_23" [/tools/Xilinx/Vitis_HLS/2022.1/common/technology/autopilot/hls_stream_39.h:174]   --->   Operation 120 'load' 'upsam_buf_load_7' <Predicate = (!icmp_ln159 & empty_49)> <Delay = 1.23> <CoreInst = "RAM">   --->   Core 83 'RAM' <Latency = 1> <II = 1> <Delay = 1.23> <Storage> <Opcode : 'load' 'store'> <Ports = 2> <Width = 32> <Depth = 224> <RAM>
ST_5 : Operation 121 [1/1] (0.00ns)   --->   "%or_ln = bitconcatenate i5 @_ssdm_op_BitConcatenate.i5.i1.i4, i1 1, i4 %div15_udiv" [AutoEncoder.cpp:167]   --->   Operation 121 'bitconcatenate' 'or_ln' <Predicate = (!icmp_ln159 & empty_49)> <Delay = 0.00>
ST_5 : Operation 122 [1/1] (0.00ns)   --->   "%sext_ln167_1 = sext i5 %or_ln" [AutoEncoder.cpp:167]   --->   Operation 122 'sext' 'sext_ln167_1' <Predicate = (!icmp_ln159 & empty_49)> <Delay = 0.00>
ST_5 : Operation 123 [1/1] (0.00ns)   --->   "%zext_ln167_8 = zext i7 %sext_ln167_1" [AutoEncoder.cpp:167]   --->   Operation 123 'zext' 'zext_ln167_8' <Predicate = (!icmp_ln159 & empty_49)> <Delay = 0.00>
ST_5 : Operation 124 [1/1] (0.00ns)   --->   "%upsam_buf_addr_24 = getelementptr i32 %upsam_buf, i64 0, i64 %zext_ln167_8" [/tools/Xilinx/Vitis_HLS/2022.1/common/technology/autopilot/hls_stream_39.h:174]   --->   Operation 124 'getelementptr' 'upsam_buf_addr_24' <Predicate = (!icmp_ln159 & empty_49)> <Delay = 0.00>
ST_5 : Operation 125 [2/2] (1.23ns)   --->   "%upsam_buf_load_8 = load i8 %upsam_buf_addr_24" [/tools/Xilinx/Vitis_HLS/2022.1/common/technology/autopilot/hls_stream_39.h:174]   --->   Operation 125 'load' 'upsam_buf_load_8' <Predicate = (!icmp_ln159 & empty_49)> <Delay = 1.23> <CoreInst = "RAM">   --->   Core 83 'RAM' <Latency = 1> <II = 1> <Delay = 1.23> <Storage> <Opcode : 'load' 'store'> <Ports = 2> <Width = 32> <Depth = 224> <RAM>

State 6 <SV = 5> <Delay = 3.07>
ST_6 : Operation 126 [1/1] (0.00ns)   --->   "%specloopname_ln0 = specloopname void @_ssdm_op_SpecLoopName, void @UHeight_UWidth_str"   --->   Operation 126 'specloopname' 'specloopname_ln0' <Predicate = (!icmp_ln159)> <Delay = 0.00>
ST_6 : Operation 127 [1/1] (0.00ns)   --->   "%empty = speclooptripcount i32 @_ssdm_op_SpecLoopTripCount, i64 784, i64 784, i64 784"   --->   Operation 127 'speclooptripcount' 'empty' <Predicate = (!icmp_ln159)> <Delay = 0.00>
ST_6 : Operation 128 [1/1] (0.00ns)   --->   "%specpipeline_ln161 = specpipeline void @_ssdm_op_SpecPipeline, i32 1, i32 0, i32 0, i32 0, void @empty_7" [AutoEncoder.cpp:161]   --->   Operation 128 'specpipeline' 'specpipeline_ln161' <Predicate = (!icmp_ln159)> <Delay = 0.00>
ST_6 : Operation 129 [1/1] (0.00ns)   --->   "%specloopname_ln160 = specloopname void @_ssdm_op_SpecLoopName, void @empty_0" [AutoEncoder.cpp:160]   --->   Operation 129 'specloopname' 'specloopname_ln160' <Predicate = (!icmp_ln159)> <Delay = 0.00>
ST_6 : Operation 130 [1/1] (0.00ns)   --->   "%div15_udiv_cast65 = zext i4 %div15_udiv" [AutoEncoder.cpp:159]   --->   Operation 130 'zext' 'div15_udiv_cast65' <Predicate = (!icmp_ln159)> <Delay = 0.00>
ST_6 : Operation 131 [1/1] (1.83ns)   --->   "%write_ln174 = write void @_ssdm_op_Write.ap_fifo.volatile.i32P0A, i32 %upsamp6_out27, i32 %tmp_3" [/tools/Xilinx/Vitis_HLS/2022.1/common/technology/autopilot/hls_stream_39.h:174]   --->   Operation 131 'write' 'write_ln174' <Predicate = (!icmp_ln159 & !empty_49)> <Delay = 1.83> <CoreInst = "FIFO_SRL">   --->   Core 81 'FIFO_SRL' <Latency = 0> <II = 1> <Delay = 1.83> <Storage> <Opcode : 'read' 'write' 'nbread' 'nbwrite'> <Ports = 0> <Width = 32> <Depth = 2> <FIFO>
ST_6 : Operation 132 [1/1] (1.83ns)   --->   "%tmp_5 = read i32 @_ssdm_op_Read.ap_fifo.volatile.i32P0A, i32 %conv6_out26" [/tools/Xilinx/Vitis_HLS/2022.1/common/technology/autopilot/hls_stream_39.h:145]   --->   Operation 132 'read' 'tmp_5' <Predicate = (!icmp_ln159 & !empty_49)> <Delay = 1.83> <CoreInst = "FIFO_SRL">   --->   Core 81 'FIFO_SRL' <Latency = 0> <II = 1> <Delay = 1.83> <Storage> <Opcode : 'read' 'write' 'nbread' 'nbwrite'> <Ports = 0> <Width = 32> <Depth = 2> <FIFO>
ST_6 : Operation 133 [1/1] (0.77ns)   --->   "%add_ln165_4 = add i7 %div15_udiv_cast71, i7 70" [AutoEncoder.cpp:165]   --->   Operation 133 'add' 'add_ln165_4' <Predicate = (!icmp_ln159 & !empty_49)> <Delay = 0.77> <CoreInst = "Adder">   --->   Core 1 'Adder' <Latency = 0> <II = 1> <Delay = 0.77> <FuncUnit> <Opcode : 'add' 'sub'> <InPorts = 2> <OutPorts = 1>
ST_6 : Operation 134 [1/1] (0.00ns)   --->   "%zext_ln165_5 = zext i7 %add_ln165_4" [AutoEncoder.cpp:165]   --->   Operation 134 'zext' 'zext_ln165_5' <Predicate = (!icmp_ln159 & !empty_49)> <Delay = 0.00>
ST_6 : Operation 135 [1/1] (0.00ns)   --->   "%upsam_buf_addr_5 = getelementptr i32 %upsam_buf, i64 0, i64 %zext_ln165_5" [AutoEncoder.cpp:165]   --->   Operation 135 'getelementptr' 'upsam_buf_addr_5' <Predicate = (!icmp_ln159 & !empty_49)> <Delay = 0.00>
ST_6 : Operation 136 [1/1] (1.23ns)   --->   "%store_ln165 = store i32 %tmp_5, i8 %upsam_buf_addr_5" [AutoEncoder.cpp:165]   --->   Operation 136 'store' 'store_ln165' <Predicate = (!icmp_ln159 & !empty_49)> <Delay = 1.23> <CoreInst = "RAM">   --->   Core 83 'RAM' <Latency = 1> <II = 1> <Delay = 1.23> <Storage> <Opcode : 'load' 'store'> <Ports = 2> <Width = 32> <Depth = 224> <RAM>
ST_6 : Operation 137 [1/1] (1.83ns)   --->   "%write_ln174 = write void @_ssdm_op_Write.ap_fifo.volatile.i32P0A, i32 %upsamp6_out27, i32 %upsam_buf_load_3" [/tools/Xilinx/Vitis_HLS/2022.1/common/technology/autopilot/hls_stream_39.h:174]   --->   Operation 137 'write' 'write_ln174' <Predicate = (!icmp_ln159 & empty_49)> <Delay = 1.83> <CoreInst = "FIFO_SRL">   --->   Core 81 'FIFO_SRL' <Latency = 0> <II = 1> <Delay = 1.83> <Storage> <Opcode : 'read' 'write' 'nbread' 'nbwrite'> <Ports = 0> <Width = 32> <Depth = 2> <FIFO>
ST_6 : Operation 138 [1/2] (1.23ns)   --->   "%upsam_buf_load_7 = load i8 %upsam_buf_addr_23" [/tools/Xilinx/Vitis_HLS/2022.1/common/technology/autopilot/hls_stream_39.h:174]   --->   Operation 138 'load' 'upsam_buf_load_7' <Predicate = (!icmp_ln159 & empty_49)> <Delay = 1.23> <CoreInst = "RAM">   --->   Core 83 'RAM' <Latency = 1> <II = 1> <Delay = 1.23> <Storage> <Opcode : 'load' 'store'> <Ports = 2> <Width = 32> <Depth = 224> <RAM>
ST_6 : Operation 139 [1/2] (1.23ns)   --->   "%upsam_buf_load_8 = load i8 %upsam_buf_addr_24" [/tools/Xilinx/Vitis_HLS/2022.1/common/technology/autopilot/hls_stream_39.h:174]   --->   Operation 139 'load' 'upsam_buf_load_8' <Predicate = (!icmp_ln159 & empty_49)> <Delay = 1.23> <CoreInst = "RAM">   --->   Core 83 'RAM' <Latency = 1> <II = 1> <Delay = 1.23> <Storage> <Opcode : 'load' 'store'> <Ports = 2> <Width = 32> <Depth = 224> <RAM>
ST_6 : Operation 140 [1/1] (0.76ns)   --->   "%add_ln167_7 = add i8 %div15_udiv_cast65, i8 126" [AutoEncoder.cpp:167]   --->   Operation 140 'add' 'add_ln167_7' <Predicate = (!icmp_ln159 & empty_49)> <Delay = 0.76> <CoreInst = "Adder">   --->   Core 1 'Adder' <Latency = 0> <II = 1> <Delay = 0.76> <FuncUnit> <Opcode : 'add' 'sub'> <InPorts = 2> <OutPorts = 1>
ST_6 : Operation 141 [1/1] (0.00ns)   --->   "%zext_ln167_9 = zext i8 %add_ln167_7" [AutoEncoder.cpp:167]   --->   Operation 141 'zext' 'zext_ln167_9' <Predicate = (!icmp_ln159 & empty_49)> <Delay = 0.00>
ST_6 : Operation 142 [1/1] (0.00ns)   --->   "%upsam_buf_addr_25 = getelementptr i32 %upsam_buf, i64 0, i64 %zext_ln167_9" [/tools/Xilinx/Vitis_HLS/2022.1/common/technology/autopilot/hls_stream_39.h:174]   --->   Operation 142 'getelementptr' 'upsam_buf_addr_25' <Predicate = (!icmp_ln159 & empty_49)> <Delay = 0.00>
ST_6 : Operation 143 [2/2] (1.23ns)   --->   "%upsam_buf_load_9 = load i8 %upsam_buf_addr_25" [/tools/Xilinx/Vitis_HLS/2022.1/common/technology/autopilot/hls_stream_39.h:174]   --->   Operation 143 'load' 'upsam_buf_load_9' <Predicate = (!icmp_ln159 & empty_49)> <Delay = 1.23> <CoreInst = "RAM">   --->   Core 83 'RAM' <Latency = 1> <II = 1> <Delay = 1.23> <Storage> <Opcode : 'load' 'store'> <Ports = 2> <Width = 32> <Depth = 224> <RAM>
ST_6 : Operation 144 [1/1] (0.76ns)   --->   "%add_ln167_8 = add i8 %div15_udiv_cast65, i8 140" [AutoEncoder.cpp:167]   --->   Operation 144 'add' 'add_ln167_8' <Predicate = (!icmp_ln159 & empty_49)> <Delay = 0.76> <CoreInst = "Adder">   --->   Core 1 'Adder' <Latency = 0> <II = 1> <Delay = 0.76> <FuncUnit> <Opcode : 'add' 'sub'> <InPorts = 2> <OutPorts = 1>
ST_6 : Operation 145 [1/1] (0.00ns)   --->   "%zext_ln167_10 = zext i8 %add_ln167_8" [AutoEncoder.cpp:167]   --->   Operation 145 'zext' 'zext_ln167_10' <Predicate = (!icmp_ln159 & empty_49)> <Delay = 0.00>
ST_6 : Operation 146 [1/1] (0.00ns)   --->   "%upsam_buf_addr_26 = getelementptr i32 %upsam_buf, i64 0, i64 %zext_ln167_10" [/tools/Xilinx/Vitis_HLS/2022.1/common/technology/autopilot/hls_stream_39.h:174]   --->   Operation 146 'getelementptr' 'upsam_buf_addr_26' <Predicate = (!icmp_ln159 & empty_49)> <Delay = 0.00>
ST_6 : Operation 147 [2/2] (1.23ns)   --->   "%upsam_buf_load_10 = load i8 %upsam_buf_addr_26" [/tools/Xilinx/Vitis_HLS/2022.1/common/technology/autopilot/hls_stream_39.h:174]   --->   Operation 147 'load' 'upsam_buf_load_10' <Predicate = (!icmp_ln159 & empty_49)> <Delay = 1.23> <CoreInst = "RAM">   --->   Core 83 'RAM' <Latency = 1> <II = 1> <Delay = 1.23> <Storage> <Opcode : 'load' 'store'> <Ports = 2> <Width = 32> <Depth = 224> <RAM>

State 7 <SV = 6> <Delay = 3.07>
ST_7 : Operation 148 [1/1] (1.83ns)   --->   "%write_ln174 = write void @_ssdm_op_Write.ap_fifo.volatile.i32P0A, i32 %upsamp6_out27, i32 %tmp_4" [/tools/Xilinx/Vitis_HLS/2022.1/common/technology/autopilot/hls_stream_39.h:174]   --->   Operation 148 'write' 'write_ln174' <Predicate = (!icmp_ln159 & !empty_49)> <Delay = 1.83> <CoreInst = "FIFO_SRL">   --->   Core 81 'FIFO_SRL' <Latency = 0> <II = 1> <Delay = 1.83> <Storage> <Opcode : 'read' 'write' 'nbread' 'nbwrite'> <Ports = 0> <Width = 32> <Depth = 2> <FIFO>
ST_7 : Operation 149 [1/1] (1.83ns)   --->   "%tmp_6 = read i32 @_ssdm_op_Read.ap_fifo.volatile.i32P0A, i32 %conv6_out26" [/tools/Xilinx/Vitis_HLS/2022.1/common/technology/autopilot/hls_stream_39.h:145]   --->   Operation 149 'read' 'tmp_6' <Predicate = (!icmp_ln159 & !empty_49)> <Delay = 1.83> <CoreInst = "FIFO_SRL">   --->   Core 81 'FIFO_SRL' <Latency = 0> <II = 1> <Delay = 1.83> <Storage> <Opcode : 'read' 'write' 'nbread' 'nbwrite'> <Ports = 0> <Width = 32> <Depth = 2> <FIFO>
ST_7 : Operation 150 [1/1] (0.77ns)   --->   "%add_ln165_5 = add i7 %div15_udiv_cast71, i7 84" [AutoEncoder.cpp:165]   --->   Operation 150 'add' 'add_ln165_5' <Predicate = (!icmp_ln159 & !empty_49)> <Delay = 0.77> <CoreInst = "Adder">   --->   Core 1 'Adder' <Latency = 0> <II = 1> <Delay = 0.77> <FuncUnit> <Opcode : 'add' 'sub'> <InPorts = 2> <OutPorts = 1>
ST_7 : Operation 151 [1/1] (0.00ns)   --->   "%zext_ln165_6 = zext i7 %add_ln165_5" [AutoEncoder.cpp:165]   --->   Operation 151 'zext' 'zext_ln165_6' <Predicate = (!icmp_ln159 & !empty_49)> <Delay = 0.00>
ST_7 : Operation 152 [1/1] (0.00ns)   --->   "%upsam_buf_addr_6 = getelementptr i32 %upsam_buf, i64 0, i64 %zext_ln165_6" [AutoEncoder.cpp:165]   --->   Operation 152 'getelementptr' 'upsam_buf_addr_6' <Predicate = (!icmp_ln159 & !empty_49)> <Delay = 0.00>
ST_7 : Operation 153 [1/1] (1.23ns)   --->   "%store_ln165 = store i32 %tmp_6, i8 %upsam_buf_addr_6" [AutoEncoder.cpp:165]   --->   Operation 153 'store' 'store_ln165' <Predicate = (!icmp_ln159 & !empty_49)> <Delay = 1.23> <CoreInst = "RAM">   --->   Core 83 'RAM' <Latency = 1> <II = 1> <Delay = 1.23> <Storage> <Opcode : 'load' 'store'> <Ports = 2> <Width = 32> <Depth = 224> <RAM>
ST_7 : Operation 154 [1/1] (1.83ns)   --->   "%write_ln174 = write void @_ssdm_op_Write.ap_fifo.volatile.i32P0A, i32 %upsamp6_out27, i32 %upsam_buf_load_4" [/tools/Xilinx/Vitis_HLS/2022.1/common/technology/autopilot/hls_stream_39.h:174]   --->   Operation 154 'write' 'write_ln174' <Predicate = (!icmp_ln159 & empty_49)> <Delay = 1.83> <CoreInst = "FIFO_SRL">   --->   Core 81 'FIFO_SRL' <Latency = 0> <II = 1> <Delay = 1.83> <Storage> <Opcode : 'read' 'write' 'nbread' 'nbwrite'> <Ports = 0> <Width = 32> <Depth = 2> <FIFO>
ST_7 : Operation 155 [1/2] (1.23ns)   --->   "%upsam_buf_load_9 = load i8 %upsam_buf_addr_25" [/tools/Xilinx/Vitis_HLS/2022.1/common/technology/autopilot/hls_stream_39.h:174]   --->   Operation 155 'load' 'upsam_buf_load_9' <Predicate = (!icmp_ln159 & empty_49)> <Delay = 1.23> <CoreInst = "RAM">   --->   Core 83 'RAM' <Latency = 1> <II = 1> <Delay = 1.23> <Storage> <Opcode : 'load' 'store'> <Ports = 2> <Width = 32> <Depth = 224> <RAM>
ST_7 : Operation 156 [1/2] (1.23ns)   --->   "%upsam_buf_load_10 = load i8 %upsam_buf_addr_26" [/tools/Xilinx/Vitis_HLS/2022.1/common/technology/autopilot/hls_stream_39.h:174]   --->   Operation 156 'load' 'upsam_buf_load_10' <Predicate = (!icmp_ln159 & empty_49)> <Delay = 1.23> <CoreInst = "RAM">   --->   Core 83 'RAM' <Latency = 1> <II = 1> <Delay = 1.23> <Storage> <Opcode : 'load' 'store'> <Ports = 2> <Width = 32> <Depth = 224> <RAM>
ST_7 : Operation 157 [1/1] (0.76ns)   --->   "%add_ln167_9 = add i8 %div15_udiv_cast65, i8 154" [AutoEncoder.cpp:167]   --->   Operation 157 'add' 'add_ln167_9' <Predicate = (!icmp_ln159 & empty_49)> <Delay = 0.76> <CoreInst = "Adder">   --->   Core 1 'Adder' <Latency = 0> <II = 1> <Delay = 0.76> <FuncUnit> <Opcode : 'add' 'sub'> <InPorts = 2> <OutPorts = 1>
ST_7 : Operation 158 [1/1] (0.00ns)   --->   "%zext_ln167_11 = zext i8 %add_ln167_9" [AutoEncoder.cpp:167]   --->   Operation 158 'zext' 'zext_ln167_11' <Predicate = (!icmp_ln159 & empty_49)> <Delay = 0.00>
ST_7 : Operation 159 [1/1] (0.00ns)   --->   "%upsam_buf_addr_27 = getelementptr i32 %upsam_buf, i64 0, i64 %zext_ln167_11" [/tools/Xilinx/Vitis_HLS/2022.1/common/technology/autopilot/hls_stream_39.h:174]   --->   Operation 159 'getelementptr' 'upsam_buf_addr_27' <Predicate = (!icmp_ln159 & empty_49)> <Delay = 0.00>
ST_7 : Operation 160 [2/2] (1.23ns)   --->   "%upsam_buf_load_11 = load i8 %upsam_buf_addr_27" [/tools/Xilinx/Vitis_HLS/2022.1/common/technology/autopilot/hls_stream_39.h:174]   --->   Operation 160 'load' 'upsam_buf_load_11' <Predicate = (!icmp_ln159 & empty_49)> <Delay = 1.23> <CoreInst = "RAM">   --->   Core 83 'RAM' <Latency = 1> <II = 1> <Delay = 1.23> <Storage> <Opcode : 'load' 'store'> <Ports = 2> <Width = 32> <Depth = 224> <RAM>
ST_7 : Operation 161 [1/1] (0.76ns)   --->   "%add_ln167_10 = add i8 %div15_udiv_cast65, i8 168" [AutoEncoder.cpp:167]   --->   Operation 161 'add' 'add_ln167_10' <Predicate = (!icmp_ln159 & empty_49)> <Delay = 0.76> <CoreInst = "Adder">   --->   Core 1 'Adder' <Latency = 0> <II = 1> <Delay = 0.76> <FuncUnit> <Opcode : 'add' 'sub'> <InPorts = 2> <OutPorts = 1>
ST_7 : Operation 162 [1/1] (0.00ns)   --->   "%zext_ln167_12 = zext i8 %add_ln167_10" [AutoEncoder.cpp:167]   --->   Operation 162 'zext' 'zext_ln167_12' <Predicate = (!icmp_ln159 & empty_49)> <Delay = 0.00>
ST_7 : Operation 163 [1/1] (0.00ns)   --->   "%upsam_buf_addr_28 = getelementptr i32 %upsam_buf, i64 0, i64 %zext_ln167_12" [/tools/Xilinx/Vitis_HLS/2022.1/common/technology/autopilot/hls_stream_39.h:174]   --->   Operation 163 'getelementptr' 'upsam_buf_addr_28' <Predicate = (!icmp_ln159 & empty_49)> <Delay = 0.00>
ST_7 : Operation 164 [2/2] (1.23ns)   --->   "%upsam_buf_load_12 = load i8 %upsam_buf_addr_28" [/tools/Xilinx/Vitis_HLS/2022.1/common/technology/autopilot/hls_stream_39.h:174]   --->   Operation 164 'load' 'upsam_buf_load_12' <Predicate = (!icmp_ln159 & empty_49)> <Delay = 1.23> <CoreInst = "RAM">   --->   Core 83 'RAM' <Latency = 1> <II = 1> <Delay = 1.23> <Storage> <Opcode : 'load' 'store'> <Ports = 2> <Width = 32> <Depth = 224> <RAM>

State 8 <SV = 7> <Delay = 3.07>
ST_8 : Operation 165 [1/1] (1.83ns)   --->   "%write_ln174 = write void @_ssdm_op_Write.ap_fifo.volatile.i32P0A, i32 %upsamp6_out27, i32 %tmp_5" [/tools/Xilinx/Vitis_HLS/2022.1/common/technology/autopilot/hls_stream_39.h:174]   --->   Operation 165 'write' 'write_ln174' <Predicate = (!icmp_ln159 & !empty_49)> <Delay = 1.83> <CoreInst = "FIFO_SRL">   --->   Core 81 'FIFO_SRL' <Latency = 0> <II = 1> <Delay = 1.83> <Storage> <Opcode : 'read' 'write' 'nbread' 'nbwrite'> <Ports = 0> <Width = 32> <Depth = 2> <FIFO>
ST_8 : Operation 166 [1/1] (1.83ns)   --->   "%tmp_7 = read i32 @_ssdm_op_Read.ap_fifo.volatile.i32P0A, i32 %conv6_out26" [/tools/Xilinx/Vitis_HLS/2022.1/common/technology/autopilot/hls_stream_39.h:145]   --->   Operation 166 'read' 'tmp_7' <Predicate = (!icmp_ln159 & !empty_49)> <Delay = 1.83> <CoreInst = "FIFO_SRL">   --->   Core 81 'FIFO_SRL' <Latency = 0> <II = 1> <Delay = 1.83> <Storage> <Opcode : 'read' 'write' 'nbread' 'nbwrite'> <Ports = 0> <Width = 32> <Depth = 2> <FIFO>
ST_8 : Operation 167 [1/1] (0.78ns)   --->   "%add_ln165_6 = add i6 %div15_udiv_cast70, i6 34" [AutoEncoder.cpp:165]   --->   Operation 167 'add' 'add_ln165_6' <Predicate = (!icmp_ln159 & !empty_49)> <Delay = 0.78> <CoreInst = "Adder">   --->   Core 1 'Adder' <Latency = 0> <II = 1> <Delay = 0.78> <FuncUnit> <Opcode : 'add' 'sub'> <InPorts = 2> <OutPorts = 1>
ST_8 : Operation 168 [1/1] (0.00ns)   --->   "%sext_ln165 = sext i6 %add_ln165_6" [AutoEncoder.cpp:165]   --->   Operation 168 'sext' 'sext_ln165' <Predicate = (!icmp_ln159 & !empty_49)> <Delay = 0.00>
ST_8 : Operation 169 [1/1] (0.00ns)   --->   "%zext_ln165_7 = zext i7 %sext_ln165" [AutoEncoder.cpp:165]   --->   Operation 169 'zext' 'zext_ln165_7' <Predicate = (!icmp_ln159 & !empty_49)> <Delay = 0.00>
ST_8 : Operation 170 [1/1] (0.00ns)   --->   "%upsam_buf_addr_7 = getelementptr i32 %upsam_buf, i64 0, i64 %zext_ln165_7" [AutoEncoder.cpp:165]   --->   Operation 170 'getelementptr' 'upsam_buf_addr_7' <Predicate = (!icmp_ln159 & !empty_49)> <Delay = 0.00>
ST_8 : Operation 171 [1/1] (1.23ns)   --->   "%store_ln165 = store i32 %tmp_7, i8 %upsam_buf_addr_7" [AutoEncoder.cpp:165]   --->   Operation 171 'store' 'store_ln165' <Predicate = (!icmp_ln159 & !empty_49)> <Delay = 1.23> <CoreInst = "RAM">   --->   Core 83 'RAM' <Latency = 1> <II = 1> <Delay = 1.23> <Storage> <Opcode : 'load' 'store'> <Ports = 2> <Width = 32> <Depth = 224> <RAM>
ST_8 : Operation 172 [1/1] (1.83ns)   --->   "%write_ln174 = write void @_ssdm_op_Write.ap_fifo.volatile.i32P0A, i32 %upsamp6_out27, i32 %upsam_buf_load_5" [/tools/Xilinx/Vitis_HLS/2022.1/common/technology/autopilot/hls_stream_39.h:174]   --->   Operation 172 'write' 'write_ln174' <Predicate = (!icmp_ln159 & empty_49)> <Delay = 1.83> <CoreInst = "FIFO_SRL">   --->   Core 81 'FIFO_SRL' <Latency = 0> <II = 1> <Delay = 1.83> <Storage> <Opcode : 'read' 'write' 'nbread' 'nbwrite'> <Ports = 0> <Width = 32> <Depth = 2> <FIFO>
ST_8 : Operation 173 [1/2] (1.23ns)   --->   "%upsam_buf_load_11 = load i8 %upsam_buf_addr_27" [/tools/Xilinx/Vitis_HLS/2022.1/common/technology/autopilot/hls_stream_39.h:174]   --->   Operation 173 'load' 'upsam_buf_load_11' <Predicate = (!icmp_ln159 & empty_49)> <Delay = 1.23> <CoreInst = "RAM">   --->   Core 83 'RAM' <Latency = 1> <II = 1> <Delay = 1.23> <Storage> <Opcode : 'load' 'store'> <Ports = 2> <Width = 32> <Depth = 224> <RAM>
ST_8 : Operation 174 [1/2] (1.23ns)   --->   "%upsam_buf_load_12 = load i8 %upsam_buf_addr_28" [/tools/Xilinx/Vitis_HLS/2022.1/common/technology/autopilot/hls_stream_39.h:174]   --->   Operation 174 'load' 'upsam_buf_load_12' <Predicate = (!icmp_ln159 & empty_49)> <Delay = 1.23> <CoreInst = "RAM">   --->   Core 83 'RAM' <Latency = 1> <II = 1> <Delay = 1.23> <Storage> <Opcode : 'load' 'store'> <Ports = 2> <Width = 32> <Depth = 224> <RAM>
ST_8 : Operation 175 [1/1] (0.76ns)   --->   "%add_ln167_11 = add i8 %div15_udiv_cast65, i8 182" [AutoEncoder.cpp:167]   --->   Operation 175 'add' 'add_ln167_11' <Predicate = (!icmp_ln159 & empty_49)> <Delay = 0.76> <CoreInst = "Adder">   --->   Core 1 'Adder' <Latency = 0> <II = 1> <Delay = 0.76> <FuncUnit> <Opcode : 'add' 'sub'> <InPorts = 2> <OutPorts = 1>
ST_8 : Operation 176 [1/1] (0.00ns)   --->   "%zext_ln167_13 = zext i8 %add_ln167_11" [AutoEncoder.cpp:167]   --->   Operation 176 'zext' 'zext_ln167_13' <Predicate = (!icmp_ln159 & empty_49)> <Delay = 0.00>
ST_8 : Operation 177 [1/1] (0.00ns)   --->   "%upsam_buf_addr_29 = getelementptr i32 %upsam_buf, i64 0, i64 %zext_ln167_13" [/tools/Xilinx/Vitis_HLS/2022.1/common/technology/autopilot/hls_stream_39.h:174]   --->   Operation 177 'getelementptr' 'upsam_buf_addr_29' <Predicate = (!icmp_ln159 & empty_49)> <Delay = 0.00>
ST_8 : Operation 178 [2/2] (1.23ns)   --->   "%upsam_buf_load_13 = load i8 %upsam_buf_addr_29" [/tools/Xilinx/Vitis_HLS/2022.1/common/technology/autopilot/hls_stream_39.h:174]   --->   Operation 178 'load' 'upsam_buf_load_13' <Predicate = (!icmp_ln159 & empty_49)> <Delay = 1.23> <CoreInst = "RAM">   --->   Core 83 'RAM' <Latency = 1> <II = 1> <Delay = 1.23> <Storage> <Opcode : 'load' 'store'> <Ports = 2> <Width = 32> <Depth = 224> <RAM>
ST_8 : Operation 179 [1/1] (0.77ns)   --->   "%add_ln167_12 = add i7 %div15_udiv_cast71, i7 68" [AutoEncoder.cpp:167]   --->   Operation 179 'add' 'add_ln167_12' <Predicate = (!icmp_ln159 & empty_49)> <Delay = 0.77> <CoreInst = "Adder">   --->   Core 1 'Adder' <Latency = 0> <II = 1> <Delay = 0.77> <FuncUnit> <Opcode : 'add' 'sub'> <InPorts = 2> <OutPorts = 1>
ST_8 : Operation 180 [1/1] (0.00ns)   --->   "%sext_ln167_2 = sext i7 %add_ln167_12" [AutoEncoder.cpp:167]   --->   Operation 180 'sext' 'sext_ln167_2' <Predicate = (!icmp_ln159 & empty_49)> <Delay = 0.00>
ST_8 : Operation 181 [1/1] (0.00ns)   --->   "%zext_ln167_14 = zext i8 %sext_ln167_2" [AutoEncoder.cpp:167]   --->   Operation 181 'zext' 'zext_ln167_14' <Predicate = (!icmp_ln159 & empty_49)> <Delay = 0.00>
ST_8 : Operation 182 [1/1] (0.00ns)   --->   "%upsam_buf_addr_30 = getelementptr i32 %upsam_buf, i64 0, i64 %zext_ln167_14" [/tools/Xilinx/Vitis_HLS/2022.1/common/technology/autopilot/hls_stream_39.h:174]   --->   Operation 182 'getelementptr' 'upsam_buf_addr_30' <Predicate = (!icmp_ln159 & empty_49)> <Delay = 0.00>
ST_8 : Operation 183 [2/2] (1.23ns)   --->   "%upsam_buf_load_14 = load i8 %upsam_buf_addr_30" [/tools/Xilinx/Vitis_HLS/2022.1/common/technology/autopilot/hls_stream_39.h:174]   --->   Operation 183 'load' 'upsam_buf_load_14' <Predicate = (!icmp_ln159 & empty_49)> <Delay = 1.23> <CoreInst = "RAM">   --->   Core 83 'RAM' <Latency = 1> <II = 1> <Delay = 1.23> <Storage> <Opcode : 'load' 'store'> <Ports = 2> <Width = 32> <Depth = 224> <RAM>

State 9 <SV = 8> <Delay = 3.07>
ST_9 : Operation 184 [1/1] (1.83ns)   --->   "%write_ln174 = write void @_ssdm_op_Write.ap_fifo.volatile.i32P0A, i32 %upsamp6_out27, i32 %tmp_6" [/tools/Xilinx/Vitis_HLS/2022.1/common/technology/autopilot/hls_stream_39.h:174]   --->   Operation 184 'write' 'write_ln174' <Predicate = (!icmp_ln159 & !empty_49)> <Delay = 1.83> <CoreInst = "FIFO_SRL">   --->   Core 81 'FIFO_SRL' <Latency = 0> <II = 1> <Delay = 1.83> <Storage> <Opcode : 'read' 'write' 'nbread' 'nbwrite'> <Ports = 0> <Width = 32> <Depth = 2> <FIFO>
ST_9 : Operation 185 [1/1] (1.83ns)   --->   "%tmp_8 = read i32 @_ssdm_op_Read.ap_fifo.volatile.i32P0A, i32 %conv6_out26" [/tools/Xilinx/Vitis_HLS/2022.1/common/technology/autopilot/hls_stream_39.h:145]   --->   Operation 185 'read' 'tmp_8' <Predicate = (!icmp_ln159 & !empty_49)> <Delay = 1.83> <CoreInst = "FIFO_SRL">   --->   Core 81 'FIFO_SRL' <Latency = 0> <II = 1> <Delay = 1.83> <Storage> <Opcode : 'read' 'write' 'nbread' 'nbwrite'> <Ports = 0> <Width = 32> <Depth = 2> <FIFO>
ST_9 : Operation 186 [1/1] (0.00ns)   --->   "%or_ln1 = bitconcatenate i5 @_ssdm_op_BitConcatenate.i5.i1.i4, i1 1, i4 %div15_udiv" [AutoEncoder.cpp:165]   --->   Operation 186 'bitconcatenate' 'or_ln1' <Predicate = (!icmp_ln159 & !empty_49)> <Delay = 0.00>
ST_9 : Operation 187 [1/1] (0.00ns)   --->   "%sext_ln165_1 = sext i5 %or_ln1" [AutoEncoder.cpp:165]   --->   Operation 187 'sext' 'sext_ln165_1' <Predicate = (!icmp_ln159 & !empty_49)> <Delay = 0.00>
ST_9 : Operation 188 [1/1] (0.00ns)   --->   "%zext_ln165_8 = zext i7 %sext_ln165_1" [AutoEncoder.cpp:165]   --->   Operation 188 'zext' 'zext_ln165_8' <Predicate = (!icmp_ln159 & !empty_49)> <Delay = 0.00>
ST_9 : Operation 189 [1/1] (0.00ns)   --->   "%upsam_buf_addr_8 = getelementptr i32 %upsam_buf, i64 0, i64 %zext_ln165_8" [AutoEncoder.cpp:165]   --->   Operation 189 'getelementptr' 'upsam_buf_addr_8' <Predicate = (!icmp_ln159 & !empty_49)> <Delay = 0.00>
ST_9 : Operation 190 [1/1] (1.23ns)   --->   "%store_ln165 = store i32 %tmp_8, i8 %upsam_buf_addr_8" [AutoEncoder.cpp:165]   --->   Operation 190 'store' 'store_ln165' <Predicate = (!icmp_ln159 & !empty_49)> <Delay = 1.23> <CoreInst = "RAM">   --->   Core 83 'RAM' <Latency = 1> <II = 1> <Delay = 1.23> <Storage> <Opcode : 'load' 'store'> <Ports = 2> <Width = 32> <Depth = 224> <RAM>
ST_9 : Operation 191 [1/1] (1.83ns)   --->   "%write_ln174 = write void @_ssdm_op_Write.ap_fifo.volatile.i32P0A, i32 %upsamp6_out27, i32 %upsam_buf_load_6" [/tools/Xilinx/Vitis_HLS/2022.1/common/technology/autopilot/hls_stream_39.h:174]   --->   Operation 191 'write' 'write_ln174' <Predicate = (!icmp_ln159 & empty_49)> <Delay = 1.83> <CoreInst = "FIFO_SRL">   --->   Core 81 'FIFO_SRL' <Latency = 0> <II = 1> <Delay = 1.83> <Storage> <Opcode : 'read' 'write' 'nbread' 'nbwrite'> <Ports = 0> <Width = 32> <Depth = 2> <FIFO>
ST_9 : Operation 192 [1/2] (1.23ns)   --->   "%upsam_buf_load_13 = load i8 %upsam_buf_addr_29" [/tools/Xilinx/Vitis_HLS/2022.1/common/technology/autopilot/hls_stream_39.h:174]   --->   Operation 192 'load' 'upsam_buf_load_13' <Predicate = (!icmp_ln159 & empty_49)> <Delay = 1.23> <CoreInst = "RAM">   --->   Core 83 'RAM' <Latency = 1> <II = 1> <Delay = 1.23> <Storage> <Opcode : 'load' 'store'> <Ports = 2> <Width = 32> <Depth = 224> <RAM>
ST_9 : Operation 193 [1/2] (1.23ns)   --->   "%upsam_buf_load_14 = load i8 %upsam_buf_addr_30" [/tools/Xilinx/Vitis_HLS/2022.1/common/technology/autopilot/hls_stream_39.h:174]   --->   Operation 193 'load' 'upsam_buf_load_14' <Predicate = (!icmp_ln159 & empty_49)> <Delay = 1.23> <CoreInst = "RAM">   --->   Core 83 'RAM' <Latency = 1> <II = 1> <Delay = 1.23> <Storage> <Opcode : 'load' 'store'> <Ports = 2> <Width = 32> <Depth = 224> <RAM>

State 10 <SV = 9> <Delay = 3.07>
ST_10 : Operation 194 [1/1] (1.83ns)   --->   "%write_ln174 = write void @_ssdm_op_Write.ap_fifo.volatile.i32P0A, i32 %upsamp6_out27, i32 %tmp_7" [/tools/Xilinx/Vitis_HLS/2022.1/common/technology/autopilot/hls_stream_39.h:174]   --->   Operation 194 'write' 'write_ln174' <Predicate = (!icmp_ln159 & !empty_49)> <Delay = 1.83> <CoreInst = "FIFO_SRL">   --->   Core 81 'FIFO_SRL' <Latency = 0> <II = 1> <Delay = 1.83> <Storage> <Opcode : 'read' 'write' 'nbread' 'nbwrite'> <Ports = 0> <Width = 32> <Depth = 2> <FIFO>
ST_10 : Operation 195 [1/1] (1.83ns)   --->   "%tmp_9 = read i32 @_ssdm_op_Read.ap_fifo.volatile.i32P0A, i32 %conv6_out26" [/tools/Xilinx/Vitis_HLS/2022.1/common/technology/autopilot/hls_stream_39.h:145]   --->   Operation 195 'read' 'tmp_9' <Predicate = (!icmp_ln159 & !empty_49)> <Delay = 1.83> <CoreInst = "FIFO_SRL">   --->   Core 81 'FIFO_SRL' <Latency = 0> <II = 1> <Delay = 1.83> <Storage> <Opcode : 'read' 'write' 'nbread' 'nbwrite'> <Ports = 0> <Width = 32> <Depth = 2> <FIFO>
ST_10 : Operation 196 [1/1] (0.76ns)   --->   "%add_ln165_7 = add i8 %div15_udiv_cast65, i8 126" [AutoEncoder.cpp:165]   --->   Operation 196 'add' 'add_ln165_7' <Predicate = (!icmp_ln159 & !empty_49)> <Delay = 0.76> <CoreInst = "Adder">   --->   Core 1 'Adder' <Latency = 0> <II = 1> <Delay = 0.76> <FuncUnit> <Opcode : 'add' 'sub'> <InPorts = 2> <OutPorts = 1>
ST_10 : Operation 197 [1/1] (0.00ns)   --->   "%zext_ln165_9 = zext i8 %add_ln165_7" [AutoEncoder.cpp:165]   --->   Operation 197 'zext' 'zext_ln165_9' <Predicate = (!icmp_ln159 & !empty_49)> <Delay = 0.00>
ST_10 : Operation 198 [1/1] (0.00ns)   --->   "%upsam_buf_addr_9 = getelementptr i32 %upsam_buf, i64 0, i64 %zext_ln165_9" [AutoEncoder.cpp:165]   --->   Operation 198 'getelementptr' 'upsam_buf_addr_9' <Predicate = (!icmp_ln159 & !empty_49)> <Delay = 0.00>
ST_10 : Operation 199 [1/1] (1.23ns)   --->   "%store_ln165 = store i32 %tmp_9, i8 %upsam_buf_addr_9" [AutoEncoder.cpp:165]   --->   Operation 199 'store' 'store_ln165' <Predicate = (!icmp_ln159 & !empty_49)> <Delay = 1.23> <CoreInst = "RAM">   --->   Core 83 'RAM' <Latency = 1> <II = 1> <Delay = 1.23> <Storage> <Opcode : 'load' 'store'> <Ports = 2> <Width = 32> <Depth = 224> <RAM>
ST_10 : Operation 200 [1/1] (1.83ns)   --->   "%write_ln174 = write void @_ssdm_op_Write.ap_fifo.volatile.i32P0A, i32 %upsamp6_out27, i32 %upsam_buf_load_7" [/tools/Xilinx/Vitis_HLS/2022.1/common/technology/autopilot/hls_stream_39.h:174]   --->   Operation 200 'write' 'write_ln174' <Predicate = (!icmp_ln159 & empty_49)> <Delay = 1.83> <CoreInst = "FIFO_SRL">   --->   Core 81 'FIFO_SRL' <Latency = 0> <II = 1> <Delay = 1.83> <Storage> <Opcode : 'read' 'write' 'nbread' 'nbwrite'> <Ports = 0> <Width = 32> <Depth = 2> <FIFO>

State 11 <SV = 10> <Delay = 3.07>
ST_11 : Operation 201 [1/1] (1.83ns)   --->   "%write_ln174 = write void @_ssdm_op_Write.ap_fifo.volatile.i32P0A, i32 %upsamp6_out27, i32 %tmp_8" [/tools/Xilinx/Vitis_HLS/2022.1/common/technology/autopilot/hls_stream_39.h:174]   --->   Operation 201 'write' 'write_ln174' <Predicate = (!icmp_ln159 & !empty_49)> <Delay = 1.83> <CoreInst = "FIFO_SRL">   --->   Core 81 'FIFO_SRL' <Latency = 0> <II = 1> <Delay = 1.83> <Storage> <Opcode : 'read' 'write' 'nbread' 'nbwrite'> <Ports = 0> <Width = 32> <Depth = 2> <FIFO>
ST_11 : Operation 202 [1/1] (1.83ns)   --->   "%tmp_10 = read i32 @_ssdm_op_Read.ap_fifo.volatile.i32P0A, i32 %conv6_out26" [/tools/Xilinx/Vitis_HLS/2022.1/common/technology/autopilot/hls_stream_39.h:145]   --->   Operation 202 'read' 'tmp_10' <Predicate = (!icmp_ln159 & !empty_49)> <Delay = 1.83> <CoreInst = "FIFO_SRL">   --->   Core 81 'FIFO_SRL' <Latency = 0> <II = 1> <Delay = 1.83> <Storage> <Opcode : 'read' 'write' 'nbread' 'nbwrite'> <Ports = 0> <Width = 32> <Depth = 2> <FIFO>
ST_11 : Operation 203 [1/1] (0.76ns)   --->   "%add_ln165_8 = add i8 %div15_udiv_cast65, i8 140" [AutoEncoder.cpp:165]   --->   Operation 203 'add' 'add_ln165_8' <Predicate = (!icmp_ln159 & !empty_49)> <Delay = 0.76> <CoreInst = "Adder">   --->   Core 1 'Adder' <Latency = 0> <II = 1> <Delay = 0.76> <FuncUnit> <Opcode : 'add' 'sub'> <InPorts = 2> <OutPorts = 1>
ST_11 : Operation 204 [1/1] (0.00ns)   --->   "%zext_ln165_10 = zext i8 %add_ln165_8" [AutoEncoder.cpp:165]   --->   Operation 204 'zext' 'zext_ln165_10' <Predicate = (!icmp_ln159 & !empty_49)> <Delay = 0.00>
ST_11 : Operation 205 [1/1] (0.00ns)   --->   "%upsam_buf_addr_10 = getelementptr i32 %upsam_buf, i64 0, i64 %zext_ln165_10" [AutoEncoder.cpp:165]   --->   Operation 205 'getelementptr' 'upsam_buf_addr_10' <Predicate = (!icmp_ln159 & !empty_49)> <Delay = 0.00>
ST_11 : Operation 206 [1/1] (1.23ns)   --->   "%store_ln165 = store i32 %tmp_10, i8 %upsam_buf_addr_10" [AutoEncoder.cpp:165]   --->   Operation 206 'store' 'store_ln165' <Predicate = (!icmp_ln159 & !empty_49)> <Delay = 1.23> <CoreInst = "RAM">   --->   Core 83 'RAM' <Latency = 1> <II = 1> <Delay = 1.23> <Storage> <Opcode : 'load' 'store'> <Ports = 2> <Width = 32> <Depth = 224> <RAM>
ST_11 : Operation 207 [1/1] (1.83ns)   --->   "%write_ln174 = write void @_ssdm_op_Write.ap_fifo.volatile.i32P0A, i32 %upsamp6_out27, i32 %upsam_buf_load_8" [/tools/Xilinx/Vitis_HLS/2022.1/common/technology/autopilot/hls_stream_39.h:174]   --->   Operation 207 'write' 'write_ln174' <Predicate = (!icmp_ln159 & empty_49)> <Delay = 1.83> <CoreInst = "FIFO_SRL">   --->   Core 81 'FIFO_SRL' <Latency = 0> <II = 1> <Delay = 1.83> <Storage> <Opcode : 'read' 'write' 'nbread' 'nbwrite'> <Ports = 0> <Width = 32> <Depth = 2> <FIFO>

State 12 <SV = 11> <Delay = 3.07>
ST_12 : Operation 208 [1/1] (1.83ns)   --->   "%write_ln174 = write void @_ssdm_op_Write.ap_fifo.volatile.i32P0A, i32 %upsamp6_out27, i32 %tmp_9" [/tools/Xilinx/Vitis_HLS/2022.1/common/technology/autopilot/hls_stream_39.h:174]   --->   Operation 208 'write' 'write_ln174' <Predicate = (!icmp_ln159 & !empty_49)> <Delay = 1.83> <CoreInst = "FIFO_SRL">   --->   Core 81 'FIFO_SRL' <Latency = 0> <II = 1> <Delay = 1.83> <Storage> <Opcode : 'read' 'write' 'nbread' 'nbwrite'> <Ports = 0> <Width = 32> <Depth = 2> <FIFO>
ST_12 : Operation 209 [1/1] (1.83ns)   --->   "%tmp_11 = read i32 @_ssdm_op_Read.ap_fifo.volatile.i32P0A, i32 %conv6_out26" [/tools/Xilinx/Vitis_HLS/2022.1/common/technology/autopilot/hls_stream_39.h:145]   --->   Operation 209 'read' 'tmp_11' <Predicate = (!icmp_ln159 & !empty_49)> <Delay = 1.83> <CoreInst = "FIFO_SRL">   --->   Core 81 'FIFO_SRL' <Latency = 0> <II = 1> <Delay = 1.83> <Storage> <Opcode : 'read' 'write' 'nbread' 'nbwrite'> <Ports = 0> <Width = 32> <Depth = 2> <FIFO>
ST_12 : Operation 210 [1/1] (0.76ns)   --->   "%add_ln165_9 = add i8 %div15_udiv_cast65, i8 154" [AutoEncoder.cpp:165]   --->   Operation 210 'add' 'add_ln165_9' <Predicate = (!icmp_ln159 & !empty_49)> <Delay = 0.76> <CoreInst = "Adder">   --->   Core 1 'Adder' <Latency = 0> <II = 1> <Delay = 0.76> <FuncUnit> <Opcode : 'add' 'sub'> <InPorts = 2> <OutPorts = 1>
ST_12 : Operation 211 [1/1] (0.00ns)   --->   "%zext_ln165_11 = zext i8 %add_ln165_9" [AutoEncoder.cpp:165]   --->   Operation 211 'zext' 'zext_ln165_11' <Predicate = (!icmp_ln159 & !empty_49)> <Delay = 0.00>
ST_12 : Operation 212 [1/1] (0.00ns)   --->   "%upsam_buf_addr_11 = getelementptr i32 %upsam_buf, i64 0, i64 %zext_ln165_11" [AutoEncoder.cpp:165]   --->   Operation 212 'getelementptr' 'upsam_buf_addr_11' <Predicate = (!icmp_ln159 & !empty_49)> <Delay = 0.00>
ST_12 : Operation 213 [1/1] (1.23ns)   --->   "%store_ln165 = store i32 %tmp_11, i8 %upsam_buf_addr_11" [AutoEncoder.cpp:165]   --->   Operation 213 'store' 'store_ln165' <Predicate = (!icmp_ln159 & !empty_49)> <Delay = 1.23> <CoreInst = "RAM">   --->   Core 83 'RAM' <Latency = 1> <II = 1> <Delay = 1.23> <Storage> <Opcode : 'load' 'store'> <Ports = 2> <Width = 32> <Depth = 224> <RAM>
ST_12 : Operation 214 [1/1] (1.83ns)   --->   "%write_ln174 = write void @_ssdm_op_Write.ap_fifo.volatile.i32P0A, i32 %upsamp6_out27, i32 %upsam_buf_load_9" [/tools/Xilinx/Vitis_HLS/2022.1/common/technology/autopilot/hls_stream_39.h:174]   --->   Operation 214 'write' 'write_ln174' <Predicate = (!icmp_ln159 & empty_49)> <Delay = 1.83> <CoreInst = "FIFO_SRL">   --->   Core 81 'FIFO_SRL' <Latency = 0> <II = 1> <Delay = 1.83> <Storage> <Opcode : 'read' 'write' 'nbread' 'nbwrite'> <Ports = 0> <Width = 32> <Depth = 2> <FIFO>

State 13 <SV = 12> <Delay = 3.07>
ST_13 : Operation 215 [1/1] (1.83ns)   --->   "%write_ln174 = write void @_ssdm_op_Write.ap_fifo.volatile.i32P0A, i32 %upsamp6_out27, i32 %tmp_10" [/tools/Xilinx/Vitis_HLS/2022.1/common/technology/autopilot/hls_stream_39.h:174]   --->   Operation 215 'write' 'write_ln174' <Predicate = (!icmp_ln159 & !empty_49)> <Delay = 1.83> <CoreInst = "FIFO_SRL">   --->   Core 81 'FIFO_SRL' <Latency = 0> <II = 1> <Delay = 1.83> <Storage> <Opcode : 'read' 'write' 'nbread' 'nbwrite'> <Ports = 0> <Width = 32> <Depth = 2> <FIFO>
ST_13 : Operation 216 [1/1] (1.83ns)   --->   "%tmp_12 = read i32 @_ssdm_op_Read.ap_fifo.volatile.i32P0A, i32 %conv6_out26" [/tools/Xilinx/Vitis_HLS/2022.1/common/technology/autopilot/hls_stream_39.h:145]   --->   Operation 216 'read' 'tmp_12' <Predicate = (!icmp_ln159 & !empty_49)> <Delay = 1.83> <CoreInst = "FIFO_SRL">   --->   Core 81 'FIFO_SRL' <Latency = 0> <II = 1> <Delay = 1.83> <Storage> <Opcode : 'read' 'write' 'nbread' 'nbwrite'> <Ports = 0> <Width = 32> <Depth = 2> <FIFO>
ST_13 : Operation 217 [1/1] (0.76ns)   --->   "%add_ln165_10 = add i8 %div15_udiv_cast65, i8 168" [AutoEncoder.cpp:165]   --->   Operation 217 'add' 'add_ln165_10' <Predicate = (!icmp_ln159 & !empty_49)> <Delay = 0.76> <CoreInst = "Adder">   --->   Core 1 'Adder' <Latency = 0> <II = 1> <Delay = 0.76> <FuncUnit> <Opcode : 'add' 'sub'> <InPorts = 2> <OutPorts = 1>
ST_13 : Operation 218 [1/1] (0.00ns)   --->   "%zext_ln165_12 = zext i8 %add_ln165_10" [AutoEncoder.cpp:165]   --->   Operation 218 'zext' 'zext_ln165_12' <Predicate = (!icmp_ln159 & !empty_49)> <Delay = 0.00>
ST_13 : Operation 219 [1/1] (0.00ns)   --->   "%upsam_buf_addr_12 = getelementptr i32 %upsam_buf, i64 0, i64 %zext_ln165_12" [AutoEncoder.cpp:165]   --->   Operation 219 'getelementptr' 'upsam_buf_addr_12' <Predicate = (!icmp_ln159 & !empty_49)> <Delay = 0.00>
ST_13 : Operation 220 [1/1] (1.23ns)   --->   "%store_ln165 = store i32 %tmp_12, i8 %upsam_buf_addr_12" [AutoEncoder.cpp:165]   --->   Operation 220 'store' 'store_ln165' <Predicate = (!icmp_ln159 & !empty_49)> <Delay = 1.23> <CoreInst = "RAM">   --->   Core 83 'RAM' <Latency = 1> <II = 1> <Delay = 1.23> <Storage> <Opcode : 'load' 'store'> <Ports = 2> <Width = 32> <Depth = 224> <RAM>
ST_13 : Operation 221 [1/1] (1.83ns)   --->   "%write_ln174 = write void @_ssdm_op_Write.ap_fifo.volatile.i32P0A, i32 %upsamp6_out27, i32 %upsam_buf_load_10" [/tools/Xilinx/Vitis_HLS/2022.1/common/technology/autopilot/hls_stream_39.h:174]   --->   Operation 221 'write' 'write_ln174' <Predicate = (!icmp_ln159 & empty_49)> <Delay = 1.83> <CoreInst = "FIFO_SRL">   --->   Core 81 'FIFO_SRL' <Latency = 0> <II = 1> <Delay = 1.83> <Storage> <Opcode : 'read' 'write' 'nbread' 'nbwrite'> <Ports = 0> <Width = 32> <Depth = 2> <FIFO>

State 14 <SV = 13> <Delay = 3.07>
ST_14 : Operation 222 [1/1] (1.83ns)   --->   "%write_ln174 = write void @_ssdm_op_Write.ap_fifo.volatile.i32P0A, i32 %upsamp6_out27, i32 %tmp_11" [/tools/Xilinx/Vitis_HLS/2022.1/common/technology/autopilot/hls_stream_39.h:174]   --->   Operation 222 'write' 'write_ln174' <Predicate = (!icmp_ln159 & !empty_49)> <Delay = 1.83> <CoreInst = "FIFO_SRL">   --->   Core 81 'FIFO_SRL' <Latency = 0> <II = 1> <Delay = 1.83> <Storage> <Opcode : 'read' 'write' 'nbread' 'nbwrite'> <Ports = 0> <Width = 32> <Depth = 2> <FIFO>
ST_14 : Operation 223 [1/1] (1.83ns)   --->   "%tmp_13 = read i32 @_ssdm_op_Read.ap_fifo.volatile.i32P0A, i32 %conv6_out26" [/tools/Xilinx/Vitis_HLS/2022.1/common/technology/autopilot/hls_stream_39.h:145]   --->   Operation 223 'read' 'tmp_13' <Predicate = (!icmp_ln159 & !empty_49)> <Delay = 1.83> <CoreInst = "FIFO_SRL">   --->   Core 81 'FIFO_SRL' <Latency = 0> <II = 1> <Delay = 1.83> <Storage> <Opcode : 'read' 'write' 'nbread' 'nbwrite'> <Ports = 0> <Width = 32> <Depth = 2> <FIFO>
ST_14 : Operation 224 [1/1] (0.76ns)   --->   "%add_ln165_11 = add i8 %div15_udiv_cast65, i8 182" [AutoEncoder.cpp:165]   --->   Operation 224 'add' 'add_ln165_11' <Predicate = (!icmp_ln159 & !empty_49)> <Delay = 0.76> <CoreInst = "Adder">   --->   Core 1 'Adder' <Latency = 0> <II = 1> <Delay = 0.76> <FuncUnit> <Opcode : 'add' 'sub'> <InPorts = 2> <OutPorts = 1>
ST_14 : Operation 225 [1/1] (0.00ns)   --->   "%zext_ln165_13 = zext i8 %add_ln165_11" [AutoEncoder.cpp:165]   --->   Operation 225 'zext' 'zext_ln165_13' <Predicate = (!icmp_ln159 & !empty_49)> <Delay = 0.00>
ST_14 : Operation 226 [1/1] (0.00ns)   --->   "%upsam_buf_addr_13 = getelementptr i32 %upsam_buf, i64 0, i64 %zext_ln165_13" [AutoEncoder.cpp:165]   --->   Operation 226 'getelementptr' 'upsam_buf_addr_13' <Predicate = (!icmp_ln159 & !empty_49)> <Delay = 0.00>
ST_14 : Operation 227 [1/1] (1.23ns)   --->   "%store_ln165 = store i32 %tmp_13, i8 %upsam_buf_addr_13" [AutoEncoder.cpp:165]   --->   Operation 227 'store' 'store_ln165' <Predicate = (!icmp_ln159 & !empty_49)> <Delay = 1.23> <CoreInst = "RAM">   --->   Core 83 'RAM' <Latency = 1> <II = 1> <Delay = 1.23> <Storage> <Opcode : 'load' 'store'> <Ports = 2> <Width = 32> <Depth = 224> <RAM>
ST_14 : Operation 228 [1/1] (1.83ns)   --->   "%write_ln174 = write void @_ssdm_op_Write.ap_fifo.volatile.i32P0A, i32 %upsamp6_out27, i32 %upsam_buf_load_11" [/tools/Xilinx/Vitis_HLS/2022.1/common/technology/autopilot/hls_stream_39.h:174]   --->   Operation 228 'write' 'write_ln174' <Predicate = (!icmp_ln159 & empty_49)> <Delay = 1.83> <CoreInst = "FIFO_SRL">   --->   Core 81 'FIFO_SRL' <Latency = 0> <II = 1> <Delay = 1.83> <Storage> <Opcode : 'read' 'write' 'nbread' 'nbwrite'> <Ports = 0> <Width = 32> <Depth = 2> <FIFO>

State 15 <SV = 14> <Delay = 3.07>
ST_15 : Operation 229 [1/1] (1.83ns)   --->   "%write_ln174 = write void @_ssdm_op_Write.ap_fifo.volatile.i32P0A, i32 %upsamp6_out27, i32 %tmp_12" [/tools/Xilinx/Vitis_HLS/2022.1/common/technology/autopilot/hls_stream_39.h:174]   --->   Operation 229 'write' 'write_ln174' <Predicate = (!icmp_ln159 & !empty_49)> <Delay = 1.83> <CoreInst = "FIFO_SRL">   --->   Core 81 'FIFO_SRL' <Latency = 0> <II = 1> <Delay = 1.83> <Storage> <Opcode : 'read' 'write' 'nbread' 'nbwrite'> <Ports = 0> <Width = 32> <Depth = 2> <FIFO>
ST_15 : Operation 230 [1/1] (1.83ns)   --->   "%tmp_14 = read i32 @_ssdm_op_Read.ap_fifo.volatile.i32P0A, i32 %conv6_out26" [/tools/Xilinx/Vitis_HLS/2022.1/common/technology/autopilot/hls_stream_39.h:145]   --->   Operation 230 'read' 'tmp_14' <Predicate = (!icmp_ln159 & !empty_49)> <Delay = 1.83> <CoreInst = "FIFO_SRL">   --->   Core 81 'FIFO_SRL' <Latency = 0> <II = 1> <Delay = 1.83> <Storage> <Opcode : 'read' 'write' 'nbread' 'nbwrite'> <Ports = 0> <Width = 32> <Depth = 2> <FIFO>
ST_15 : Operation 231 [1/1] (0.77ns)   --->   "%add_ln165_12 = add i7 %div15_udiv_cast71, i7 68" [AutoEncoder.cpp:165]   --->   Operation 231 'add' 'add_ln165_12' <Predicate = (!icmp_ln159 & !empty_49)> <Delay = 0.77> <CoreInst = "Adder">   --->   Core 1 'Adder' <Latency = 0> <II = 1> <Delay = 0.77> <FuncUnit> <Opcode : 'add' 'sub'> <InPorts = 2> <OutPorts = 1>
ST_15 : Operation 232 [1/1] (0.00ns)   --->   "%sext_ln165_2 = sext i7 %add_ln165_12" [AutoEncoder.cpp:165]   --->   Operation 232 'sext' 'sext_ln165_2' <Predicate = (!icmp_ln159 & !empty_49)> <Delay = 0.00>
ST_15 : Operation 233 [1/1] (0.00ns)   --->   "%zext_ln165_14 = zext i8 %sext_ln165_2" [AutoEncoder.cpp:165]   --->   Operation 233 'zext' 'zext_ln165_14' <Predicate = (!icmp_ln159 & !empty_49)> <Delay = 0.00>
ST_15 : Operation 234 [1/1] (0.00ns)   --->   "%upsam_buf_addr_14 = getelementptr i32 %upsam_buf, i64 0, i64 %zext_ln165_14" [AutoEncoder.cpp:165]   --->   Operation 234 'getelementptr' 'upsam_buf_addr_14' <Predicate = (!icmp_ln159 & !empty_49)> <Delay = 0.00>
ST_15 : Operation 235 [1/1] (1.23ns)   --->   "%store_ln165 = store i32 %tmp_14, i8 %upsam_buf_addr_14" [AutoEncoder.cpp:165]   --->   Operation 235 'store' 'store_ln165' <Predicate = (!icmp_ln159 & !empty_49)> <Delay = 1.23> <CoreInst = "RAM">   --->   Core 83 'RAM' <Latency = 1> <II = 1> <Delay = 1.23> <Storage> <Opcode : 'load' 'store'> <Ports = 2> <Width = 32> <Depth = 224> <RAM>
ST_15 : Operation 236 [1/1] (1.83ns)   --->   "%write_ln174 = write void @_ssdm_op_Write.ap_fifo.volatile.i32P0A, i32 %upsamp6_out27, i32 %upsam_buf_load_12" [/tools/Xilinx/Vitis_HLS/2022.1/common/technology/autopilot/hls_stream_39.h:174]   --->   Operation 236 'write' 'write_ln174' <Predicate = (!icmp_ln159 & empty_49)> <Delay = 1.83> <CoreInst = "FIFO_SRL">   --->   Core 81 'FIFO_SRL' <Latency = 0> <II = 1> <Delay = 1.83> <Storage> <Opcode : 'read' 'write' 'nbread' 'nbwrite'> <Ports = 0> <Width = 32> <Depth = 2> <FIFO>

State 16 <SV = 15> <Delay = 3.07>
ST_16 : Operation 237 [1/1] (1.83ns)   --->   "%write_ln174 = write void @_ssdm_op_Write.ap_fifo.volatile.i32P0A, i32 %upsamp6_out27, i32 %tmp_13" [/tools/Xilinx/Vitis_HLS/2022.1/common/technology/autopilot/hls_stream_39.h:174]   --->   Operation 237 'write' 'write_ln174' <Predicate = (!icmp_ln159 & !empty_49)> <Delay = 1.83> <CoreInst = "FIFO_SRL">   --->   Core 81 'FIFO_SRL' <Latency = 0> <II = 1> <Delay = 1.83> <Storage> <Opcode : 'read' 'write' 'nbread' 'nbwrite'> <Ports = 0> <Width = 32> <Depth = 2> <FIFO>
ST_16 : Operation 238 [1/1] (1.83ns)   --->   "%tmp_15 = read i32 @_ssdm_op_Read.ap_fifo.volatile.i32P0A, i32 %conv6_out26" [/tools/Xilinx/Vitis_HLS/2022.1/common/technology/autopilot/hls_stream_39.h:145]   --->   Operation 238 'read' 'tmp_15' <Predicate = (!icmp_ln159 & !empty_49)> <Delay = 1.83> <CoreInst = "FIFO_SRL">   --->   Core 81 'FIFO_SRL' <Latency = 0> <II = 1> <Delay = 1.83> <Storage> <Opcode : 'read' 'write' 'nbread' 'nbwrite'> <Ports = 0> <Width = 32> <Depth = 2> <FIFO>
ST_16 : Operation 239 [1/1] (0.77ns)   --->   "%add_ln165_13 = add i7 %div15_udiv_cast71, i7 82" [AutoEncoder.cpp:165]   --->   Operation 239 'add' 'add_ln165_13' <Predicate = (!icmp_ln159 & !empty_49)> <Delay = 0.77> <CoreInst = "Adder">   --->   Core 1 'Adder' <Latency = 0> <II = 1> <Delay = 0.77> <FuncUnit> <Opcode : 'add' 'sub'> <InPorts = 2> <OutPorts = 1>
ST_16 : Operation 240 [1/1] (0.00ns)   --->   "%sext_ln165_3 = sext i7 %add_ln165_13" [AutoEncoder.cpp:165]   --->   Operation 240 'sext' 'sext_ln165_3' <Predicate = (!icmp_ln159 & !empty_49)> <Delay = 0.00>
ST_16 : Operation 241 [1/1] (0.00ns)   --->   "%zext_ln165_15 = zext i8 %sext_ln165_3" [AutoEncoder.cpp:165]   --->   Operation 241 'zext' 'zext_ln165_15' <Predicate = (!icmp_ln159 & !empty_49)> <Delay = 0.00>
ST_16 : Operation 242 [1/1] (0.00ns)   --->   "%upsam_buf_addr_15 = getelementptr i32 %upsam_buf, i64 0, i64 %zext_ln165_15" [AutoEncoder.cpp:165]   --->   Operation 242 'getelementptr' 'upsam_buf_addr_15' <Predicate = (!icmp_ln159 & !empty_49)> <Delay = 0.00>
ST_16 : Operation 243 [1/1] (1.23ns)   --->   "%store_ln165 = store i32 %tmp_15, i8 %upsam_buf_addr_15" [AutoEncoder.cpp:165]   --->   Operation 243 'store' 'store_ln165' <Predicate = (!icmp_ln159 & !empty_49)> <Delay = 1.23> <CoreInst = "RAM">   --->   Core 83 'RAM' <Latency = 1> <II = 1> <Delay = 1.23> <Storage> <Opcode : 'load' 'store'> <Ports = 2> <Width = 32> <Depth = 224> <RAM>
ST_16 : Operation 244 [1/1] (1.83ns)   --->   "%write_ln174 = write void @_ssdm_op_Write.ap_fifo.volatile.i32P0A, i32 %upsamp6_out27, i32 %upsam_buf_load_13" [/tools/Xilinx/Vitis_HLS/2022.1/common/technology/autopilot/hls_stream_39.h:174]   --->   Operation 244 'write' 'write_ln174' <Predicate = (!icmp_ln159 & empty_49)> <Delay = 1.83> <CoreInst = "FIFO_SRL">   --->   Core 81 'FIFO_SRL' <Latency = 0> <II = 1> <Delay = 1.83> <Storage> <Opcode : 'read' 'write' 'nbread' 'nbwrite'> <Ports = 0> <Width = 32> <Depth = 2> <FIFO>

State 17 <SV = 16> <Delay = 2.01>
ST_17 : Operation 245 [1/1] (1.83ns)   --->   "%write_ln174 = write void @_ssdm_op_Write.ap_fifo.volatile.i32P0A, i32 %upsamp6_out27, i32 %tmp_14" [/tools/Xilinx/Vitis_HLS/2022.1/common/technology/autopilot/hls_stream_39.h:174]   --->   Operation 245 'write' 'write_ln174' <Predicate = (!empty_49)> <Delay = 1.83> <CoreInst = "FIFO_SRL">   --->   Core 81 'FIFO_SRL' <Latency = 0> <II = 1> <Delay = 1.83> <Storage> <Opcode : 'read' 'write' 'nbread' 'nbwrite'> <Ports = 0> <Width = 32> <Depth = 2> <FIFO>
ST_17 : Operation 246 [1/1] (0.00ns)   --->   "%br_ln166 = br void %for.inc.15" [AutoEncoder.cpp:166]   --->   Operation 246 'br' 'br_ln166' <Predicate = (!empty_49)> <Delay = 0.00>
ST_17 : Operation 247 [1/1] (1.83ns)   --->   "%write_ln174 = write void @_ssdm_op_Write.ap_fifo.volatile.i32P0A, i32 %upsamp6_out27, i32 %upsam_buf_load_14" [/tools/Xilinx/Vitis_HLS/2022.1/common/technology/autopilot/hls_stream_39.h:174]   --->   Operation 247 'write' 'write_ln174' <Predicate = (empty_49)> <Delay = 1.83> <CoreInst = "FIFO_SRL">   --->   Core 81 'FIFO_SRL' <Latency = 0> <II = 1> <Delay = 1.83> <Storage> <Opcode : 'read' 'write' 'nbread' 'nbwrite'> <Ports = 0> <Width = 32> <Depth = 2> <FIFO>
ST_17 : Operation 248 [1/1] (0.00ns)   --->   "%br_ln163 = br void %for.inc.15" [AutoEncoder.cpp:163]   --->   Operation 248 'br' 'br_ln163' <Predicate = (empty_49)> <Delay = 0.00>
ST_17 : Operation 249 [1/1] (0.77ns)   --->   "%add_ln167_13 = add i7 %div15_udiv_cast71, i7 82" [AutoEncoder.cpp:167]   --->   Operation 249 'add' 'add_ln167_13' <Predicate = true> <Delay = 0.77> <CoreInst = "Adder">   --->   Core 1 'Adder' <Latency = 0> <II = 1> <Delay = 0.77> <FuncUnit> <Opcode : 'add' 'sub'> <InPorts = 2> <OutPorts = 1>
ST_17 : Operation 250 [1/1] (0.00ns)   --->   "%sext_ln167_3 = sext i7 %add_ln167_13" [AutoEncoder.cpp:167]   --->   Operation 250 'sext' 'sext_ln167_3' <Predicate = true> <Delay = 0.00>
ST_17 : Operation 251 [1/1] (0.00ns)   --->   "%zext_ln167_15 = zext i8 %sext_ln167_3" [AutoEncoder.cpp:167]   --->   Operation 251 'zext' 'zext_ln167_15' <Predicate = true> <Delay = 0.00>
ST_17 : Operation 252 [1/1] (0.00ns)   --->   "%upsam_buf_addr_31 = getelementptr i32 %upsam_buf, i64 0, i64 %zext_ln167_15" [/tools/Xilinx/Vitis_HLS/2022.1/common/technology/autopilot/hls_stream_39.h:174]   --->   Operation 252 'getelementptr' 'upsam_buf_addr_31' <Predicate = true> <Delay = 0.00>
ST_17 : Operation 253 [2/2] (1.23ns)   --->   "%upsam_buf_load_15 = load i8 %upsam_buf_addr_31" [/tools/Xilinx/Vitis_HLS/2022.1/common/technology/autopilot/hls_stream_39.h:174]   --->   Operation 253 'load' 'upsam_buf_load_15' <Predicate = true> <Delay = 1.23> <CoreInst = "RAM">   --->   Core 83 'RAM' <Latency = 1> <II = 1> <Delay = 1.23> <Storage> <Opcode : 'load' 'store'> <Ports = 2> <Width = 32> <Depth = 224> <RAM>

State 18 <SV = 17> <Delay = 3.07>
ST_18 : Operation 254 [1/2] (1.23ns)   --->   "%upsam_buf_load_15 = load i8 %upsam_buf_addr_31" [/tools/Xilinx/Vitis_HLS/2022.1/common/technology/autopilot/hls_stream_39.h:174]   --->   Operation 254 'load' 'upsam_buf_load_15' <Predicate = true> <Delay = 1.23> <CoreInst = "RAM">   --->   Core 83 'RAM' <Latency = 1> <II = 1> <Delay = 1.23> <Storage> <Opcode : 'load' 'store'> <Ports = 2> <Width = 32> <Depth = 224> <RAM>
ST_18 : Operation 255 [1/1] (1.83ns)   --->   "%write_ln174 = write void @_ssdm_op_Write.ap_fifo.volatile.i32P0A, i32 %upsamp6_out27, i32 %upsam_buf_load_15" [/tools/Xilinx/Vitis_HLS/2022.1/common/technology/autopilot/hls_stream_39.h:174]   --->   Operation 255 'write' 'write_ln174' <Predicate = true> <Delay = 1.83> <CoreInst = "FIFO_SRL">   --->   Core 81 'FIFO_SRL' <Latency = 0> <II = 1> <Delay = 1.83> <Storage> <Opcode : 'read' 'write' 'nbread' 'nbwrite'> <Ports = 0> <Width = 32> <Depth = 2> <FIFO>
ST_18 : Operation 256 [1/1] (0.00ns)   --->   "%br_ln160 = br void %for.body9" [AutoEncoder.cpp:160]   --->   Operation 256 'br' 'br_ln160' <Predicate = true> <Delay = 0.00>


============================================================
+ Verbose Summary: Timing violations
============================================================
Target clock period: 10ns, clock uncertainty: 2.7ns.

 <State 1>: 3.62ns
The critical path consists of the following:
	fifo read operation ('tmp', /tools/Xilinx/Vitis_HLS/2022.1/common/technology/autopilot/hls_stream_39.h:145) on port 'conv6_out26' (/tools/Xilinx/Vitis_HLS/2022.1/common/technology/autopilot/hls_stream_39.h:145) [39]  (1.84 ns)
	'store' operation ('store_ln165', AutoEncoder.cpp:165) of variable 'tmp', /tools/Xilinx/Vitis_HLS/2022.1/common/technology/autopilot/hls_stream_39.h:145 on array 'upsam_buf' [42]  (1.24 ns)
	blocking operation 0.54 ns on control path)

 <State 2>: 3.08ns
The critical path consists of the following:
	fifo read operation ('tmp', /tools/Xilinx/Vitis_HLS/2022.1/common/technology/autopilot/hls_stream_39.h:145) on port 'conv6_out26' (/tools/Xilinx/Vitis_HLS/2022.1/common/technology/autopilot/hls_stream_39.h:145) [44]  (1.84 ns)
	'store' operation ('store_ln165', AutoEncoder.cpp:165) of variable 'tmp', /tools/Xilinx/Vitis_HLS/2022.1/common/technology/autopilot/hls_stream_39.h:145 on array 'upsam_buf' [48]  (1.24 ns)

 <State 3>: 3.08ns
The critical path consists of the following:
	fifo read operation ('tmp', /tools/Xilinx/Vitis_HLS/2022.1/common/technology/autopilot/hls_stream_39.h:145) on port 'conv6_out26' (/tools/Xilinx/Vitis_HLS/2022.1/common/technology/autopilot/hls_stream_39.h:145) [50]  (1.84 ns)
	'store' operation ('store_ln165', AutoEncoder.cpp:165) of variable 'tmp', /tools/Xilinx/Vitis_HLS/2022.1/common/technology/autopilot/hls_stream_39.h:145 on array 'upsam_buf' [54]  (1.24 ns)

 <State 4>: 3.08ns
The critical path consists of the following:
	fifo read operation ('tmp', /tools/Xilinx/Vitis_HLS/2022.1/common/technology/autopilot/hls_stream_39.h:145) on port 'conv6_out26' (/tools/Xilinx/Vitis_HLS/2022.1/common/technology/autopilot/hls_stream_39.h:145) [56]  (1.84 ns)
	'store' operation ('store_ln165', AutoEncoder.cpp:165) of variable 'tmp', /tools/Xilinx/Vitis_HLS/2022.1/common/technology/autopilot/hls_stream_39.h:145 on array 'upsam_buf' [60]  (1.24 ns)

 <State 5>: 3.08ns
The critical path consists of the following:
	fifo read operation ('tmp', /tools/Xilinx/Vitis_HLS/2022.1/common/technology/autopilot/hls_stream_39.h:145) on port 'conv6_out26' (/tools/Xilinx/Vitis_HLS/2022.1/common/technology/autopilot/hls_stream_39.h:145) [62]  (1.84 ns)
	'store' operation ('store_ln165', AutoEncoder.cpp:165) of variable 'tmp', /tools/Xilinx/Vitis_HLS/2022.1/common/technology/autopilot/hls_stream_39.h:145 on array 'upsam_buf' [66]  (1.24 ns)

 <State 6>: 3.08ns
The critical path consists of the following:
	fifo read operation ('tmp', /tools/Xilinx/Vitis_HLS/2022.1/common/technology/autopilot/hls_stream_39.h:145) on port 'conv6_out26' (/tools/Xilinx/Vitis_HLS/2022.1/common/technology/autopilot/hls_stream_39.h:145) [68]  (1.84 ns)
	'store' operation ('store_ln165', AutoEncoder.cpp:165) of variable 'tmp', /tools/Xilinx/Vitis_HLS/2022.1/common/technology/autopilot/hls_stream_39.h:145 on array 'upsam_buf' [72]  (1.24 ns)

 <State 7>: 3.08ns
The critical path consists of the following:
	fifo read operation ('tmp', /tools/Xilinx/Vitis_HLS/2022.1/common/technology/autopilot/hls_stream_39.h:145) on port 'conv6_out26' (/tools/Xilinx/Vitis_HLS/2022.1/common/technology/autopilot/hls_stream_39.h:145) [74]  (1.84 ns)
	'store' operation ('store_ln165', AutoEncoder.cpp:165) of variable 'tmp', /tools/Xilinx/Vitis_HLS/2022.1/common/technology/autopilot/hls_stream_39.h:145 on array 'upsam_buf' [78]  (1.24 ns)

 <State 8>: 3.08ns
The critical path consists of the following:
	fifo read operation ('tmp', /tools/Xilinx/Vitis_HLS/2022.1/common/technology/autopilot/hls_stream_39.h:145) on port 'conv6_out26' (/tools/Xilinx/Vitis_HLS/2022.1/common/technology/autopilot/hls_stream_39.h:145) [80]  (1.84 ns)
	'store' operation ('store_ln165', AutoEncoder.cpp:165) of variable 'tmp', /tools/Xilinx/Vitis_HLS/2022.1/common/technology/autopilot/hls_stream_39.h:145 on array 'upsam_buf' [85]  (1.24 ns)

 <State 9>: 3.08ns
The critical path consists of the following:
	fifo read operation ('tmp', /tools/Xilinx/Vitis_HLS/2022.1/common/technology/autopilot/hls_stream_39.h:145) on port 'conv6_out26' (/tools/Xilinx/Vitis_HLS/2022.1/common/technology/autopilot/hls_stream_39.h:145) [87]  (1.84 ns)
	'store' operation ('store_ln165', AutoEncoder.cpp:165) of variable 'tmp', /tools/Xilinx/Vitis_HLS/2022.1/common/technology/autopilot/hls_stream_39.h:145 on array 'upsam_buf' [92]  (1.24 ns)

 <State 10>: 3.08ns
The critical path consists of the following:
	fifo read operation ('tmp', /tools/Xilinx/Vitis_HLS/2022.1/common/technology/autopilot/hls_stream_39.h:145) on port 'conv6_out26' (/tools/Xilinx/Vitis_HLS/2022.1/common/technology/autopilot/hls_stream_39.h:145) [94]  (1.84 ns)
	'store' operation ('store_ln165', AutoEncoder.cpp:165) of variable 'tmp', /tools/Xilinx/Vitis_HLS/2022.1/common/technology/autopilot/hls_stream_39.h:145 on array 'upsam_buf' [98]  (1.24 ns)

 <State 11>: 3.08ns
The critical path consists of the following:
	fifo read operation ('tmp', /tools/Xilinx/Vitis_HLS/2022.1/common/technology/autopilot/hls_stream_39.h:145) on port 'conv6_out26' (/tools/Xilinx/Vitis_HLS/2022.1/common/technology/autopilot/hls_stream_39.h:145) [100]  (1.84 ns)
	'store' operation ('store_ln165', AutoEncoder.cpp:165) of variable 'tmp', /tools/Xilinx/Vitis_HLS/2022.1/common/technology/autopilot/hls_stream_39.h:145 on array 'upsam_buf' [104]  (1.24 ns)

 <State 12>: 3.08ns
The critical path consists of the following:
	fifo read operation ('tmp', /tools/Xilinx/Vitis_HLS/2022.1/common/technology/autopilot/hls_stream_39.h:145) on port 'conv6_out26' (/tools/Xilinx/Vitis_HLS/2022.1/common/technology/autopilot/hls_stream_39.h:145) [106]  (1.84 ns)
	'store' operation ('store_ln165', AutoEncoder.cpp:165) of variable 'tmp', /tools/Xilinx/Vitis_HLS/2022.1/common/technology/autopilot/hls_stream_39.h:145 on array 'upsam_buf' [110]  (1.24 ns)

 <State 13>: 3.08ns
The critical path consists of the following:
	fifo read operation ('tmp', /tools/Xilinx/Vitis_HLS/2022.1/common/technology/autopilot/hls_stream_39.h:145) on port 'conv6_out26' (/tools/Xilinx/Vitis_HLS/2022.1/common/technology/autopilot/hls_stream_39.h:145) [112]  (1.84 ns)
	'store' operation ('store_ln165', AutoEncoder.cpp:165) of variable 'tmp', /tools/Xilinx/Vitis_HLS/2022.1/common/technology/autopilot/hls_stream_39.h:145 on array 'upsam_buf' [116]  (1.24 ns)

 <State 14>: 3.08ns
The critical path consists of the following:
	fifo read operation ('tmp', /tools/Xilinx/Vitis_HLS/2022.1/common/technology/autopilot/hls_stream_39.h:145) on port 'conv6_out26' (/tools/Xilinx/Vitis_HLS/2022.1/common/technology/autopilot/hls_stream_39.h:145) [118]  (1.84 ns)
	'store' operation ('store_ln165', AutoEncoder.cpp:165) of variable 'tmp', /tools/Xilinx/Vitis_HLS/2022.1/common/technology/autopilot/hls_stream_39.h:145 on array 'upsam_buf' [122]  (1.24 ns)

 <State 15>: 3.08ns
The critical path consists of the following:
	fifo read operation ('tmp', /tools/Xilinx/Vitis_HLS/2022.1/common/technology/autopilot/hls_stream_39.h:145) on port 'conv6_out26' (/tools/Xilinx/Vitis_HLS/2022.1/common/technology/autopilot/hls_stream_39.h:145) [124]  (1.84 ns)
	'store' operation ('store_ln165', AutoEncoder.cpp:165) of variable 'tmp', /tools/Xilinx/Vitis_HLS/2022.1/common/technology/autopilot/hls_stream_39.h:145 on array 'upsam_buf' [129]  (1.24 ns)

 <State 16>: 3.08ns
The critical path consists of the following:
	fifo read operation ('tmp', /tools/Xilinx/Vitis_HLS/2022.1/common/technology/autopilot/hls_stream_39.h:145) on port 'conv6_out26' (/tools/Xilinx/Vitis_HLS/2022.1/common/technology/autopilot/hls_stream_39.h:145) [131]  (1.84 ns)
	'store' operation ('store_ln165', AutoEncoder.cpp:165) of variable 'tmp', /tools/Xilinx/Vitis_HLS/2022.1/common/technology/autopilot/hls_stream_39.h:145 on array 'upsam_buf' [136]  (1.24 ns)

 <State 17>: 2.01ns
The critical path consists of the following:
	'add' operation ('add_ln167_13', AutoEncoder.cpp:167) [218]  (0.773 ns)
	'getelementptr' operation ('upsam_buf_addr_31', /tools/Xilinx/Vitis_HLS/2022.1/common/technology/autopilot/hls_stream_39.h:174) [221]  (0 ns)
	'load' operation ('upsam_buf_load_15', /tools/Xilinx/Vitis_HLS/2022.1/common/technology/autopilot/hls_stream_39.h:174) on array 'upsam_buf' [222]  (1.24 ns)

 <State 18>: 3.08ns
The critical path consists of the following:
	'load' operation ('upsam_buf_load_15', /tools/Xilinx/Vitis_HLS/2022.1/common/technology/autopilot/hls_stream_39.h:174) on array 'upsam_buf' [222]  (1.24 ns)
	fifo write operation ('write_ln174', /tools/Xilinx/Vitis_HLS/2022.1/common/technology/autopilot/hls_stream_39.h:174) on port 'upsamp6_out27' (/tools/Xilinx/Vitis_HLS/2022.1/common/technology/autopilot/hls_stream_39.h:174) [223]  (1.84 ns)


============================================================
+ Verbose Summary: Binding
============================================================
N/A
* FSMD analyzer results:
  - Output states:
 - Input state : 
  - Chain level:
	State 1
	State 2
	State 3
	State 4
	State 5
	State 6
	State 7
	State 8
	State 9
	State 10
	State 11
	State 12
	State 13
	State 14
	State 15
	State 16
	State 17
	State 18


============================================================
+ Verbose Summary: Datapath Resource usage 
============================================================
N/A
