

================================================================
== Vitis HLS Report for 'conv1'
================================================================
* Date:           Wed Jan 31 13:09:58 2024

* Version:        2023.1 (Build 3854077 on May  4 2023)
* Project:        LSI_encoder
* Solution:       solution1 (Vivado IP Flow Target)
* Product family: zynq
* Target device:  xc7z010i-clg225-1L


================================================================
== Performance Estimates
================================================================
+ Timing: 
    * Summary: 
    +--------+----------+----------+------------+
    |  Clock |  Target  | Estimated| Uncertainty|
    +--------+----------+----------+------------+
    |ap_clk  |  10.00 ns|  8.151 ns|     2.70 ns|
    +--------+----------+----------+------------+

+ Latency: 
    * Summary: 
    +---------+---------+----------+----------+-------+-------+---------+
    |  Latency (cycles) |  Latency (absolute) |    Interval   | Pipeline|
    |   min   |   max   |    min   |    max   |  min  |  max  |   Type  |
    +---------+---------+----------+----------+-------+-------+---------+
    |    14412|    14412|  0.144 ms|  0.144 ms|  14412|  14412|       no|
    +---------+---------+----------+----------+-------+-------+---------+

    + Detail: 
        * Instance: 
        N/A

        * Loop: 
        +------------------+---------+---------+----------+-----------+-----------+------+----------+
        |                  |  Latency (cycles) | Iteration|  Initiation Interval  | Trip |          |
        |     Loop Name    |   min   |   max   |  Latency |  achieved |   target  | Count| Pipelined|
        +------------------+---------+---------+----------+-----------+-----------+------+----------+
        |- CHeight_CWidth  |    14410|    14410|        27|         16|          1|   900|       yes|
        +------------------+---------+---------+----------+-----------+-----------+------+----------+



================================================================
== Utilization Estimates
================================================================
* Summary: 
+-----------------+---------+-----+-------+-------+-----+
|       Name      | BRAM_18K| DSP |   FF  |  LUT  | URAM|
+-----------------+---------+-----+-------+-------+-----+
|DSP              |        -|    -|      -|      -|    -|
|Expression       |        -|    -|      0|  13060|    -|
|FIFO             |        -|    -|      -|      -|    -|
|Instance         |        -|  135|   7092|   3184|    -|
|Memory           |        -|    -|      -|      -|    -|
|Multiplexer      |        -|    -|      -|   1894|    -|
|Register         |        -|    -|  14810|      -|    -|
+-----------------+---------+-----+-------+-------+-----+
|Total            |        0|  135|  21902|  18138|    0|
+-----------------+---------+-----+-------+-------+-----+
|Available        |      120|   80|  35200|  17600|    0|
+-----------------+---------+-----+-------+-------+-----+
|Utilization (%)  |        0|  168|     62|    103|    0|
+-----------------+---------+-----+-------+-------+-----+

+ Detail: 
    * Instance: 
    +-------------------------+---------------------+---------+----+-----+-----+-----+
    |         Instance        |        Module       | BRAM_18K| DSP|  FF | LUT | URAM|
    +-------------------------+---------------------+---------+----+-----+-----+-----+
    |mul_40s_20s_59_2_1_U20   |mul_40s_20s_59_2_1   |        0|   3|  197|   81|    0|
    |mul_40s_21ns_60_2_1_U1   |mul_40s_21ns_60_2_1  |        0|   3|  197|   81|    0|
    |mul_40s_23ns_62_2_1_U2   |mul_40s_23ns_62_2_1  |        0|   3|  197|   81|    0|
    |mul_40s_23s_62_2_1_U21   |mul_40s_23s_62_2_1   |        0|   3|  197|   81|    0|
    |mul_40s_23s_62_2_1_U22   |mul_40s_23s_62_2_1   |        0|   3|  197|   81|    0|
    |mul_40s_24ns_63_2_1_U3   |mul_40s_24ns_63_2_1  |        0|   3|  197|   81|    0|
    |mul_40s_24s_63_2_1_U23   |mul_40s_24s_63_2_1   |        0|   3|  197|   81|    0|
    |mul_40s_25ns_64_2_1_U4   |mul_40s_25ns_64_2_1  |        0|   3|  197|   81|    0|
    |mul_40s_25s_64_2_1_U24   |mul_40s_25s_64_2_1   |        0|   3|  197|   81|    0|
    |mul_40s_26ns_65_2_1_U5   |mul_40s_26ns_65_2_1  |        0|   4|  197|   81|    0|
    |mul_40s_26ns_65_2_1_U6   |mul_40s_26ns_65_2_1  |        0|   4|  197|   81|    0|
    |mul_40s_26s_65_2_1_U25   |mul_40s_26s_65_2_1   |        0|   4|  197|   81|    0|
    |mul_40s_26s_65_2_1_U26   |mul_40s_26s_65_2_1   |        0|   4|  197|   81|    0|
    |mul_40s_27ns_66_2_1_U7   |mul_40s_27ns_66_2_1  |        0|   4|  197|   81|    0|
    |mul_40s_27ns_66_2_1_U8   |mul_40s_27ns_66_2_1  |        0|   4|  197|   81|    0|
    |mul_40s_27s_66_2_1_U27   |mul_40s_27s_66_2_1   |        0|   4|  197|   81|    0|
    |mul_40s_28ns_67_2_1_U9   |mul_40s_28ns_67_2_1  |        0|   4|  197|   81|    0|
    |mul_40s_28ns_67_2_1_U10  |mul_40s_28ns_67_2_1  |        0|   4|  197|   81|    0|
    |mul_40s_28ns_67_2_1_U11  |mul_40s_28ns_67_2_1  |        0|   4|  197|   81|    0|
    |mul_40s_28s_67_2_1_U28   |mul_40s_28s_67_2_1   |        0|   4|  197|   81|    0|
    |mul_40s_28s_67_2_1_U29   |mul_40s_28s_67_2_1   |        0|   4|  197|   81|    0|
    |mul_40s_28s_67_2_1_U30   |mul_40s_28s_67_2_1   |        0|   4|  197|   81|    0|
    |mul_40s_29ns_68_2_1_U12  |mul_40s_29ns_68_2_1  |        0|   4|  197|   81|    0|
    |mul_40s_29ns_68_2_1_U13  |mul_40s_29ns_68_2_1  |        0|   4|  197|   81|    0|
    |mul_40s_29ns_68_2_1_U14  |mul_40s_29ns_68_2_1  |        0|   4|  197|   81|    0|
    |mul_40s_29ns_68_2_1_U15  |mul_40s_29ns_68_2_1  |        0|   4|  197|   81|    0|
    |mul_40s_29s_68_2_1_U31   |mul_40s_29s_68_2_1   |        0|   4|  197|   81|    0|
    |mul_40s_29s_68_2_1_U32   |mul_40s_29s_68_2_1   |        0|   4|  197|   81|    0|
    |mul_40s_29s_68_2_1_U33   |mul_40s_29s_68_2_1   |        0|   4|  197|   81|    0|
    |mul_40s_30ns_69_2_1_U16  |mul_40s_30ns_69_2_1  |        0|   4|  197|   81|    0|
    |mul_40s_30ns_69_2_1_U17  |mul_40s_30ns_69_2_1  |        0|   4|  197|   81|    0|
    |mul_40s_30ns_69_2_1_U18  |mul_40s_30ns_69_2_1  |        0|   4|  197|   81|    0|
    |mul_40s_30s_69_2_1_U34   |mul_40s_30s_69_2_1   |        0|   4|  197|   81|    0|
    |mul_40s_30s_69_2_1_U35   |mul_40s_30s_69_2_1   |        0|   4|  197|   81|    0|
    |mul_40s_31ns_70_2_1_U19  |mul_40s_31ns_70_2_1  |        0|   4|  197|   81|    0|
    |mul_40s_33s_70_2_1_U36   |mul_40s_33s_70_2_1   |        0|   4|  197|   81|    0|
    |mux_30_5_40_1_1_U37      |mux_30_5_40_1_1      |        0|   0|    0|  134|    0|
    |mux_30_5_40_1_1_U38      |mux_30_5_40_1_1      |        0|   0|    0|  134|    0|
    +-------------------------+---------------------+---------+----+-----+-----+-----+
    |Total                    |                     |        0| 135| 7092| 3184|    0|
    +-------------------------+---------------------+---------+----+-----+-----+-----+

    * DSP: 
    N/A

    * Memory: 
    N/A

    * FIFO: 
    N/A

    * Expression: 
    +------------------------------------+----------+----+---+-----+------------+------------+
    |            Variable Name           | Operation| DSP| FF| LUT | Bitwidth P0| Bitwidth P1|
    +------------------------------------+----------+----+---+-----+------------+------------+
    |add_ln14_3_fu_1326_p2               |         +|   0|  0|   13|           5|           1|
    |add_ln14_fu_1270_p2                 |         +|   0|  0|   13|          10|           1|
    |add_ln15_fu_1775_p2                 |         +|   0|  0|   13|           5|           1|
    |add_ln47_1711_fu_1880_p2            |         +|   0|  0|   77|          70|          70|
    |add_ln47_1712_fu_2174_p2            |         +|   0|  0|   77|          70|          70|
    |add_ln47_1713_fu_2648_p2            |         +|   0|  0|   77|          70|          70|
    |add_ln47_1714_fu_2874_p2            |         +|   0|  0|   77|          70|          70|
    |add_ln47_1715_fu_3129_p2            |         +|   0|  0|   77|          70|          70|
    |add_ln47_1716_fu_3429_p2            |         +|   0|  0|   77|          70|          70|
    |add_ln47_1717_fu_3699_p2            |         +|   0|  0|   77|          70|          70|
    |add_ln47_1718_fu_2087_p2            |         +|   0|  0|   75|          68|          68|
    |add_ln47_1719_fu_1923_p2            |         +|   0|  0|   77|          70|          70|
    |add_ln47_1720_fu_2218_p2            |         +|   0|  0|   77|          70|          70|
    |add_ln47_1721_fu_2680_p2            |         +|   0|  0|   77|          70|          70|
    |add_ln47_1722_fu_2918_p2            |         +|   0|  0|   77|          70|          70|
    |add_ln47_1723_fu_3161_p2            |         +|   0|  0|   77|          70|          70|
    |add_ln47_1724_fu_3461_p2            |         +|   0|  0|   77|          70|          70|
    |add_ln47_1725_fu_3726_p2            |         +|   0|  0|   77|          70|          70|
    |add_ln47_1726_fu_2118_p2            |         +|   0|  0|   76|          69|          69|
    |add_ln47_1727_fu_1953_p2            |         +|   0|  0|   77|          70|          70|
    |add_ln47_1728_fu_2245_p2            |         +|   0|  0|   77|          70|          70|
    |add_ln47_1729_fu_2707_p2            |         +|   0|  0|   77|          70|          70|
    |add_ln47_1730_fu_2945_p2            |         +|   0|  0|   77|          70|          70|
    |add_ln47_1731_fu_3188_p2            |         +|   0|  0|   77|          70|          70|
    |add_ln47_1732_fu_3487_p2            |         +|   0|  0|   77|          70|          70|
    |add_ln47_1733_fu_3753_p2            |         +|   0|  0|   77|          70|          70|
    |add_ln47_1734_fu_1984_p2            |         +|   0|  0|   77|          70|          70|
    |add_ln47_1735_fu_2271_p2            |         +|   0|  0|   77|          70|          70|
    |add_ln47_1736_fu_2734_p2            |         +|   0|  0|   77|          70|          70|
    |add_ln47_1737_fu_2971_p2            |         +|   0|  0|   77|          70|          70|
    |add_ln47_1738_fu_3215_p2            |         +|   0|  0|   77|          70|          70|
    |add_ln47_1739_fu_3514_p2            |         +|   0|  0|   77|          70|          70|
    |add_ln47_1740_fu_3780_p2            |         +|   0|  0|   77|          70|          70|
    |add_ln47_1741_fu_4022_p2            |         +|   0|  0|   77|          70|          70|
    |add_ln47_1742_fu_2298_p2            |         +|   0|  0|   75|          68|          68|
    |add_ln47_1743_fu_2329_p2            |         +|   0|  0|   77|          70|          70|
    |add_ln47_1744_fu_2761_p2            |         +|   0|  0|   77|          70|          70|
    |add_ln47_1745_fu_2998_p2            |         +|   0|  0|   77|          70|          70|
    |add_ln47_1746_fu_3242_p2            |         +|   0|  0|   77|          70|          70|
    |add_ln47_1747_fu_3541_p2            |         +|   0|  0|   77|          70|          70|
    |add_ln47_1748_fu_3807_p2            |         +|   0|  0|   77|          70|          70|
    |add_ln47_1749_fu_4049_p2            |         +|   0|  0|   77|          70|          70|
    |add_ln47_1750_fu_2793_p2            |         +|   0|  0|   76|          69|          69|
    |add_ln47_1751_fu_2825_p2            |         +|   0|  0|   77|          70|          70|
    |add_ln47_1752_fu_3025_p2            |         +|   0|  0|   77|          70|          70|
    |add_ln47_1753_fu_3269_p2            |         +|   0|  0|   77|          70|          70|
    |add_ln47_1754_fu_3568_p2            |         +|   0|  0|   77|          70|          70|
    |add_ln47_1755_fu_3834_p2            |         +|   0|  0|   77|          70|          70|
    |add_ln47_1756_fu_4076_p2            |         +|   0|  0|   77|          70|          70|
    |add_ln47_1757_fu_4368_p2            |         +|   0|  0|   77|          70|          70|
    |add_ln47_1758_fu_3056_p2            |         +|   0|  0|   76|          69|          69|
    |add_ln47_1759_fu_3088_p2            |         +|   0|  0|   77|          70|          70|
    |add_ln47_1760_fu_3296_p2            |         +|   0|  0|   77|          70|          70|
    |add_ln47_1761_fu_3595_p2            |         +|   0|  0|   77|          70|          70|
    |add_ln47_1762_fu_3861_p2            |         +|   0|  0|   77|          70|          70|
    |add_ln47_1763_fu_4103_p2            |         +|   0|  0|   77|          70|          70|
    |add_ln47_1764_fu_4395_p2            |         +|   0|  0|   77|          70|          70|
    |add_ln47_1765_fu_4651_p2            |         +|   0|  0|   77|          70|          70|
    |add_ln47_1766_fu_3327_p2            |         +|   0|  0|   75|          68|          68|
    |add_ln47_1767_fu_3358_p2            |         +|   0|  0|   77|          70|          70|
    |add_ln47_1768_fu_3621_p2            |         +|   0|  0|   77|          70|          70|
    |add_ln47_1769_fu_3888_p2            |         +|   0|  0|   77|          70|          70|
    |add_ln47_1770_fu_4130_p2            |         +|   0|  0|   77|          70|          70|
    |add_ln47_1771_fu_4422_p2            |         +|   0|  0|   77|          70|          70|
    |add_ln47_1772_fu_4678_p2            |         +|   0|  0|   77|          70|          70|
    |add_ln47_1773_fu_4945_p2            |         +|   0|  0|   77|          70|          70|
    |add_ln47_1774_fu_3386_p2            |         +|   0|  0|   77|          70|          70|
    |add_ln47_1775_fu_3647_p2            |         +|   0|  0|   77|          70|          70|
    |add_ln47_1776_fu_3915_p2            |         +|   0|  0|   77|          70|          70|
    |add_ln47_1777_fu_4157_p2            |         +|   0|  0|   77|          70|          70|
    |add_ln47_1778_fu_4449_p2            |         +|   0|  0|   77|          70|          70|
    |add_ln47_1779_fu_4705_p2            |         +|   0|  0|   77|          70|          70|
    |add_ln47_1780_fu_4972_p2            |         +|   0|  0|   77|          70|          70|
    |add_ln47_1781_fu_5211_p2            |         +|   0|  0|   77|          70|          70|
    |add_ln47_1782_fu_3942_p2            |         +|   0|  0|   74|          67|          67|
    |add_ln47_1783_fu_4188_p2            |         +|   0|  0|   77|          70|          70|
    |add_ln47_1784_fu_4216_p2            |         +|   0|  0|   77|          70|          70|
    |add_ln47_1785_fu_4476_p2            |         +|   0|  0|   77|          70|          70|
    |add_ln47_1786_fu_4732_p2            |         +|   0|  0|   77|          70|          70|
    |add_ln47_1787_fu_4999_p2            |         +|   0|  0|   77|          70|          70|
    |add_ln47_1788_fu_5238_p2            |         +|   0|  0|   77|          70|          70|
    |add_ln47_1789_fu_5469_p2            |         +|   0|  0|   77|          70|          70|
    |add_ln47_1790_fu_3969_p2            |         +|   0|  0|   77|          70|          70|
    |add_ln47_1791_fu_4243_p2            |         +|   0|  0|   77|          70|          70|
    |add_ln47_1792_fu_4503_p2            |         +|   0|  0|   77|          70|          70|
    |add_ln47_1793_fu_4759_p2            |         +|   0|  0|   77|          70|          70|
    |add_ln47_1794_fu_5026_p2            |         +|   0|  0|   77|          70|          70|
    |add_ln47_1795_fu_5265_p2            |         +|   0|  0|   77|          70|          70|
    |add_ln47_1796_fu_5496_p2            |         +|   0|  0|   77|          70|          70|
    |add_ln47_1797_fu_5691_p2            |         +|   0|  0|   77|          70|          70|
    |add_ln47_1798_fu_4530_p2            |         +|   0|  0|   73|          66|          66|
    |add_ln47_1799_fu_4789_p2            |         +|   0|  0|   77|          70|          70|
    |add_ln47_1800_fu_4817_p2            |         +|   0|  0|   77|          70|          70|
    |add_ln47_1801_fu_5049_p2            |         +|   0|  0|   77|          70|          70|
    |add_ln47_1802_fu_5292_p2            |         +|   0|  0|   77|          70|          70|
    |add_ln47_1803_fu_5523_p2            |         +|   0|  0|   77|          70|          70|
    |add_ln47_1804_fu_5718_p2            |         +|   0|  0|   77|          70|          70|
    |add_ln47_1805_fu_5887_p2            |         +|   0|  0|   77|          70|          70|
    |add_ln47_1806_fu_4558_p2            |         +|   0|  0|   77|          70|          70|
    |add_ln47_1807_fu_4844_p2            |         +|   0|  0|   77|          70|          70|
    |add_ln47_1808_fu_5076_p2            |         +|   0|  0|   77|          70|          70|
    |add_ln47_1809_fu_5319_p2            |         +|   0|  0|   77|          70|          70|
    |add_ln47_1810_fu_5550_p2            |         +|   0|  0|   77|          70|          70|
    |add_ln47_1811_fu_5745_p2            |         +|   0|  0|   77|          70|          70|
    |add_ln47_1812_fu_5914_p2            |         +|   0|  0|   77|          70|          70|
    |add_ln47_1813_fu_6052_p2            |         +|   0|  0|   77|          70|          70|
    |add_ln47_1814_fu_4872_p2            |         +|   0|  0|   77|          70|          70|
    |add_ln47_1815_fu_5103_p2            |         +|   0|  0|   77|          70|          70|
    |add_ln47_1816_fu_5342_p2            |         +|   0|  0|   77|          70|          70|
    |add_ln47_1817_fu_5577_p2            |         +|   0|  0|   77|          70|          70|
    |add_ln47_1818_fu_5772_p2            |         +|   0|  0|   77|          70|          70|
    |add_ln47_1819_fu_5937_p2            |         +|   0|  0|   77|          70|          70|
    |add_ln47_1820_fu_6078_p2            |         +|   0|  0|   77|          70|          70|
    |add_ln47_1821_fu_6190_p2            |         +|   0|  0|   77|          70|          70|
    |add_ln47_1822_fu_5131_p2            |         +|   0|  0|   76|          69|          69|
    |add_ln47_1823_fu_5373_p2            |         +|   0|  0|   77|          70|          70|
    |add_ln47_1824_fu_5603_p2            |         +|   0|  0|   77|          70|          70|
    |add_ln47_1825_fu_5799_p2            |         +|   0|  0|   77|          70|          70|
    |add_ln47_1826_fu_5964_p2            |         +|   0|  0|   77|          70|          70|
    |add_ln47_1827_fu_6104_p2            |         +|   0|  0|   77|          70|          70|
    |add_ln47_1828_fu_6217_p2            |         +|   0|  0|   77|          70|          70|
    |add_ln47_1829_fu_6301_p2            |         +|   0|  0|   77|          70|          70|
    |add_ln47_1830_fu_5404_p2            |         +|   0|  0|   77|          70|          70|
    |add_ln47_1831_fu_5630_p2            |         +|   0|  0|   77|          70|          70|
    |add_ln47_1832_fu_5826_p2            |         +|   0|  0|   77|          70|          70|
    |add_ln47_1833_fu_5991_p2            |         +|   0|  0|   77|          70|          70|
    |add_ln47_1834_fu_6130_p2            |         +|   0|  0|   77|          70|          70|
    |add_ln47_1835_fu_6240_p2            |         +|   0|  0|   77|          70|          70|
    |add_ln47_1836_fu_6327_p2            |         +|   0|  0|   77|          70|          70|
    |add_ln47_1837_fu_6388_p2            |         +|   0|  0|   77|          70|          70|
    |add_ln47_fu_2036_p2                 |         +|   0|  0|   76|          69|          69|
    |add_ln50_10_fu_5842_p2              |         +|   0|  0|   47|          40|          21|
    |add_ln50_11_fu_6007_p2              |         +|   0|  0|   47|          40|          24|
    |add_ln50_12_fu_6146_p2              |         +|   0|  0|   47|          40|          21|
    |add_ln50_13_fu_6256_p2              |         +|   0|  0|   47|          40|          24|
    |add_ln50_14_fu_6343_p2              |         +|   0|  0|   47|          40|          19|
    |add_ln50_15_fu_6404_p2              |         +|   0|  0|   47|          40|          22|
    |add_ln50_1_fu_3991_p2               |         +|   0|  0|   47|          40|          21|
    |add_ln50_2_fu_3997_p2               |         +|   0|  0|   47|          40|          29|
    |add_ln50_3_fu_4269_p2               |         +|   0|  0|   47|          40|          20|
    |add_ln50_4_fu_4275_p2               |         +|   0|  0|   47|          40|          25|
    |add_ln50_5_fu_4574_p2               |         +|   0|  0|   47|          40|          28|
    |add_ln50_6_fu_4888_p2               |         +|   0|  0|   47|          40|          19|
    |add_ln50_7_fu_5157_p2               |         +|   0|  0|   47|          40|          28|
    |add_ln50_8_fu_5420_p2               |         +|   0|  0|   47|          40|          26|
    |add_ln50_9_fu_5646_p2               |         +|   0|  0|   47|          40|          20|
    |add_ln50_fu_3985_p2                 |         +|   0|  0|   47|          40|          16|
    |ap_block_pp0_stage10_01001          |       and|   0|  0|    2|           1|           1|
    |ap_block_pp0_stage12_01001          |       and|   0|  0|    2|           1|           1|
    |ap_block_pp0_stage13_01001          |       and|   0|  0|    2|           1|           1|
    |ap_block_pp0_stage14_01001          |       and|   0|  0|    2|           1|           1|
    |ap_block_pp0_stage15_01001          |       and|   0|  0|    2|           1|           1|
    |ap_block_state12_pp0_stage11_iter0  |       and|   0|  0|    2|           1|           1|
    |ap_block_state13_pp0_stage12_iter0  |       and|   0|  0|    2|           1|           1|
    |ap_block_state14_pp0_stage13_iter0  |       and|   0|  0|    2|           1|           1|
    |ap_block_state15_pp0_stage14_iter0  |       and|   0|  0|    2|           1|           1|
    |ap_block_state16_pp0_stage15_iter0  |       and|   0|  0|    2|           1|           1|
    |ap_block_state17_pp0_stage0_iter1   |       and|   0|  0|    2|           1|           1|
    |ap_block_state18_pp0_stage1_iter1   |       and|   0|  0|    2|           1|           1|
    |ap_block_state3_pp0_stage3_iter0    |       and|   0|  0|    2|           1|           1|
    |ap_condition_1134                   |       and|   0|  0|    2|           1|           1|
    |ap_predicate_op1053_write_state14   |       and|   0|  0|    2|           1|           1|
    |ap_predicate_op257_read_state3      |       and|   0|  0|    2|           1|           1|
    |sel_tmp_fu_1769_p2                  |       and|   0|  0|    2|           1|           1|
    |cmp25_i_mid1_fu_1296_p2             |      icmp|   0|  0|   13|           5|           1|
    |empty_90_fu_1362_p2                 |      icmp|   0|  0|   13|           5|           1|
    |empty_92_fu_1374_p2                 |      icmp|   0|  0|   13|           5|           3|
    |empty_93_fu_1380_p2                 |      icmp|   0|  0|   13|           5|           1|
    |empty_fu_1356_p2                    |      icmp|   0|  0|   13|           5|           3|
    |icmp50_fu_1350_p2                   |      icmp|   0|  0|   13|           4|           1|
    |icmp_fu_1312_p2                     |      icmp|   0|  0|   13|           4|           1|
    |icmp_ln14_fu_1264_p2                |      icmp|   0|  0|   13|          10|           8|
    |icmp_ln15_fu_1282_p2                |      icmp|   0|  0|   13|           5|           3|
    |icmp_ln9_15_fu_4325_p2              |      icmp|   0|  0|   47|          40|           1|
    |icmp_ln9_16_fu_4339_p2              |      icmp|   0|  0|   47|          40|           1|
    |icmp_ln9_17_fu_4604_p2              |      icmp|   0|  0|   47|          40|           1|
    |icmp_ln9_18_fu_4618_p2              |      icmp|   0|  0|   47|          40|           1|
    |icmp_ln9_19_fu_4908_p2              |      icmp|   0|  0|   47|          40|           1|
    |icmp_ln9_20_fu_5177_p2              |      icmp|   0|  0|   47|          40|           1|
    |icmp_ln9_21_fu_5440_p2              |      icmp|   0|  0|   47|          40|           1|
    |icmp_ln9_22_fu_5666_p2              |      icmp|   0|  0|   47|          40|           1|
    |icmp_ln9_23_fu_5862_p2              |      icmp|   0|  0|   47|          40|           1|
    |icmp_ln9_24_fu_6027_p2              |      icmp|   0|  0|   47|          40|           1|
    |icmp_ln9_25_fu_6166_p2              |      icmp|   0|  0|   47|          40|           1|
    |icmp_ln9_26_fu_6276_p2              |      icmp|   0|  0|   47|          40|           1|
    |icmp_ln9_27_fu_6363_p2              |      icmp|   0|  0|   47|          40|           1|
    |icmp_ln9_28_fu_6424_p2              |      icmp|   0|  0|   47|          40|           1|
    |icmp_ln9_29_fu_6452_p2              |      icmp|   0|  0|   47|          40|           1|
    |icmp_ln9_fu_4311_p2                 |      icmp|   0|  0|   47|          40|           1|
    |ap_block_pp0_stage0_01001           |        or|   0|  0|    2|           1|           1|
    |ap_block_pp0_stage11_01001          |        or|   0|  0|    2|           1|           1|
    |ap_block_pp0_stage3_01001           |        or|   0|  0|    2|           1|           1|
    |empty_91_fu_1368_p2                 |        or|   0|  0|    2|           1|           1|
    |empty_94_fu_1386_p2                 |        or|   0|  0|    2|           1|           1|
    |in_val_136_fu_2345_p3               |    select|   0|  0|   40|           1|          40|
    |in_val_137_fu_2144_p3               |    select|   0|  0|   40|           1|          40|
    |p_0_0_0521919_fu_1761_p3            |    select|   0|  0|   40|           1|          40|
    |p_0_0_052_111961921_fu_1850_p3      |    select|   0|  0|   40|           1|          40|
    |p_0_0_052_11923_fu_1753_p3          |    select|   0|  0|   40|           1|          40|
    |p_0_0_052_1_11927_fu_1845_p3        |    select|   0|  0|   40|           1|          40|
    |phi_ln63_10_fu_6013_p3              |    select|   0|  0|   40|           1|          40|
    |phi_ln63_11_fu_6152_p3              |    select|   0|  0|   40|           1|          40|
    |phi_ln63_12_fu_6262_p3              |    select|   0|  0|   40|           1|          40|
    |phi_ln63_13_fu_6349_p3              |    select|   0|  0|   40|           1|          40|
    |phi_ln63_14_fu_6410_p3              |    select|   0|  0|   40|           1|          40|
    |phi_ln63_15_fu_6438_p3              |    select|   0|  0|   40|           1|          40|
    |phi_ln63_1_fu_4586_p3               |    select|   0|  0|   40|           1|          40|
    |phi_ln63_2_fu_4281_p3               |    select|   0|  0|   40|           1|          40|
    |phi_ln63_3_fu_4894_p3               |    select|   0|  0|   40|           1|          40|
    |phi_ln63_4_fu_4287_p3               |    select|   0|  0|   40|           1|          40|
    |phi_ln63_5_fu_5163_p3               |    select|   0|  0|   40|           1|          40|
    |phi_ln63_6_fu_4293_p3               |    select|   0|  0|   40|           1|          40|
    |phi_ln63_7_fu_5426_p3               |    select|   0|  0|   40|           1|          40|
    |phi_ln63_8_fu_5652_p3               |    select|   0|  0|   40|           1|          40|
    |phi_ln63_9_fu_5848_p3               |    select|   0|  0|   40|           1|          40|
    |phi_ln63_fu_4580_p3                 |    select|   0|  0|   40|           1|          40|
    |select_ln14_6_fu_1318_p3            |    select|   0|  0|    2|           1|           1|
    |select_ln14_7_fu_1332_p3            |    select|   0|  0|    5|           1|           5|
    |select_ln14_fu_1288_p3              |    select|   0|  0|    5|           1|           1|
    |select_ln9_15_fu_4331_p3            |    select|   0|  0|   39|           1|          39|
    |select_ln9_16_fu_4345_p3            |    select|   0|  0|   39|           1|          39|
    |select_ln9_17_fu_4610_p3            |    select|   0|  0|   39|           1|          39|
    |select_ln9_18_fu_4624_p3            |    select|   0|  0|   39|           1|          39|
    |select_ln9_19_fu_4914_p3            |    select|   0|  0|   39|           1|          39|
    |select_ln9_20_fu_5183_p3            |    select|   0|  0|   39|           1|          39|
    |select_ln9_21_fu_5446_p3            |    select|   0|  0|   39|           1|          39|
    |select_ln9_22_fu_5672_p3            |    select|   0|  0|   39|           1|          39|
    |select_ln9_23_fu_5868_p3            |    select|   0|  0|   39|           1|          39|
    |select_ln9_24_fu_6033_p3            |    select|   0|  0|   39|           1|          39|
    |select_ln9_25_fu_6172_p3            |    select|   0|  0|   39|           1|          39|
    |select_ln9_26_fu_6282_p3            |    select|   0|  0|   39|           1|          39|
    |select_ln9_27_fu_6369_p3            |    select|   0|  0|   39|           1|          39|
    |select_ln9_28_fu_6430_p3            |    select|   0|  0|   39|           1|          39|
    |select_ln9_29_fu_6458_p3            |    select|   0|  0|   39|           1|          39|
    |select_ln9_fu_4317_p3               |    select|   0|  0|   39|           1|          39|
    |ap_enable_pp0                       |       xor|   0|  0|    2|           1|           2|
    +------------------------------------+----------+----+---+-----+------------+------------+
    |Total                               |          |   0|  0|13060|       10354|       10881|
    +------------------------------------+----------+----+---+-----+------------+------------+

    * Multiplexer: 
    +----------------------------------------+----+-----------+-----+-----------+
    |                  Name                  | LUT| Input Size| Bits| Total Bits|
    +----------------------------------------+----+-----------+-----+-----------+
    |ap_NS_fsm                               |  81|         17|    1|         17|
    |ap_done_int                             |   9|          2|    1|          2|
    |ap_enable_reg_pp0_iter0                 |   9|          2|    1|          2|
    |ap_enable_reg_pp0_iter0_reg             |   9|          2|    1|          2|
    |ap_enable_reg_pp0_iter1                 |   9|          2|    1|          2|
    |ap_phi_reg_pp0_iter0_in_val_47_reg_777  |   9|          2|   40|         80|
    |ap_sig_allocacmp_indvar_flatten_load    |   9|          2|   10|         20|
    |ap_sig_allocacmp_pool_col_load          |   9|          2|    5|         10|
    |ap_sig_allocacmp_pool_row_load          |   9|          2|    5|         10|
    |conv1_out_blk_n                         |   9|          2|    1|          2|
    |conv1_out_din                           |  81|         17|   40|        680|
    |full_in_TDATA_blk_n                     |   9|          2|    1|          2|
    |grp_fu_1002_p0                          |  25|          5|   40|        200|
    |grp_fu_1002_p1                          |  25|          5|   28|        140|
    |grp_fu_1009_p0                          |  14|          3|   40|        120|
    |grp_fu_1009_p1                          |  14|          3|   28|         84|
    |grp_fu_1025_p0                          |  53|         10|   40|        400|
    |grp_fu_1025_p1                          |  53|         10|   29|        290|
    |grp_fu_1030_p0                          |  20|          4|   40|        160|
    |grp_fu_1030_p1                          |  20|          4|   29|        116|
    |grp_fu_1035_p0                          |  14|          3|   40|        120|
    |grp_fu_1035_p1                          |  14|          3|   29|         87|
    |grp_fu_1051_p0                          |  53|         10|   40|        400|
    |grp_fu_1051_p1                          |  53|         10|   30|        300|
    |grp_fu_1061_p0                          |  14|          3|   40|        120|
    |grp_fu_1061_p1                          |  14|          3|   30|         90|
    |grp_fu_1070_p0                          |  25|          5|   40|        200|
    |grp_fu_1070_p1                          |  37|          7|   33|        231|
    |grp_fu_802_p0                           |  14|          3|   40|        120|
    |grp_fu_802_p1                           |  14|          3|   24|         72|
    |grp_fu_808_p0                           |  14|          3|   40|        120|
    |grp_fu_808_p1                           |  14|          3|   25|         75|
    |grp_fu_814_p0                           |  20|          4|   40|        160|
    |grp_fu_814_p1                           |  25|          5|   26|        130|
    |grp_fu_827_p0                           |  37|          7|   40|        280|
    |grp_fu_827_p1                           |  48|          9|   27|        243|
    |grp_fu_833_p0                           |  14|          3|   40|        120|
    |grp_fu_833_p1                           |  14|          3|   27|         81|
    |grp_fu_845_p0                           |  59|         11|   40|        440|
    |grp_fu_845_p1                           |  65|         12|   28|        336|
    |grp_fu_853_p0                           |  14|          3|   40|        120|
    |grp_fu_853_p1                           |  25|          5|   28|        140|
    |grp_fu_873_p0                           |  42|          8|   40|        320|
    |grp_fu_873_p1                           |  59|         11|   29|        319|
    |grp_fu_878_p0                           |  31|          6|   40|        240|
    |grp_fu_878_p1                           |  31|          6|   29|        174|
    |grp_fu_885_p0                           |  14|          3|   40|        120|
    |grp_fu_885_p1                           |  14|          3|   29|         87|
    |grp_fu_907_p0                           |  65|         12|   40|        480|
    |grp_fu_907_p1                           |  65|         13|   30|        390|
    |grp_fu_920_p0                           |  14|          3|   40|        120|
    |grp_fu_920_p1                           |  14|          3|   30|         90|
    |grp_fu_925_p0                           |  14|          3|   40|        120|
    |grp_fu_925_p1                           |  14|          3|   30|         90|
    |grp_fu_935_p0                           |  14|          3|   40|        120|
    |grp_fu_935_p1                           |  14|          3|   31|         93|
    |grp_fu_946_p0                           |  14|          3|   40|        120|
    |grp_fu_946_p1                           |  14|          3|   23|         69|
    |grp_fu_957_p0                           |  25|          5|   40|        200|
    |grp_fu_957_p1                           |  25|          5|   24|        120|
    |grp_fu_965_p0                           |  37|          7|   40|        280|
    |grp_fu_965_p1                           |  37|          7|   25|        175|
    |grp_fu_975_p0                           |  25|          5|   40|        200|
    |grp_fu_975_p1                           |  25|          5|   26|        130|
    |grp_fu_988_p0                           |  31|          6|   40|        240|
    |grp_fu_988_p1                           |  31|          6|   27|        162|
    |grp_fu_997_p0                           |  53|         10|   40|        400|
    |grp_fu_997_p1                           |  59|         11|   28|        308|
    |indvar_flatten_fu_520                   |   9|          2|   10|         20|
    |pool_col_fu_512                         |   9|          2|    5|         10|
    |pool_row_fu_516                         |   9|          2|    5|         10|
    |real_start                              |   9|          2|    1|          2|
    +----------------------------------------+----+-----------+-----+-----------+
    |Total                                   |1894|        377| 2030|      11533|
    +----------------------------------------+----+-----------+-----+-----------+

    * Register: 
    +----------------------------------------+-----+----+-----+-----------+
    |                  Name                  |  FF | LUT| Bits| Const Bits|
    +----------------------------------------+-----+----+-----+-----------+
    |add_ln50_10_reg_8125                    |   40|   0|   40|          0|
    |add_ln50_11_reg_8155                    |   40|   0|   40|          0|
    |add_ln50_12_reg_8180                    |   40|   0|   40|          0|
    |add_ln50_13_reg_8200                    |   40|   0|   40|          0|
    |add_ln50_14_reg_8215                    |   40|   0|   40|          0|
    |add_ln50_15_reg_8225                    |   40|   0|   40|          0|
    |add_ln50_1_reg_7709                     |   40|   0|   40|          0|
    |add_ln50_2_reg_7714                     |   40|   0|   40|          0|
    |add_ln50_3_reg_7764                     |   40|   0|   40|          0|
    |add_ln50_4_reg_7769                     |   40|   0|   40|          0|
    |add_ln50_5_reg_7834                     |   40|   0|   40|          0|
    |add_ln50_6_reg_7894                     |   40|   0|   40|          0|
    |add_ln50_7_reg_7959                     |   40|   0|   40|          0|
    |add_ln50_8_reg_8020                     |   40|   0|   40|          0|
    |add_ln50_9_reg_8070                     |   40|   0|   40|          0|
    |add_ln50_reg_7704                       |   40|   0|   40|          0|
    |ap_CS_fsm                               |   16|   0|   16|          0|
    |ap_done_reg                             |    1|   0|    1|          0|
    |ap_enable_reg_pp0_iter0_reg             |    1|   0|    1|          0|
    |ap_enable_reg_pp0_iter1                 |    1|   0|    1|          0|
    |ap_phi_reg_pp0_iter0_in_val_47_reg_777  |   40|   0|   40|          0|
    |empty_91_reg_6915                       |    1|   0|    1|          0|
    |empty_94_reg_6919                       |    1|   0|    1|          0|
    |icmp_ln14_reg_6899                      |    1|   0|    1|          0|
    |in_val_47_reg_777                       |   40|   0|   40|          0|
    |in_val_567_fu_508                       |   40|   0|   40|          0|
    |in_val_567_load_reg_7209                |   40|   0|   40|          0|
    |in_val_568_fu_524                       |   40|   0|   40|          0|
    |in_val_569_fu_528                       |   40|   0|   40|          0|
    |in_val_570_fu_532                       |   40|   0|   40|          0|
    |in_val_571_fu_536                       |   40|   0|   40|          0|
    |in_val_572_fu_540                       |   40|   0|   40|          0|
    |in_val_573_fu_544                       |   40|   0|   40|          0|
    |in_val_574_fu_548                       |   40|   0|   40|          0|
    |in_val_575_fu_552                       |   40|   0|   40|          0|
    |in_val_576_fu_556                       |   40|   0|   40|          0|
    |in_val_577_fu_560                       |   40|   0|   40|          0|
    |in_val_578_fu_564                       |   40|   0|   40|          0|
    |in_val_579_fu_568                       |   40|   0|   40|          0|
    |in_val_580_fu_572                       |   40|   0|   40|          0|
    |in_val_581_fu_576                       |   40|   0|   40|          0|
    |in_val_582_fu_580                       |   40|   0|   40|          0|
    |in_val_583_fu_584                       |   40|   0|   40|          0|
    |in_val_584_fu_588                       |   40|   0|   40|          0|
    |in_val_585_fu_592                       |   40|   0|   40|          0|
    |in_val_586_fu_596                       |   40|   0|   40|          0|
    |in_val_587_fu_600                       |   40|   0|   40|          0|
    |in_val_588_fu_604                       |   40|   0|   40|          0|
    |in_val_589_fu_608                       |   40|   0|   40|          0|
    |in_val_590_fu_612                       |   40|   0|   40|          0|
    |in_val_591_fu_616                       |   40|   0|   40|          0|
    |in_val_592_fu_620                       |   40|   0|   40|          0|
    |in_val_593_fu_624                       |   40|   0|   40|          0|
    |in_val_594_fu_628                       |   40|   0|   40|          0|
    |in_val_595_fu_632                       |   40|   0|   40|          0|
    |in_val_596_fu_636                       |   40|   0|   40|          0|
    |in_val_597_fu_640                       |   40|   0|   40|          0|
    |in_val_fu_504                           |   40|   0|   40|          0|
    |in_val_load_reg_7198                    |   40|   0|   40|          0|
    |indvar_flatten_fu_520                   |   10|   0|   10|          0|
    |mul_ln47_1729_reg_7114                  |   68|   0|   68|          0|
    |mul_ln47_1730_reg_7127                  |   62|   0|   62|          0|
    |mul_ln47_1734_reg_7367                  |   68|   0|   68|          0|
    |mul_ln47_1746_reg_7262                  |   68|   0|   68|          0|
    |mul_ln47_1751_reg_7382                  |   68|   0|   68|          0|
    |mul_ln47_1755_reg_7272                  |   68|   0|   68|          0|
    |mul_ln47_1757_reg_7332                  |   67|   0|   67|          0|
    |mul_ln47_1764_reg_7193                  |   68|   0|   68|          0|
    |mul_ln47_1791_reg_7486                  |   65|   0|   65|          0|
    |mul_ln47_1792_reg_7542                  |   66|   0|   66|          0|
    |mul_ln47_1800_reg_7552                  |   62|   0|   62|          0|
    |mul_ln47_1808_reg_7637                  |   67|   0|   67|          0|
    |mul_ln47_1827_reg_7824                  |   59|   0|   59|          0|
    |mul_ln47_1850_reg_8055                  |   69|   0|   69|          0|
    |mul_ln47_1851_reg_8095                  |   69|   0|   69|          0|
    |mul_ln47_1855_reg_8010                  |   65|   0|   65|          0|
    |mul_ln47_1858_reg_8105                  |   60|   0|   60|          0|
    |mul_ln47_1866_reg_8115                  |   68|   0|   68|          0|
    |mul_ln47_1868_reg_8120                  |   67|   0|   67|          0|
    |mux_case_02285_fu_644                   |   40|   0|   40|          0|
    |mux_case_102305_fu_684                  |   40|   0|   40|          0|
    |mux_case_112307_fu_688                  |   40|   0|   40|          0|
    |mux_case_122309_fu_692                  |   40|   0|   40|          0|
    |mux_case_12287_fu_648                   |   40|   0|   40|          0|
    |mux_case_132311_fu_696                  |   40|   0|   40|          0|
    |mux_case_142313_fu_700                  |   40|   0|   40|          0|
    |mux_case_152315_fu_704                  |   40|   0|   40|          0|
    |mux_case_162317_fu_708                  |   40|   0|   40|          0|
    |mux_case_172319_fu_712                  |   40|   0|   40|          0|
    |mux_case_182321_fu_716                  |   40|   0|   40|          0|
    |mux_case_192323_fu_720                  |   40|   0|   40|          0|
    |mux_case_202325_fu_724                  |   40|   0|   40|          0|
    |mux_case_212327_fu_728                  |   40|   0|   40|          0|
    |mux_case_222329_fu_732                  |   40|   0|   40|          0|
    |mux_case_22289_fu_652                   |   40|   0|   40|          0|
    |mux_case_232331_fu_736                  |   40|   0|   40|          0|
    |mux_case_242333_fu_740                  |   40|   0|   40|          0|
    |mux_case_252335_fu_744                  |   40|   0|   40|          0|
    |mux_case_262337_fu_748                  |   40|   0|   40|          0|
    |mux_case_272339_fu_752                  |   40|   0|   40|          0|
    |mux_case_282341_fu_756                  |   40|   0|   40|          0|
    |mux_case_292343_fu_760                  |   40|   0|   40|          0|
    |mux_case_32291_fu_656                   |   40|   0|   40|          0|
    |mux_case_42293_fu_660                   |   40|   0|   40|          0|
    |mux_case_52295_fu_664                   |   40|   0|   40|          0|
    |mux_case_62297_fu_668                   |   40|   0|   40|          0|
    |mux_case_72299_fu_672                   |   40|   0|   40|          0|
    |mux_case_82301_fu_676                   |   40|   0|   40|          0|
    |mux_case_92303_fu_680                   |   40|   0|   40|          0|
    |p_0_0_052_111961922_fu_492              |   40|   0|   40|          0|
    |p_0_0_052_111961922_load_reg_6932       |   40|   0|   40|          0|
    |p_0_0_052_11924_fu_496                  |   40|   0|   40|          0|
    |p_0_0_052_11924_load_reg_6940           |   40|   0|   40|          0|
    |p_0_0_052_1_11928_fu_500                |   40|   0|   40|          0|
    |p_0_0_052_1_11928_load_reg_6950         |   40|   0|   40|          0|
    |pool_col_fu_512                         |    5|   0|    5|          0|
    |pool_row_fu_516                         |    5|   0|    5|          0|
    |reg_1110                                |   38|   0|   38|          0|
    |reg_1114                                |   68|   0|   68|          0|
    |reg_1118                                |   37|   0|   37|          0|
    |reg_1122                                |   66|   0|   66|          0|
    |reg_1126                                |   69|   0|   69|          0|
    |reg_1130                                |   68|   0|   68|          0|
    |reg_1134                                |   65|   0|   65|          0|
    |reg_1138                                |   68|   0|   68|          0|
    |reg_1142                                |   68|   0|   68|          0|
    |reg_1146                                |   67|   0|   67|          0|
    |reg_1150                                |   64|   0|   64|          0|
    |reg_1154                                |   67|   0|   67|          0|
    |reg_1158                                |   68|   0|   68|          0|
    |reg_1162                                |   69|   0|   69|          0|
    |reg_1166                                |   67|   0|   67|          0|
    |reg_1170                                |   67|   0|   67|          0|
    |reg_1174                                |   68|   0|   68|          0|
    |reg_1178                                |   64|   0|   64|          0|
    |reg_1182                                |   66|   0|   66|          0|
    |reg_1186                                |   67|   0|   67|          0|
    |reg_1190                                |   66|   0|   66|          0|
    |reg_1194                                |   65|   0|   65|          0|
    |reg_1198                                |   69|   0|   69|          0|
    |reg_1202                                |   63|   0|   63|          0|
    |reg_1206                                |   40|   0|   40|          0|
    |reg_1210                                |   62|   0|   62|          0|
    |reg_1214                                |   63|   0|   63|          0|
    |reg_1218                                |   67|   0|   67|          0|
    |reg_1222                                |   67|   0|   67|          0|
    |reg_1226                                |   70|   0|   70|          0|
    |reg_1230                                |   69|   0|   69|          0|
    |reg_1234                                |   69|   0|   69|          0|
    |reg_1238                                |   70|   0|   70|          0|
    |reg_1242                                |   69|   0|   69|          0|
    |sel_tmp_reg_7058                        |    1|   0|    1|          0|
    |sel_tmp_reg_7058_pp0_iter1_reg          |    1|   0|    1|          0|
    |select_ln14_6_reg_6907                  |    1|   0|    1|          0|
    |select_ln14_reg_6903                    |    5|   0|    5|          0|
    |select_ln9_15_reg_7779                  |   39|   0|   39|          0|
    |select_ln9_16_reg_7784                  |   39|   0|   39|          0|
    |select_ln9_17_reg_7839                  |   39|   0|   39|          0|
    |select_ln9_18_reg_7844                  |   39|   0|   39|          0|
    |select_ln9_19_reg_7899                  |   39|   0|   39|          0|
    |select_ln9_20_reg_7964                  |   39|   0|   39|          0|
    |select_ln9_21_reg_8025                  |   39|   0|   39|          0|
    |select_ln9_22_reg_8075                  |   39|   0|   39|          0|
    |select_ln9_23_reg_8130                  |   39|   0|   39|          0|
    |select_ln9_24_reg_8160                  |   39|   0|   39|          0|
    |select_ln9_25_reg_8185                  |   39|   0|   39|          0|
    |select_ln9_26_reg_8205                  |   39|   0|   39|          0|
    |select_ln9_27_reg_8220                  |   39|   0|   39|          0|
    |select_ln9_28_reg_8230                  |   39|   0|   39|          0|
    |select_ln9_29_reg_8235                  |   39|   0|   39|          0|
    |select_ln9_reg_7774                     |   39|   0|   39|          0|
    |sext_ln47_2613_reg_7342                 |   70|   0|   70|          0|
    |sext_ln47_2615_reg_7078                 |   69|   0|   69|          0|
    |sext_ln47_2616_reg_7014                 |   67|   0|   67|          0|
    |sext_ln47_2617_reg_7020                 |   68|   0|   68|          0|
    |sext_ln47_2618_reg_7647                 |   69|   0|   69|          0|
    |sext_ln47_2620_reg_7277                 |   67|   0|   67|          0|
    |sext_ln47_2621_reg_7027                 |   66|   0|   66|          0|
    |sext_ln47_2622_reg_7033                 |   68|   0|   68|          0|
    |sext_ln47_2626_reg_7557                 |   66|   0|   66|          0|
    |sext_ln47_2629_reg_7084                 |   68|   0|   68|          0|
    |sext_ln47_2630_reg_7093                 |   69|   0|   69|          0|
    |sext_ln47_2631_reg_7100                 |   67|   0|   67|          0|
    |sext_ln47_2636_reg_7284                 |   66|   0|   66|          0|
    |sext_ln47_2637_reg_7229                 |   64|   0|   64|          0|
    |sext_ln47_2638_reg_7106                 |   67|   0|   67|          0|
    |sext_ln47_2639_reg_7041                 |   69|   0|   69|          0|
    |sext_ln47_2640_reg_7047                 |   68|   0|   68|          0|
    |sext_ln47_2644_reg_7563                 |   66|   0|   66|          0|
    |sext_ln47_2645_reg_7412                 |   65|   0|   65|          0|
    |sext_ln47_2647_reg_7119                 |   67|   0|   67|          0|
    |sext_ln47_2650_reg_7654                 |   64|   0|   64|          0|
    |sext_ln47_2651_reg_7569                 |   69|   0|   69|          0|
    |sext_ln47_2653_reg_7300                 |   66|   0|   66|          0|
    |sext_ln47_2654_reg_7154                 |   67|   0|   67|          0|
    |sext_ln47_2655_reg_7132                 |   68|   0|   68|          0|
    |sext_ln47_2658_reg_7969                 |   70|   0|   70|          0|
    |sext_ln47_2659_reg_7576                 |   64|   0|   64|          0|
    |sext_ln47_2662_reg_7306                 |   66|   0|   66|          0|
    |sext_ln47_2663_reg_7160                 |   69|   0|   69|          0|
    |sext_ln47_2664_reg_7235                 |   68|   0|   68|          0|
    |sext_ln47_2670_reg_7437                 |   67|   0|   67|          0|
    |sext_ln47_2671_reg_7166                 |   69|   0|   69|          0|
    |sext_ln47_2672_reg_7246                 |   68|   0|   68|          0|
    |sext_ln47_2676_reg_7501                 |   67|   0|   67|          0|
    |sext_ln47_2677_reg_7444                 |   69|   0|   69|          0|
    |sext_ln47_2678_reg_7362                 |   65|   0|   65|          0|
    |sext_ln47_2679_reg_7311                 |   68|   0|   68|          0|
    |start_once_reg                          |    1|   0|    1|          0|
    |tmp_1550_reg_7149                       |   40|   0|   40|          0|
    |tmp_1551_reg_7290                       |   40|   0|   40|          0|
    |tmp_1552_reg_7357                       |   40|   0|   40|          0|
    |tmp_1553_reg_7422                       |   40|   0|   40|          0|
    |tmp_1554_reg_7496                       |   40|   0|   40|          0|
    |tmp_1555_reg_7582                       |   40|   0|   40|          0|
    |tmp_1557_reg_7173                       |   40|   0|   40|          0|
    |tmp_1558_reg_7317                       |   40|   0|   40|          0|
    |tmp_1559_reg_7372                       |   40|   0|   40|          0|
    |tmp_1560_reg_7451                       |   40|   0|   40|          0|
    |tmp_1561_reg_7507                       |   40|   0|   40|          0|
    |tmp_1562_reg_7592                       |   40|   0|   40|          0|
    |tmp_1564_reg_7178                       |   40|   0|   40|          0|
    |tmp_1565_reg_7322                       |   40|   0|   40|          0|
    |tmp_1566_reg_7377                       |   40|   0|   40|          0|
    |tmp_1567_reg_7456                       |   40|   0|   40|          0|
    |tmp_1569_reg_7512                       |   40|   0|   40|          0|
    |tmp_1570_reg_7597                       |   40|   0|   40|          0|
    |tmp_1572_reg_7183                       |   40|   0|   40|          0|
    |tmp_1573_reg_7327                       |   40|   0|   40|          0|
    |tmp_1574_reg_7387                       |   40|   0|   40|          0|
    |tmp_1575_reg_7461                       |   40|   0|   40|          0|
    |tmp_1576_reg_7517                       |   40|   0|   40|          0|
    |tmp_1577_reg_7602                       |   40|   0|   40|          0|
    |tmp_1578_reg_7664                       |   40|   0|   40|          0|
    |tmp_1580_reg_7337                       |   40|   0|   40|          0|
    |tmp_1581_reg_7392                       |   40|   0|   40|          0|
    |tmp_1582_reg_7466                       |   40|   0|   40|          0|
    |tmp_1583_reg_7522                       |   40|   0|   40|          0|
    |tmp_1585_reg_7607                       |   40|   0|   40|          0|
    |tmp_1586_reg_7669                       |   40|   0|   40|          0|
    |tmp_1588_reg_7397                       |   40|   0|   40|          0|
    |tmp_1589_reg_7471                       |   40|   0|   40|          0|
    |tmp_1590_reg_7527                       |   40|   0|   40|          0|
    |tmp_1591_reg_7612                       |   40|   0|   40|          0|
    |tmp_1592_reg_7224                       |   39|   0|   39|          0|
    |tmp_1593_reg_7674                       |   40|   0|   40|          0|
    |tmp_1594_reg_7729                       |   40|   0|   40|          0|
    |tmp_1596_reg_7476                       |   40|   0|   40|          0|
    |tmp_1597_reg_7532                       |   40|   0|   40|          0|
    |tmp_1598_reg_7617                       |   40|   0|   40|          0|
    |tmp_1599_reg_7679                       |   40|   0|   40|          0|
    |tmp_1601_reg_7734                       |   40|   0|   40|          0|
    |tmp_1602_reg_7794                       |   40|   0|   40|          0|
    |tmp_1604_reg_7537                       |   40|   0|   40|          0|
    |tmp_1605_reg_7622                       |   40|   0|   40|          0|
    |tmp_1606_reg_7684                       |   40|   0|   40|          0|
    |tmp_1607_reg_7739                       |   40|   0|   40|          0|
    |tmp_1608_reg_7252                       |   38|   0|   38|          0|
    |tmp_1609_reg_7799                       |   40|   0|   40|          0|
    |tmp_1610_reg_7859                       |   40|   0|   40|          0|
    |tmp_1612_reg_7547                       |   40|   0|   40|          0|
    |tmp_1613_reg_7627                       |   40|   0|   40|          0|
    |tmp_1614_reg_7689                       |   40|   0|   40|          0|
    |tmp_1615_reg_7744                       |   40|   0|   40|          0|
    |tmp_1616_reg_7804                       |   40|   0|   40|          0|
    |tmp_1617_reg_7864                       |   40|   0|   40|          0|
    |tmp_1618_reg_7919                       |   40|   0|   40|          0|
    |tmp_1621_reg_7749                       |   40|   0|   40|          0|
    |tmp_1622_reg_7809                       |   40|   0|   40|          0|
    |tmp_1623_reg_7869                       |   40|   0|   40|          0|
    |tmp_1625_reg_7924                       |   40|   0|   40|          0|
    |tmp_1626_reg_7980                       |   40|   0|   40|          0|
    |tmp_1628_reg_7699                       |   40|   0|   40|          0|
    |tmp_1629_reg_7754                       |   40|   0|   40|          0|
    |tmp_1630_reg_7814                       |   40|   0|   40|          0|
    |tmp_1631_reg_7874                       |   40|   0|   40|          0|
    |tmp_1632_reg_7929                       |   40|   0|   40|          0|
    |tmp_1633_reg_7985                       |   40|   0|   40|          0|
    |tmp_1634_reg_8035                       |   40|   0|   40|          0|
    |tmp_1637_reg_7879                       |   40|   0|   40|          0|
    |tmp_1638_reg_7934                       |   40|   0|   40|          0|
    |tmp_1639_reg_7990                       |   40|   0|   40|          0|
    |tmp_1640_reg_7257                       |   39|   0|   39|          0|
    |tmp_1641_reg_8040                       |   40|   0|   40|          0|
    |tmp_1642_reg_8080                       |   40|   0|   40|          0|
    |tmp_1644_reg_7829                       |   40|   0|   40|          0|
    |tmp_1645_reg_7884                       |   40|   0|   40|          0|
    |tmp_1646_reg_7939                       |   40|   0|   40|          0|
    |tmp_1647_reg_7995                       |   40|   0|   40|          0|
    |tmp_1648_reg_8045                       |   40|   0|   40|          0|
    |tmp_1649_reg_8085                       |   40|   0|   40|          0|
    |tmp_1650_reg_8135                       |   40|   0|   40|          0|
    |tmp_1652_reg_7889                       |   40|   0|   40|          0|
    |tmp_1653_reg_7944                       |   40|   0|   40|          0|
    |tmp_1654_reg_8000                       |   40|   0|   40|          0|
    |tmp_1655_reg_8050                       |   40|   0|   40|          0|
    |tmp_1656_reg_8090                       |   40|   0|   40|          0|
    |tmp_1657_reg_8140                       |   40|   0|   40|          0|
    |tmp_1658_reg_8165                       |   40|   0|   40|          0|
    |tmp_1660_reg_8005                       |   40|   0|   40|          0|
    |tmp_1661_reg_8060                       |   40|   0|   40|          0|
    |tmp_1662_reg_8100                       |   40|   0|   40|          0|
    |tmp_1663_reg_8145                       |   40|   0|   40|          0|
    |tmp_1665_reg_8170                       |   40|   0|   40|          0|
    |tmp_1666_reg_8190                       |   40|   0|   40|          0|
    |tmp_1668_reg_8015                       |   40|   0|   40|          0|
    |tmp_1669_reg_8065                       |   40|   0|   40|          0|
    |tmp_1670_reg_8110                       |   40|   0|   40|          0|
    |tmp_1671_reg_8150                       |   40|   0|   40|          0|
    |tmp_1672_reg_8175                       |   40|   0|   40|          0|
    |tmp_1673_reg_8195                       |   40|   0|   40|          0|
    |tmp_1674_reg_8210                       |   40|   0|   40|          0|
    |tmp_1687_reg_7694                       |   37|   0|   37|          0|
    |tmp_1689_reg_7819                       |   36|   0|   36|          0|
    |tmp_1691_reg_7949                       |   39|   0|   39|          0|
    |tmp_reg_6961                            |   40|   0|   40|          0|
    |tmp_s_reg_7002                          |   40|   0|   40|          0|
    |trunc_ln47_206_reg_7139                 |   38|   0|   38|          0|
    |trunc_ln47_208_reg_7267                 |   39|   0|   39|          0|
    |trunc_ln47_210_reg_7188                 |   35|   0|   35|          0|
    |trunc_ln47_214_reg_7402                 |   38|   0|   38|          0|
    |trunc_ln47_216_reg_7481                 |   37|   0|   37|          0|
    |trunc_ln47_219_reg_7632                 |   34|   0|   34|          0|
    |trunc_ln47_222_reg_7759                 |   33|   0|   33|          0|
    |trunc_ln47_228_reg_7954                 |   39|   0|   39|          0|
    |win1_fu_488                             |   40|   0|   40|          0|
    |win1_load_reg_6923                      |   40|   0|   40|          0|
    +----------------------------------------+-----+----+-----+-----------+
    |Total                                   |14810|   0|14810|          0|
    +----------------------------------------+-----+----+-----+-----------+



================================================================
== Interface
================================================================
* Summary: 
+--------------------------+-----+-----+------------+--------------+--------------+
|         RTL Ports        | Dir | Bits|  Protocol  | Source Object|    C Type    |
+--------------------------+-----+-----+------------+--------------+--------------+
|ap_clk                    |   in|    1|  ap_ctrl_hs|         conv1|  return value|
|ap_rst                    |   in|    1|  ap_ctrl_hs|         conv1|  return value|
|ap_start                  |   in|    1|  ap_ctrl_hs|         conv1|  return value|
|start_full_n              |   in|    1|  ap_ctrl_hs|         conv1|  return value|
|ap_done                   |  out|    1|  ap_ctrl_hs|         conv1|  return value|
|ap_continue               |   in|    1|  ap_ctrl_hs|         conv1|  return value|
|ap_idle                   |  out|    1|  ap_ctrl_hs|         conv1|  return value|
|ap_ready                  |  out|    1|  ap_ctrl_hs|         conv1|  return value|
|start_out                 |  out|    1|  ap_ctrl_hs|         conv1|  return value|
|start_write               |  out|    1|  ap_ctrl_hs|         conv1|  return value|
|conv1_out_din             |  out|   40|     ap_fifo|     conv1_out|       pointer|
|conv1_out_num_data_valid  |   in|    2|     ap_fifo|     conv1_out|       pointer|
|conv1_out_fifo_cap        |   in|    2|     ap_fifo|     conv1_out|       pointer|
|conv1_out_full_n          |   in|    1|     ap_fifo|     conv1_out|       pointer|
|conv1_out_write           |  out|    1|     ap_fifo|     conv1_out|       pointer|
|full_in_TDATA             |   in|   40|        axis|       full_in|       pointer|
|full_in_TVALID            |   in|    1|        axis|       full_in|       pointer|
|full_in_TREADY            |  out|    1|        axis|       full_in|       pointer|
+--------------------------+-----+-----+------------+--------------+--------------+

