

================================================================
== Vitis HLS Report for 'sp_pool_ap_fixed_32_6_5_3_0_2'
================================================================
* Date:           Tue Feb 27 17:37:51 2024

* Version:        2022.1 (Build 3526262 on Mon Apr 18 15:47:01 MDT 2022)
* Project:        SoC
* Solution:       solution1 (Vivado IP Flow Target)
* Product family: zynquplus
* Target device:  xczu7ev-ffvc1156-2-e


================================================================
== Performance Estimates
================================================================
+ Timing: 
    * Summary: 
    +--------+----------+----------+------------+
    |  Clock |  Target  | Estimated| Uncertainty|
    +--------+----------+----------+------------+
    |ap_clk  |  10.00 ns|  6.866 ns|     2.70 ns|
    +--------+----------+----------+------------+

+ Latency: 
    * Summary: 
    +---------+---------+----------+----------+-----+-----+---------+
    |  Latency (cycles) |  Latency (absolute) |  Interval | Pipeline|
    |   min   |   max   |    min   |    max   | min | max |   Type  |
    +---------+---------+----------+----------+-----+-----+---------+
    |      522|      522|  5.220 us|  5.220 us|  522|  522|       no|
    +---------+---------+----------+----------+-----+-----+---------+

    + Detail: 
        * Instance: 
        +-------------------------------------------------------------------+-------------------------------------------------------+---------+---------+----------+----------+-----+-----+---------+
        |                                                                   |                                                       |  Latency (cycles) |  Latency (absolute) |  Interval | Pipeline|
        |                              Instance                             |                         Module                        |   min   |   max   |    min   |    max   | min | max |   Type  |
        +-------------------------------------------------------------------+-------------------------------------------------------+---------+---------+----------+----------+-----+-----+---------+
        |grp_sp_pool_ap_fixed_32_6_5_3_0_2_Pipeline_PHeight_PWidth_fu_1328  |sp_pool_ap_fixed_32_6_5_3_0_2_Pipeline_PHeight_PWidth  |      519|      519|  5.190 us|  5.190 us|  519|  519|       no|
        +-------------------------------------------------------------------+-------------------------------------------------------+---------+---------+----------+----------+-----+-----+---------+

        * Loop: 
        N/A



================================================================
== Utilization Estimates
================================================================
* Summary: 
+-----------------+---------+------+--------+--------+-----+
|       Name      | BRAM_18K|  DSP |   FF   |   LUT  | URAM|
+-----------------+---------+------+--------+--------+-----+
|DSP              |        -|     -|       -|       -|    -|
|Expression       |        -|     -|       -|       -|    -|
|FIFO             |        -|     -|       -|       -|    -|
|Instance         |        -|     -|    4704|    8543|    -|
|Memory           |        -|     -|       -|       -|    -|
|Multiplexer      |        -|     -|       -|     620|    -|
|Register         |        -|     -|       5|       -|    -|
+-----------------+---------+------+--------+--------+-----+
|Total            |        0|     0|    4709|    9163|    0|
+-----------------+---------+------+--------+--------+-----+
|Available        |      624|  1728|  460800|  230400|   96|
+-----------------+---------+------+--------+--------+-----+
|Utilization (%)  |        0|     0|       1|       3|    0|
+-----------------+---------+------+--------+--------+-----+

+ Detail: 
    * Instance: 
    +-------------------------------------------------------------------+-------------------------------------------------------+---------+----+------+------+-----+
    |                              Instance                             |                         Module                        | BRAM_18K| DSP|  FF  |  LUT | URAM|
    +-------------------------------------------------------------------+-------------------------------------------------------+---------+----+------+------+-----+
    |grp_sp_pool_ap_fixed_32_6_5_3_0_2_Pipeline_PHeight_PWidth_fu_1328  |sp_pool_ap_fixed_32_6_5_3_0_2_Pipeline_PHeight_PWidth  |        0|   0|  4704|  8543|    0|
    +-------------------------------------------------------------------+-------------------------------------------------------+---------+----+------+------+-----+
    |Total                                                              |                                                       |        0|   0|  4704|  8543|    0|
    +-------------------------------------------------------------------+-------------------------------------------------------+---------+----+------+------+-----+

    * DSP: 
    N/A

    * Memory: 
    N/A

    * FIFO: 
    N/A

    * Expression: 
    N/A

    * Multiplexer: 
    +------------------------+----+-----------+-----+-----------+
    |          Name          | LUT| Input Size| Bits| Total Bits|
    +------------------------+----+-----------+-----+-----------+
    |ap_NS_fsm               |  26|          5|    1|          5|
    |conv3_out21_read        |   9|          2|    1|          2|
    |full_out_float16_write  |   9|          2|    1|          2|
    |pool_buf_0_o            |   9|          2|   32|         64|
    |pool_buf_10_o           |   9|          2|   32|         64|
    |pool_buf_11_o           |   9|          2|   32|         64|
    |pool_buf_12_o           |   9|          2|   32|         64|
    |pool_buf_13_o           |   9|          2|   32|         64|
    |pool_buf_14_o           |   9|          2|   32|         64|
    |pool_buf_15_o           |   9|          2|   32|         64|
    |pool_buf_16_o           |   9|          2|   32|         64|
    |pool_buf_17_o           |   9|          2|   32|         64|
    |pool_buf_18_o           |   9|          2|   32|         64|
    |pool_buf_19_o           |   9|          2|   32|         64|
    |pool_buf_1_o            |   9|          2|   32|         64|
    |pool_buf_20_o           |   9|          2|   32|         64|
    |pool_buf_21_o           |   9|          2|   32|         64|
    |pool_buf_22_o           |   9|          2|   32|         64|
    |pool_buf_23_o           |   9|          2|   32|         64|
    |pool_buf_24_o           |   9|          2|   32|         64|
    |pool_buf_25_o           |   9|          2|   32|         64|
    |pool_buf_26_o           |   9|          2|   32|         64|
    |pool_buf_27_o           |   9|          2|   32|         64|
    |pool_buf_28_o           |   9|          2|   32|         64|
    |pool_buf_29_o           |   9|          2|   32|         64|
    |pool_buf_2_o            |   9|          2|   32|         64|
    |pool_buf_30_o           |   9|          2|   32|         64|
    |pool_buf_31_o           |   9|          2|   32|         64|
    |pool_buf_32_o           |   9|          2|   32|         64|
    |pool_buf_33_o           |   9|          2|   32|         64|
    |pool_buf_34_o           |   9|          2|   32|         64|
    |pool_buf_35_o           |   9|          2|   32|         64|
    |pool_buf_36_o           |   9|          2|   32|         64|
    |pool_buf_37_o           |   9|          2|   32|         64|
    |pool_buf_38_o           |   9|          2|   32|         64|
    |pool_buf_39_o           |   9|          2|   32|         64|
    |pool_buf_3_o            |   9|          2|   32|         64|
    |pool_buf_40_o           |   9|          2|   32|         64|
    |pool_buf_41_o           |   9|          2|   32|         64|
    |pool_buf_42_o           |   9|          2|   32|         64|
    |pool_buf_43_o           |   9|          2|   32|         64|
    |pool_buf_44_o           |   9|          2|   32|         64|
    |pool_buf_45_o           |   9|          2|   32|         64|
    |pool_buf_46_o           |   9|          2|   32|         64|
    |pool_buf_47_o           |   9|          2|   32|         64|
    |pool_buf_48_o           |   9|          2|   32|         64|
    |pool_buf_49_o           |   9|          2|   32|         64|
    |pool_buf_4_o            |   9|          2|   32|         64|
    |pool_buf_50_o           |   9|          2|   32|         64|
    |pool_buf_51_o           |   9|          2|   32|         64|
    |pool_buf_52_o           |   9|          2|   32|         64|
    |pool_buf_53_o           |   9|          2|   32|         64|
    |pool_buf_54_o           |   9|          2|   32|         64|
    |pool_buf_55_o           |   9|          2|   32|         64|
    |pool_buf_56_o           |   9|          2|   32|         64|
    |pool_buf_57_o           |   9|          2|   32|         64|
    |pool_buf_58_o           |   9|          2|   32|         64|
    |pool_buf_59_o           |   9|          2|   32|         64|
    |pool_buf_5_o            |   9|          2|   32|         64|
    |pool_buf_60_o           |   9|          2|   32|         64|
    |pool_buf_61_o           |   9|          2|   32|         64|
    |pool_buf_62_o           |   9|          2|   32|         64|
    |pool_buf_63_o           |   9|          2|   32|         64|
    |pool_buf_6_o            |   9|          2|   32|         64|
    |pool_buf_7_o            |   9|          2|   32|         64|
    |pool_buf_8_o            |   9|          2|   32|         64|
    |pool_buf_9_o            |   9|          2|   32|         64|
    +------------------------+----+-----------+-----+-----------+
    |Total                   | 620|        137| 2051|       4105|
    +------------------------+----+-----------+-----+-----------+

    * Register: 
    +--------------------------------------------------------------------------------+---+----+-----+-----------+
    |                                      Name                                      | FF| LUT| Bits| Const Bits|
    +--------------------------------------------------------------------------------+---+----+-----+-----------+
    |ap_CS_fsm                                                                       |  4|   0|    4|          0|
    |grp_sp_pool_ap_fixed_32_6_5_3_0_2_Pipeline_PHeight_PWidth_fu_1328_ap_start_reg  |  1|   0|    1|          0|
    +--------------------------------------------------------------------------------+---+----+-----+-----------+
    |Total                                                                           |  5|   0|    5|          0|
    +--------------------------------------------------------------------------------+---+----+-----+-----------+



================================================================
== Interface
================================================================
* Summary: 
+---------------------------------+-----+-----+------------+--------------------------------------+--------------+
|            RTL Ports            | Dir | Bits|  Protocol  |             Source Object            |    C Type    |
+---------------------------------+-----+-----+------------+--------------------------------------+--------------+
|ap_clk                           |   in|    1|  ap_ctrl_hs|  sp_pool<ap_fixed<32, 6, 5, 3, 0> >.2|  return value|
|ap_rst                           |   in|    1|  ap_ctrl_hs|  sp_pool<ap_fixed<32, 6, 5, 3, 0> >.2|  return value|
|ap_start                         |   in|    1|  ap_ctrl_hs|  sp_pool<ap_fixed<32, 6, 5, 3, 0> >.2|  return value|
|ap_done                          |  out|    1|  ap_ctrl_hs|  sp_pool<ap_fixed<32, 6, 5, 3, 0> >.2|  return value|
|ap_idle                          |  out|    1|  ap_ctrl_hs|  sp_pool<ap_fixed<32, 6, 5, 3, 0> >.2|  return value|
|ap_ready                         |  out|    1|  ap_ctrl_hs|  sp_pool<ap_fixed<32, 6, 5, 3, 0> >.2|  return value|
|pool_buf_0_i                     |   in|   32|     ap_ovld|                            pool_buf_0|       pointer|
|pool_buf_0_o                     |  out|   32|     ap_ovld|                            pool_buf_0|       pointer|
|pool_buf_0_o_ap_vld              |  out|    1|     ap_ovld|                            pool_buf_0|       pointer|
|pool_buf_1_i                     |   in|   32|     ap_ovld|                            pool_buf_1|       pointer|
|pool_buf_1_o                     |  out|   32|     ap_ovld|                            pool_buf_1|       pointer|
|pool_buf_1_o_ap_vld              |  out|    1|     ap_ovld|                            pool_buf_1|       pointer|
|pool_buf_2_i                     |   in|   32|     ap_ovld|                            pool_buf_2|       pointer|
|pool_buf_2_o                     |  out|   32|     ap_ovld|                            pool_buf_2|       pointer|
|pool_buf_2_o_ap_vld              |  out|    1|     ap_ovld|                            pool_buf_2|       pointer|
|pool_buf_3_i                     |   in|   32|     ap_ovld|                            pool_buf_3|       pointer|
|pool_buf_3_o                     |  out|   32|     ap_ovld|                            pool_buf_3|       pointer|
|pool_buf_3_o_ap_vld              |  out|    1|     ap_ovld|                            pool_buf_3|       pointer|
|pool_buf_4_i                     |   in|   32|     ap_ovld|                            pool_buf_4|       pointer|
|pool_buf_4_o                     |  out|   32|     ap_ovld|                            pool_buf_4|       pointer|
|pool_buf_4_o_ap_vld              |  out|    1|     ap_ovld|                            pool_buf_4|       pointer|
|pool_buf_5_i                     |   in|   32|     ap_ovld|                            pool_buf_5|       pointer|
|pool_buf_5_o                     |  out|   32|     ap_ovld|                            pool_buf_5|       pointer|
|pool_buf_5_o_ap_vld              |  out|    1|     ap_ovld|                            pool_buf_5|       pointer|
|pool_buf_6_i                     |   in|   32|     ap_ovld|                            pool_buf_6|       pointer|
|pool_buf_6_o                     |  out|   32|     ap_ovld|                            pool_buf_6|       pointer|
|pool_buf_6_o_ap_vld              |  out|    1|     ap_ovld|                            pool_buf_6|       pointer|
|pool_buf_7_i                     |   in|   32|     ap_ovld|                            pool_buf_7|       pointer|
|pool_buf_7_o                     |  out|   32|     ap_ovld|                            pool_buf_7|       pointer|
|pool_buf_7_o_ap_vld              |  out|    1|     ap_ovld|                            pool_buf_7|       pointer|
|pool_buf_8_i                     |   in|   32|     ap_ovld|                            pool_buf_8|       pointer|
|pool_buf_8_o                     |  out|   32|     ap_ovld|                            pool_buf_8|       pointer|
|pool_buf_8_o_ap_vld              |  out|    1|     ap_ovld|                            pool_buf_8|       pointer|
|pool_buf_9_i                     |   in|   32|     ap_ovld|                            pool_buf_9|       pointer|
|pool_buf_9_o                     |  out|   32|     ap_ovld|                            pool_buf_9|       pointer|
|pool_buf_9_o_ap_vld              |  out|    1|     ap_ovld|                            pool_buf_9|       pointer|
|pool_buf_10_i                    |   in|   32|     ap_ovld|                           pool_buf_10|       pointer|
|pool_buf_10_o                    |  out|   32|     ap_ovld|                           pool_buf_10|       pointer|
|pool_buf_10_o_ap_vld             |  out|    1|     ap_ovld|                           pool_buf_10|       pointer|
|pool_buf_11_i                    |   in|   32|     ap_ovld|                           pool_buf_11|       pointer|
|pool_buf_11_o                    |  out|   32|     ap_ovld|                           pool_buf_11|       pointer|
|pool_buf_11_o_ap_vld             |  out|    1|     ap_ovld|                           pool_buf_11|       pointer|
|pool_buf_12_i                    |   in|   32|     ap_ovld|                           pool_buf_12|       pointer|
|pool_buf_12_o                    |  out|   32|     ap_ovld|                           pool_buf_12|       pointer|
|pool_buf_12_o_ap_vld             |  out|    1|     ap_ovld|                           pool_buf_12|       pointer|
|pool_buf_13_i                    |   in|   32|     ap_ovld|                           pool_buf_13|       pointer|
|pool_buf_13_o                    |  out|   32|     ap_ovld|                           pool_buf_13|       pointer|
|pool_buf_13_o_ap_vld             |  out|    1|     ap_ovld|                           pool_buf_13|       pointer|
|pool_buf_14_i                    |   in|   32|     ap_ovld|                           pool_buf_14|       pointer|
|pool_buf_14_o                    |  out|   32|     ap_ovld|                           pool_buf_14|       pointer|
|pool_buf_14_o_ap_vld             |  out|    1|     ap_ovld|                           pool_buf_14|       pointer|
|pool_buf_15_i                    |   in|   32|     ap_ovld|                           pool_buf_15|       pointer|
|pool_buf_15_o                    |  out|   32|     ap_ovld|                           pool_buf_15|       pointer|
|pool_buf_15_o_ap_vld             |  out|    1|     ap_ovld|                           pool_buf_15|       pointer|
|pool_buf_16_i                    |   in|   32|     ap_ovld|                           pool_buf_16|       pointer|
|pool_buf_16_o                    |  out|   32|     ap_ovld|                           pool_buf_16|       pointer|
|pool_buf_16_o_ap_vld             |  out|    1|     ap_ovld|                           pool_buf_16|       pointer|
|pool_buf_17_i                    |   in|   32|     ap_ovld|                           pool_buf_17|       pointer|
|pool_buf_17_o                    |  out|   32|     ap_ovld|                           pool_buf_17|       pointer|
|pool_buf_17_o_ap_vld             |  out|    1|     ap_ovld|                           pool_buf_17|       pointer|
|pool_buf_18_i                    |   in|   32|     ap_ovld|                           pool_buf_18|       pointer|
|pool_buf_18_o                    |  out|   32|     ap_ovld|                           pool_buf_18|       pointer|
|pool_buf_18_o_ap_vld             |  out|    1|     ap_ovld|                           pool_buf_18|       pointer|
|pool_buf_19_i                    |   in|   32|     ap_ovld|                           pool_buf_19|       pointer|
|pool_buf_19_o                    |  out|   32|     ap_ovld|                           pool_buf_19|       pointer|
|pool_buf_19_o_ap_vld             |  out|    1|     ap_ovld|                           pool_buf_19|       pointer|
|pool_buf_20_i                    |   in|   32|     ap_ovld|                           pool_buf_20|       pointer|
|pool_buf_20_o                    |  out|   32|     ap_ovld|                           pool_buf_20|       pointer|
|pool_buf_20_o_ap_vld             |  out|    1|     ap_ovld|                           pool_buf_20|       pointer|
|pool_buf_21_i                    |   in|   32|     ap_ovld|                           pool_buf_21|       pointer|
|pool_buf_21_o                    |  out|   32|     ap_ovld|                           pool_buf_21|       pointer|
|pool_buf_21_o_ap_vld             |  out|    1|     ap_ovld|                           pool_buf_21|       pointer|
|pool_buf_22_i                    |   in|   32|     ap_ovld|                           pool_buf_22|       pointer|
|pool_buf_22_o                    |  out|   32|     ap_ovld|                           pool_buf_22|       pointer|
|pool_buf_22_o_ap_vld             |  out|    1|     ap_ovld|                           pool_buf_22|       pointer|
|pool_buf_23_i                    |   in|   32|     ap_ovld|                           pool_buf_23|       pointer|
|pool_buf_23_o                    |  out|   32|     ap_ovld|                           pool_buf_23|       pointer|
|pool_buf_23_o_ap_vld             |  out|    1|     ap_ovld|                           pool_buf_23|       pointer|
|pool_buf_24_i                    |   in|   32|     ap_ovld|                           pool_buf_24|       pointer|
|pool_buf_24_o                    |  out|   32|     ap_ovld|                           pool_buf_24|       pointer|
|pool_buf_24_o_ap_vld             |  out|    1|     ap_ovld|                           pool_buf_24|       pointer|
|pool_buf_25_i                    |   in|   32|     ap_ovld|                           pool_buf_25|       pointer|
|pool_buf_25_o                    |  out|   32|     ap_ovld|                           pool_buf_25|       pointer|
|pool_buf_25_o_ap_vld             |  out|    1|     ap_ovld|                           pool_buf_25|       pointer|
|pool_buf_26_i                    |   in|   32|     ap_ovld|                           pool_buf_26|       pointer|
|pool_buf_26_o                    |  out|   32|     ap_ovld|                           pool_buf_26|       pointer|
|pool_buf_26_o_ap_vld             |  out|    1|     ap_ovld|                           pool_buf_26|       pointer|
|pool_buf_27_i                    |   in|   32|     ap_ovld|                           pool_buf_27|       pointer|
|pool_buf_27_o                    |  out|   32|     ap_ovld|                           pool_buf_27|       pointer|
|pool_buf_27_o_ap_vld             |  out|    1|     ap_ovld|                           pool_buf_27|       pointer|
|pool_buf_28_i                    |   in|   32|     ap_ovld|                           pool_buf_28|       pointer|
|pool_buf_28_o                    |  out|   32|     ap_ovld|                           pool_buf_28|       pointer|
|pool_buf_28_o_ap_vld             |  out|    1|     ap_ovld|                           pool_buf_28|       pointer|
|pool_buf_29_i                    |   in|   32|     ap_ovld|                           pool_buf_29|       pointer|
|pool_buf_29_o                    |  out|   32|     ap_ovld|                           pool_buf_29|       pointer|
|pool_buf_29_o_ap_vld             |  out|    1|     ap_ovld|                           pool_buf_29|       pointer|
|pool_buf_30_i                    |   in|   32|     ap_ovld|                           pool_buf_30|       pointer|
|pool_buf_30_o                    |  out|   32|     ap_ovld|                           pool_buf_30|       pointer|
|pool_buf_30_o_ap_vld             |  out|    1|     ap_ovld|                           pool_buf_30|       pointer|
|pool_buf_31_i                    |   in|   32|     ap_ovld|                           pool_buf_31|       pointer|
|pool_buf_31_o                    |  out|   32|     ap_ovld|                           pool_buf_31|       pointer|
|pool_buf_31_o_ap_vld             |  out|    1|     ap_ovld|                           pool_buf_31|       pointer|
|pool_buf_32_i                    |   in|   32|     ap_ovld|                           pool_buf_32|       pointer|
|pool_buf_32_o                    |  out|   32|     ap_ovld|                           pool_buf_32|       pointer|
|pool_buf_32_o_ap_vld             |  out|    1|     ap_ovld|                           pool_buf_32|       pointer|
|pool_buf_33_i                    |   in|   32|     ap_ovld|                           pool_buf_33|       pointer|
|pool_buf_33_o                    |  out|   32|     ap_ovld|                           pool_buf_33|       pointer|
|pool_buf_33_o_ap_vld             |  out|    1|     ap_ovld|                           pool_buf_33|       pointer|
|pool_buf_34_i                    |   in|   32|     ap_ovld|                           pool_buf_34|       pointer|
|pool_buf_34_o                    |  out|   32|     ap_ovld|                           pool_buf_34|       pointer|
|pool_buf_34_o_ap_vld             |  out|    1|     ap_ovld|                           pool_buf_34|       pointer|
|pool_buf_35_i                    |   in|   32|     ap_ovld|                           pool_buf_35|       pointer|
|pool_buf_35_o                    |  out|   32|     ap_ovld|                           pool_buf_35|       pointer|
|pool_buf_35_o_ap_vld             |  out|    1|     ap_ovld|                           pool_buf_35|       pointer|
|pool_buf_36_i                    |   in|   32|     ap_ovld|                           pool_buf_36|       pointer|
|pool_buf_36_o                    |  out|   32|     ap_ovld|                           pool_buf_36|       pointer|
|pool_buf_36_o_ap_vld             |  out|    1|     ap_ovld|                           pool_buf_36|       pointer|
|pool_buf_37_i                    |   in|   32|     ap_ovld|                           pool_buf_37|       pointer|
|pool_buf_37_o                    |  out|   32|     ap_ovld|                           pool_buf_37|       pointer|
|pool_buf_37_o_ap_vld             |  out|    1|     ap_ovld|                           pool_buf_37|       pointer|
|pool_buf_38_i                    |   in|   32|     ap_ovld|                           pool_buf_38|       pointer|
|pool_buf_38_o                    |  out|   32|     ap_ovld|                           pool_buf_38|       pointer|
|pool_buf_38_o_ap_vld             |  out|    1|     ap_ovld|                           pool_buf_38|       pointer|
|pool_buf_39_i                    |   in|   32|     ap_ovld|                           pool_buf_39|       pointer|
|pool_buf_39_o                    |  out|   32|     ap_ovld|                           pool_buf_39|       pointer|
|pool_buf_39_o_ap_vld             |  out|    1|     ap_ovld|                           pool_buf_39|       pointer|
|pool_buf_40_i                    |   in|   32|     ap_ovld|                           pool_buf_40|       pointer|
|pool_buf_40_o                    |  out|   32|     ap_ovld|                           pool_buf_40|       pointer|
|pool_buf_40_o_ap_vld             |  out|    1|     ap_ovld|                           pool_buf_40|       pointer|
|pool_buf_41_i                    |   in|   32|     ap_ovld|                           pool_buf_41|       pointer|
|pool_buf_41_o                    |  out|   32|     ap_ovld|                           pool_buf_41|       pointer|
|pool_buf_41_o_ap_vld             |  out|    1|     ap_ovld|                           pool_buf_41|       pointer|
|pool_buf_42_i                    |   in|   32|     ap_ovld|                           pool_buf_42|       pointer|
|pool_buf_42_o                    |  out|   32|     ap_ovld|                           pool_buf_42|       pointer|
|pool_buf_42_o_ap_vld             |  out|    1|     ap_ovld|                           pool_buf_42|       pointer|
|pool_buf_43_i                    |   in|   32|     ap_ovld|                           pool_buf_43|       pointer|
|pool_buf_43_o                    |  out|   32|     ap_ovld|                           pool_buf_43|       pointer|
|pool_buf_43_o_ap_vld             |  out|    1|     ap_ovld|                           pool_buf_43|       pointer|
|pool_buf_44_i                    |   in|   32|     ap_ovld|                           pool_buf_44|       pointer|
|pool_buf_44_o                    |  out|   32|     ap_ovld|                           pool_buf_44|       pointer|
|pool_buf_44_o_ap_vld             |  out|    1|     ap_ovld|                           pool_buf_44|       pointer|
|pool_buf_45_i                    |   in|   32|     ap_ovld|                           pool_buf_45|       pointer|
|pool_buf_45_o                    |  out|   32|     ap_ovld|                           pool_buf_45|       pointer|
|pool_buf_45_o_ap_vld             |  out|    1|     ap_ovld|                           pool_buf_45|       pointer|
|pool_buf_46_i                    |   in|   32|     ap_ovld|                           pool_buf_46|       pointer|
|pool_buf_46_o                    |  out|   32|     ap_ovld|                           pool_buf_46|       pointer|
|pool_buf_46_o_ap_vld             |  out|    1|     ap_ovld|                           pool_buf_46|       pointer|
|pool_buf_47_i                    |   in|   32|     ap_ovld|                           pool_buf_47|       pointer|
|pool_buf_47_o                    |  out|   32|     ap_ovld|                           pool_buf_47|       pointer|
|pool_buf_47_o_ap_vld             |  out|    1|     ap_ovld|                           pool_buf_47|       pointer|
|pool_buf_48_i                    |   in|   32|     ap_ovld|                           pool_buf_48|       pointer|
|pool_buf_48_o                    |  out|   32|     ap_ovld|                           pool_buf_48|       pointer|
|pool_buf_48_o_ap_vld             |  out|    1|     ap_ovld|                           pool_buf_48|       pointer|
|pool_buf_49_i                    |   in|   32|     ap_ovld|                           pool_buf_49|       pointer|
|pool_buf_49_o                    |  out|   32|     ap_ovld|                           pool_buf_49|       pointer|
|pool_buf_49_o_ap_vld             |  out|    1|     ap_ovld|                           pool_buf_49|       pointer|
|pool_buf_50_i                    |   in|   32|     ap_ovld|                           pool_buf_50|       pointer|
|pool_buf_50_o                    |  out|   32|     ap_ovld|                           pool_buf_50|       pointer|
|pool_buf_50_o_ap_vld             |  out|    1|     ap_ovld|                           pool_buf_50|       pointer|
|pool_buf_51_i                    |   in|   32|     ap_ovld|                           pool_buf_51|       pointer|
|pool_buf_51_o                    |  out|   32|     ap_ovld|                           pool_buf_51|       pointer|
|pool_buf_51_o_ap_vld             |  out|    1|     ap_ovld|                           pool_buf_51|       pointer|
|pool_buf_52_i                    |   in|   32|     ap_ovld|                           pool_buf_52|       pointer|
|pool_buf_52_o                    |  out|   32|     ap_ovld|                           pool_buf_52|       pointer|
|pool_buf_52_o_ap_vld             |  out|    1|     ap_ovld|                           pool_buf_52|       pointer|
|pool_buf_53_i                    |   in|   32|     ap_ovld|                           pool_buf_53|       pointer|
|pool_buf_53_o                    |  out|   32|     ap_ovld|                           pool_buf_53|       pointer|
|pool_buf_53_o_ap_vld             |  out|    1|     ap_ovld|                           pool_buf_53|       pointer|
|pool_buf_54_i                    |   in|   32|     ap_ovld|                           pool_buf_54|       pointer|
|pool_buf_54_o                    |  out|   32|     ap_ovld|                           pool_buf_54|       pointer|
|pool_buf_54_o_ap_vld             |  out|    1|     ap_ovld|                           pool_buf_54|       pointer|
|pool_buf_55_i                    |   in|   32|     ap_ovld|                           pool_buf_55|       pointer|
|pool_buf_55_o                    |  out|   32|     ap_ovld|                           pool_buf_55|       pointer|
|pool_buf_55_o_ap_vld             |  out|    1|     ap_ovld|                           pool_buf_55|       pointer|
|pool_buf_56_i                    |   in|   32|     ap_ovld|                           pool_buf_56|       pointer|
|pool_buf_56_o                    |  out|   32|     ap_ovld|                           pool_buf_56|       pointer|
|pool_buf_56_o_ap_vld             |  out|    1|     ap_ovld|                           pool_buf_56|       pointer|
|pool_buf_57_i                    |   in|   32|     ap_ovld|                           pool_buf_57|       pointer|
|pool_buf_57_o                    |  out|   32|     ap_ovld|                           pool_buf_57|       pointer|
|pool_buf_57_o_ap_vld             |  out|    1|     ap_ovld|                           pool_buf_57|       pointer|
|pool_buf_58_i                    |   in|   32|     ap_ovld|                           pool_buf_58|       pointer|
|pool_buf_58_o                    |  out|   32|     ap_ovld|                           pool_buf_58|       pointer|
|pool_buf_58_o_ap_vld             |  out|    1|     ap_ovld|                           pool_buf_58|       pointer|
|pool_buf_59_i                    |   in|   32|     ap_ovld|                           pool_buf_59|       pointer|
|pool_buf_59_o                    |  out|   32|     ap_ovld|                           pool_buf_59|       pointer|
|pool_buf_59_o_ap_vld             |  out|    1|     ap_ovld|                           pool_buf_59|       pointer|
|pool_buf_60_i                    |   in|   32|     ap_ovld|                           pool_buf_60|       pointer|
|pool_buf_60_o                    |  out|   32|     ap_ovld|                           pool_buf_60|       pointer|
|pool_buf_60_o_ap_vld             |  out|    1|     ap_ovld|                           pool_buf_60|       pointer|
|pool_buf_61_i                    |   in|   32|     ap_ovld|                           pool_buf_61|       pointer|
|pool_buf_61_o                    |  out|   32|     ap_ovld|                           pool_buf_61|       pointer|
|pool_buf_61_o_ap_vld             |  out|    1|     ap_ovld|                           pool_buf_61|       pointer|
|pool_buf_62_i                    |   in|   32|     ap_ovld|                           pool_buf_62|       pointer|
|pool_buf_62_o                    |  out|   32|     ap_ovld|                           pool_buf_62|       pointer|
|pool_buf_62_o_ap_vld             |  out|    1|     ap_ovld|                           pool_buf_62|       pointer|
|pool_buf_63_i                    |   in|   32|     ap_ovld|                           pool_buf_63|       pointer|
|pool_buf_63_o                    |  out|   32|     ap_ovld|                           pool_buf_63|       pointer|
|pool_buf_63_o_ap_vld             |  out|    1|     ap_ovld|                           pool_buf_63|       pointer|
|conv3_out21_dout                 |   in|   32|     ap_fifo|                           conv3_out21|       pointer|
|conv3_out21_num_data_valid       |   in|    2|     ap_fifo|                           conv3_out21|       pointer|
|conv3_out21_fifo_cap             |   in|    2|     ap_fifo|                           conv3_out21|       pointer|
|conv3_out21_empty_n              |   in|    1|     ap_fifo|                           conv3_out21|       pointer|
|conv3_out21_read                 |  out|    1|     ap_fifo|                           conv3_out21|       pointer|
|full_out_float16_din             |  out|   32|     ap_fifo|                      full_out_float16|       pointer|
|full_out_float16_num_data_valid  |   in|    2|     ap_fifo|                      full_out_float16|       pointer|
|full_out_float16_fifo_cap        |   in|    2|     ap_fifo|                      full_out_float16|       pointer|
|full_out_float16_full_n          |   in|    1|     ap_fifo|                      full_out_float16|       pointer|
|full_out_float16_write           |  out|    1|     ap_fifo|                      full_out_float16|       pointer|
+---------------------------------+-----+-----+------------+--------------------------------------+--------------+

